Archive member included to satisfy reference by file (symbol)

d:/clionapp/gcc-arm-none-eabi/bin/../lib/gcc/arm-none-eabi/9.3.1/../../../../arm-none-eabi/lib/thumb/v7e-m+fp/hard\libm.a(lib_a-s_modf.o)
                              CMakeFiles/RT1064.elf.dir/nxp_libraries/utilities/str/fsl_str.c.obj (modf)
d:/clionapp/gcc-arm-none-eabi/bin/../lib/gcc/arm-none-eabi/9.3.1/../../../../arm-none-eabi/lib/thumb/v7e-m+fp/hard\libm.a(lib_a-w_pow.o)
                              CMakeFiles/RT1064.elf.dir/nxp_libraries/utilities/str/fsl_str.c.obj (pow)
d:/clionapp/gcc-arm-none-eabi/bin/../lib/gcc/arm-none-eabi/9.3.1/../../../../arm-none-eabi/lib/thumb/v7e-m+fp/hard\libm.a(lib_a-e_pow.o)
                              d:/clionapp/gcc-arm-none-eabi/bin/../lib/gcc/arm-none-eabi/9.3.1/../../../../arm-none-eabi/lib/thumb/v7e-m+fp/hard\libm.a(lib_a-w_pow.o) (__ieee754_pow)
d:/clionapp/gcc-arm-none-eabi/bin/../lib/gcc/arm-none-eabi/9.3.1/../../../../arm-none-eabi/lib/thumb/v7e-m+fp/hard\libm.a(lib_a-e_sqrt.o)
                              d:/clionapp/gcc-arm-none-eabi/bin/../lib/gcc/arm-none-eabi/9.3.1/../../../../arm-none-eabi/lib/thumb/v7e-m+fp/hard\libm.a(lib_a-e_pow.o) (__ieee754_sqrt)
d:/clionapp/gcc-arm-none-eabi/bin/../lib/gcc/arm-none-eabi/9.3.1/../../../../arm-none-eabi/lib/thumb/v7e-m+fp/hard\libm.a(lib_a-s_fabs.o)
                              d:/clionapp/gcc-arm-none-eabi/bin/../lib/gcc/arm-none-eabi/9.3.1/../../../../arm-none-eabi/lib/thumb/v7e-m+fp/hard\libm.a(lib_a-e_pow.o) (fabs)
d:/clionapp/gcc-arm-none-eabi/bin/../lib/gcc/arm-none-eabi/9.3.1/../../../../arm-none-eabi/lib/thumb/v7e-m+fp/hard\libm.a(lib_a-s_finite.o)
                              d:/clionapp/gcc-arm-none-eabi/bin/../lib/gcc/arm-none-eabi/9.3.1/../../../../arm-none-eabi/lib/thumb/v7e-m+fp/hard\libm.a(lib_a-w_pow.o) (finite)
d:/clionapp/gcc-arm-none-eabi/bin/../lib/gcc/arm-none-eabi/9.3.1/../../../../arm-none-eabi/lib/thumb/v7e-m+fp/hard\libm.a(lib_a-s_lib_ver.o)
                              d:/clionapp/gcc-arm-none-eabi/bin/../lib/gcc/arm-none-eabi/9.3.1/../../../../arm-none-eabi/lib/thumb/v7e-m+fp/hard\libm.a(lib_a-w_pow.o) (__fdlib_version)
d:/clionapp/gcc-arm-none-eabi/bin/../lib/gcc/arm-none-eabi/9.3.1/../../../../arm-none-eabi/lib/thumb/v7e-m+fp/hard\libm.a(lib_a-s_nan.o)
                              d:/clionapp/gcc-arm-none-eabi/bin/../lib/gcc/arm-none-eabi/9.3.1/../../../../arm-none-eabi/lib/thumb/v7e-m+fp/hard\libm.a(lib_a-e_pow.o) (nan)
d:/clionapp/gcc-arm-none-eabi/bin/../lib/gcc/arm-none-eabi/9.3.1/../../../../arm-none-eabi/lib/thumb/v7e-m+fp/hard\libm.a(lib_a-s_rint.o)
                              d:/clionapp/gcc-arm-none-eabi/bin/../lib/gcc/arm-none-eabi/9.3.1/../../../../arm-none-eabi/lib/thumb/v7e-m+fp/hard\libm.a(lib_a-w_pow.o) (rint)
d:/clionapp/gcc-arm-none-eabi/bin/../lib/gcc/arm-none-eabi/9.3.1/../../../../arm-none-eabi/lib/thumb/v7e-m+fp/hard\libm.a(lib_a-s_scalbn.o)
                              d:/clionapp/gcc-arm-none-eabi/bin/../lib/gcc/arm-none-eabi/9.3.1/../../../../arm-none-eabi/lib/thumb/v7e-m+fp/hard\libm.a(lib_a-e_pow.o) (scalbn)
d:/clionapp/gcc-arm-none-eabi/bin/../lib/gcc/arm-none-eabi/9.3.1/thumb/v7e-m+fp/hard\libgcc.a(_arm_muldf3.o)
                              CMakeFiles/RT1064.elf.dir/CODE/Motor.c.obj (__aeabi_dmul)
d:/clionapp/gcc-arm-none-eabi/bin/../lib/gcc/arm-none-eabi/9.3.1/thumb/v7e-m+fp/hard\libgcc.a(_arm_addsubdf3.o)
                              CMakeFiles/RT1064.elf.dir/CODE/ADC.c.obj (__aeabi_dsub)
d:/clionapp/gcc-arm-none-eabi/bin/../lib/gcc/arm-none-eabi/9.3.1/thumb/v7e-m+fp/hard\libgcc.a(_arm_muldivdf3.o)
                              CMakeFiles/RT1064.elf.dir/nxp_libraries/utilities/str/fsl_str.c.obj (__aeabi_ddiv)
d:/clionapp/gcc-arm-none-eabi/bin/../lib/gcc/arm-none-eabi/9.3.1/thumb/v7e-m+fp/hard\libgcc.a(_arm_cmpdf2.o)
                              CMakeFiles/RT1064.elf.dir/CODE/fastmath.c.obj (__aeabi_dcmpeq)
d:/clionapp/gcc-arm-none-eabi/bin/../lib/gcc/arm-none-eabi/9.3.1/thumb/v7e-m+fp/hard\libgcc.a(_arm_unorddf2.o)
                              d:/clionapp/gcc-arm-none-eabi/bin/../lib/gcc/arm-none-eabi/9.3.1/../../../../arm-none-eabi/lib/thumb/v7e-m+fp/hard\libm.a(lib_a-w_pow.o) (__aeabi_dcmpun)
d:/clionapp/gcc-arm-none-eabi/bin/../lib/gcc/arm-none-eabi/9.3.1/thumb/v7e-m+fp/hard\libgcc.a(_arm_fixdfsi.o)
                              CMakeFiles/RT1064.elf.dir/CODE/Steer.c.obj (__aeabi_d2iz)
d:/clionapp/gcc-arm-none-eabi/bin/../lib/gcc/arm-none-eabi/9.3.1/thumb/v7e-m+fp/hard\libgcc.a(_arm_truncdfsf2.o)
                              CMakeFiles/RT1064.elf.dir/CODE/Motor.c.obj (__aeabi_d2f)
d:/clionapp/gcc-arm-none-eabi/bin/../lib/gcc/arm-none-eabi/9.3.1/thumb/v7e-m+fp/hard\libgcc.a(_aeabi_ldivmod.o)
                              CMakeFiles/RT1064.elf.dir/nxp_libraries/utilities/str/fsl_str.c.obj (__aeabi_ldivmod)
d:/clionapp/gcc-arm-none-eabi/bin/../lib/gcc/arm-none-eabi/9.3.1/thumb/v7e-m+fp/hard\libgcc.a(_aeabi_uldivmod.o)
[...]
Memory Configuration

Name             Origin             Length             Attributes
m_flash_config   0x70000000         0x00001000         xr
m_ivt            0x70001000         0x00001000         xr
m_interrupts     0x70002000         0x00000400         xr
m_text           0x70002400         0x003fdc00         xr
m_data           0x20000000         0x00020000         rw
m_data2          0x20200000         0x000c0000         rw
*default*        0x00000000         0xffffffff

Linker script and memory map

LOAD d:/clionapp/gcc-arm-none-eabi/bin/../lib/gcc/arm-none-eabi/9.3.1/thumb/v7e-m+fp/hard/crti.o
LOAD d:/clionapp/gcc-arm-none-eabi/bin/../lib/gcc/arm-none-eabi/9.3.1/thumb/v7e-m+fp/hard/crtbegin.o
LOAD d:/clionapp/gcc-arm-none-eabi/bin/../lib/gcc/arm-none-eabi/9.3.1/../../../../arm-none-eabi/lib/thumb/v7e-m+fp/hard/crt0.o
LOAD CMakeFiles/RT1064.elf.dir/CODE/ADC.c.obj
LOAD CMakeFiles/RT1064.elf.dir/CODE/ANO_DT.c.obj
LOAD CMakeFiles/RT1064.elf.dir/CODE/ART.c.obj
LOAD CMakeFiles/RT1064.elf.dir/CODE/Interactive.c.obj
LOAD CMakeFiles/RT1064.elf.dir/CODE/Motor.c.obj
LOAD CMakeFiles/RT1064.elf.dir/CODE/PID.c.obj
LOAD CMakeFiles/RT1064.elf.dir/CODE/Steer.c.obj
LOAD CMakeFiles/RT1064.elf.dir/CODE/Text.c.obj
LOAD CMakeFiles/RT1064.elf.dir/CODE/Uart.c.obj
LOAD CMakeFiles/RT1064.elf.dir/CODE/fastmath.c.obj
LOAD CMakeFiles/RT1064.elf.dir/CODE/isr.c.obj
LOAD CMakeFiles/RT1064.elf.dir/USER/main.c.obj
LOAD CMakeFiles/RT1064.elf.dir/nxp_libraries/components/lists/generic_list.c.obj
LOAD CMakeFiles/RT1064.elf.dir/nxp_libraries/components/serial_manager/serial_manager.c.obj
LOAD CMakeFiles/RT1064.elf.dir/nxp_libraries/components/serial_manager/serial_port_uart.c.obj
LOAD CMakeFiles/RT1064.elf.dir/nxp_libraries/components/uart/lpuart_adapter.c.obj
LOAD CMakeFiles/RT1064.elf.dir/nxp_libraries/deceive/system_MIMXRT1064.c.obj
LOAD CMakeFiles/RT1064.elf.dir/nxp_libraries/drives/fsl_adc.c.obj
LOAD CMakeFiles/RT1064.elf.dir/nxp_libraries/drives/fsl_adc_etc.c.obj
LOAD CMakeFiles/RT1064.elf.dir/nxp_libraries/drives/fsl_aipstz.c.obj
LOAD CMakeFiles/RT1064.elf.dir/nxp_libraries/drives/fsl_aoi.c.obj
LOAD CMakeFiles/RT1064.elf.dir/nxp_libraries/drives/fsl_bee.c.obj
LOAD CMakeFiles/RT1064.elf.dir/nxp_libraries/drives/fsl_cache.c.obj
LOAD CMakeFiles/RT1064.elf.dir/nxp_libraries/drives/fsl_clock.c.obj
LOAD CMakeFiles/RT1064.elf.dir/nxp_libraries/drives/fsl_cmp.c.obj
LOAD CMakeFiles/RT1064.elf.dir/nxp_libraries/drives/fsl_common.c.obj
LOAD CMakeFiles/RT1064.elf.dir/nxp_libraries/drives/fsl_csi.c.obj
LOAD CMakeFiles/RT1064.elf.dir/nxp_libraries/drives/fsl_dcdc.c.obj
LOAD CMakeFiles/RT1064.elf.dir/nxp_libraries/drives/fsl_dcp.c.obj
LOAD CMakeFiles/RT1064.elf.dir/nxp_libraries/drives/fsl_dmamux.c.obj
LOAD CMakeFiles/RT1064.elf.dir/nxp_libraries/drives/fsl_edma.c.obj
LOAD CMakeFiles/RT1064.elf.dir/nxp_libraries/drives/fsl_elcdif.c.obj
LOAD CMakeFiles/RT1064.elf.dir/nxp_libraries/drives/fsl_enc.c.obj
LOAD CMakeFiles/RT1064.elf.dir/nxp_libraries/drives/fsl_enet.c.obj
LOAD CMakeFiles/RT1064.elf.dir/nxp_libraries/drives/fsl_ewm.c.obj
LOAD CMakeFiles/RT1064.elf.dir/nxp_libraries/drives/fsl_flexcan.c.obj
LOAD CMakeFiles/RT1064.elf.dir/nxp_libraries/drives/fsl_flexio.c.obj
LOAD CMakeFiles/RT1064.elf.dir/nxp_libraries/drives/fsl_flexio_camera.c.obj
LOAD CMakeFiles/RT1064.elf.dir/nxp_libraries/drives/fsl_flexio_i2c_master.c.obj
LOAD CMakeFiles/RT1064.elf.dir/nxp_libraries/drives/fsl_flexio_i2s.c.obj
LOAD CMakeFiles/RT1064.elf.dir/nxp_libraries/drives/fsl_flexio_i2s_edma.c.obj
LOAD CMakeFiles/RT1064.elf.dir/nxp_libraries/drives/fsl_flexio_spi.c.obj
LOAD CMakeFiles/RT1064.elf.dir/nxp_libraries/drives/fsl_flexio_spi_edma.c.obj
LOAD CMakeFiles/RT1064.elf.dir/nxp_libraries/drives/fsl_flexio_uart.c.obj
LOAD CMakeFiles/RT1064.elf.dir/nxp_libraries/drives/fsl_flexio_uart_edma.c.obj
LOAD CMakeFiles/RT1064.elf.dir/nxp_libraries/drives/fsl_flexram.c.obj
LOAD CMakeFiles/RT1064.elf.dir/nxp_libraries/drives/fsl_flexspi.c.obj
LOAD CMakeFiles/RT1064.elf.dir/nxp_libraries/drives/fsl_gpc.c.obj
LOAD CMakeFiles/RT1064.elf.dir/nxp_libraries/drives/fsl_gpio.c.obj
LOAD CMakeFiles/RT1064.elf.dir/nxp_libraries/drives/fsl_gpt.c.obj
LOAD CMakeFiles/RT1064.elf.dir/nxp_libraries/drives/fsl_kpp.c.obj
LOAD CMakeFiles/RT1064.elf.dir/nxp_libraries/drives/fsl_lpi2c.c.obj
LOAD CMakeFiles/RT1064.elf.dir/nxp_libraries/drives/fsl_lpi2c_edma.c.obj
LOAD CMakeFiles/RT1064.elf.dir/nxp_libraries/drives/fsl_lpspi.c.obj
LOAD CMakeFiles/RT1064.elf.dir/nxp_libraries/drives/fsl_lpspi_edma.c.obj
LOAD CMakeFiles/RT1064.elf.dir/nxp_libraries/drives/fsl_lpuart.c.obj
LOAD CMakeFiles/RT1064.elf.dir/nxp_libraries/drives/fsl_lpuart_edma.c.obj
LOAD CMakeFiles/RT1064.elf.dir/nxp_libraries/drives/fsl_ocotp.c.obj
LOAD CMakeFiles/RT1064.elf.dir/nxp_libraries/drives/fsl_pit.c.obj
LOAD CMakeFiles/RT1064.elf.dir/nxp_libraries/drives/fsl_pmu.c.obj
LOAD CMakeFiles/RT1064.elf.dir/nxp_libraries/drives/fsl_pwm.c.obj
LOAD CMakeFiles/RT1064.elf.dir/nxp_libraries/drives/fsl_pxp.c.obj
LOAD CMakeFiles/RT1064.elf.dir/nxp_libraries/drives/fsl_qtmr.c.obj
LOAD CMakeFiles/RT1064.elf.dir/nxp_libraries/drives/fsl_rtwdog.c.obj
LOAD CMakeFiles/RT1064.elf.dir/nxp_libraries/drives/fsl_sai.c.obj
LOAD CMakeFiles/RT1064.elf.dir/nxp_libraries/drives/fsl_sai_edma.c.obj
LOAD CMakeFiles/RT1064.elf.dir/nxp_libraries/drives/fsl_semc.c.obj
LOAD CMakeFiles/RT1064.elf.dir/nxp_libraries/drives/fsl_snvs_hp.c.obj
LOAD CMakeFiles/RT1064.elf.dir/nxp_libraries/drives/fsl_snvs_lp.c.obj
LOAD CMakeFiles/RT1064.elf.dir/nxp_libraries/drives/fsl_spdif.c.obj
LOAD CMakeFiles/RT1064.elf.dir/nxp_libraries/drives/fsl_spdif_edma.c.obj
LOAD CMakeFiles/RT1064.elf.dir/nxp_libraries/drives/fsl_src.c.obj
LOAD CMakeFiles/RT1064.elf.dir/nxp_libraries/drives/fsl_tempmon.c.obj
LOAD CMakeFiles/RT1064.elf.dir/nxp_libraries/drives/fsl_trng.c.obj
LOAD CMakeFiles/RT1064.elf.dir/nxp_libraries/drives/fsl_tsc.c.obj
LOAD CMakeFiles/RT1064.elf.dir/nxp_libraries/drives/fsl_usdhc.c.obj
LOAD CMakeFiles/RT1064.elf.dir/nxp_libraries/drives/fsl_wdog.c.obj
LOAD CMakeFiles/RT1064.elf.dir/nxp_libraries/drives/fsl_xbara.c.obj
LOAD CMakeFiles/RT1064.elf.dir/nxp_libraries/drives/fsl_xbarb.c.obj
LOAD CMakeFiles/RT1064.elf.dir/nxp_libraries/middleware/fatfs/source/diskio.c.obj
LOAD CMakeFiles/RT1064.elf.dir/nxp_libraries/middleware/fatfs/source/ff.c.obj
LOAD CMakeFiles/RT1064.elf.dir/nxp_libraries/middleware/fatfs/source/ffsystem.c.obj
LOAD CMakeFiles/RT1064.elf.dir/nxp_libraries/middleware/fatfs/source/ffunicode.c.obj
LOAD CMakeFiles/RT1064.elf.dir/nxp_libraries/middleware/fatfs/source/fsl_mmc_disk/fsl_mmc_disk.c.obj
LOAD CMakeFiles/RT1064.elf.dir/nxp_libraries/middleware/fatfs/source/fsl_nand_disk/fsl_nand_disk.c.obj
LOAD CMakeFiles/RT1064.elf.dir/nxp_libraries/middleware/fatfs/source/fsl_ram_disk/fsl_ram_disk.c.obj
LOAD CMakeFiles/RT1064.elf.dir/nxp_libraries/middleware/fatfs/source/fsl_sd_disk/fsl_sd_disk.c.obj
LOAD CMakeFiles/RT1064.elf.dir/nxp_libraries/middleware/fatfs/source/fsl_usb_disk/fsl_usb_disk_bm.c.obj
LOAD CMakeFiles/RT1064.elf.dir/nxp_libraries/middleware/fatfs/source/fsl_usb_disk/fsl_usb_disk_freertos.c.obj
LOAD CMakeFiles/RT1064.elf.dir/nxp_libraries/middleware/sdmmc/port/usdhc/interrupt/fsl_sdmmc_event.c.obj
LOAD CMakeFiles/RT1064.elf.dir/nxp_libraries/middleware/sdmmc/port/usdhc/interrupt/fsl_sdmmc_host.c.obj
LOAD CMakeFiles/RT1064.elf.dir/nxp_libraries/middleware/sdmmc/src/fsl_mmc.c.obj
LOAD CMakeFiles/RT1064.elf.dir/nxp_libraries/middleware/sdmmc/src/fsl_sd.c.obj
LOAD CMakeFiles/RT1064.elf.dir/nxp_libraries/middleware/sdmmc/src/fsl_sdio.c.obj
LOAD CMakeFiles/RT1064.elf.dir/nxp_libraries/middleware/sdmmc/src/fsl_sdmmc_common.c.obj
LOAD CMakeFiles/RT1064.elf.dir/nxp_libraries/usb/device/usb_device_cdc_acm.c.obj
LOAD CMakeFiles/RT1064.elf.dir/nxp_libraries/usb/device/usb_device_ch9.c.obj
LOAD CMakeFiles/RT1064.elf.dir/nxp_libraries/usb/device/usb_device_class.c.obj
LOAD CMakeFiles/RT1064.elf.dir/nxp_libraries/usb/device/usb_device_dci.c.obj
LOAD CMakeFiles/RT1064.elf.dir/nxp_libraries/usb/device/usb_device_descriptor.c.obj
LOAD CMakeFiles/RT1064.elf.dir/nxp_libraries/usb/device/usb_device_ehci.c.obj
LOAD CMakeFiles/RT1064.elf.dir/nxp_libraries/usb/osa/usb_osa_bm.c.obj
LOAD CMakeFiles/RT1064.elf.dir/nxp_libraries/usb/phy/usb_phy.c.obj
LOAD CMakeFiles/RT1064.elf.dir/nxp_libraries/utilities/debug_console/fsl_debug_console.c.obj
LOAD CMakeFiles/RT1064.elf.dir/nxp_libraries/utilities/fsl_assert.c.obj
LOAD CMakeFiles/RT1064.elf.dir/nxp_libraries/utilities/fsl_notifier.c.obj
LOAD CMakeFiles/RT1064.elf.dir/nxp_libraries/utilities/fsl_sbrk.c.obj
LOAD CMakeFiles/RT1064.elf.dir/nxp_libraries/utilities/fsl_shell.c.obj
LOAD CMakeFiles/RT1064.elf.dir/nxp_libraries/utilities/str/fsl_str.c.obj
LOAD CMakeFiles/RT1064.elf.dir/nxp_libraries/xip/evkmimxrt1064_flexspi_nor_config.c.obj
LOAD CMakeFiles/RT1064.elf.dir/nxp_libraries/xip/evkmimxrt1064_sdram_ini_dcd.c.obj
LOAD CMakeFiles/RT1064.elf.dir/nxp_libraries/xip/fsl_flexspi_nor_boot.c.obj
LOAD CMakeFiles/RT1064.elf.dir/seekfree_libraries/board/board.c.obj
LOAD CMakeFiles/RT1064.elf.dir/seekfree_libraries/board/clock_config.c.obj
LOAD CMakeFiles/RT1064.elf.dir/seekfree_libraries/board/pin_mux.c.obj
LOAD CMakeFiles/RT1064.elf.dir/seekfree_libraries/common/SEEKFREE_PRINTF.c.obj
LOAD CMakeFiles/RT1064.elf.dir/seekfree_libraries/common/common.c.obj
LOAD CMakeFiles/RT1064.elf.dir/seekfree_libraries/oled.c.obj
LOAD CMakeFiles/RT1064.elf.dir/seekfree_libraries/zf_adc.c.obj
LOAD CMakeFiles/RT1064.elf.dir/seekfree_libraries/zf_camera.c.obj
LOAD CMakeFiles/RT1064.elf.dir/seekfree_libraries/zf_csi.c.obj
LOAD CMakeFiles/RT1064.elf.dir/seekfree_libraries/zf_flash.c.obj
LOAD CMakeFiles/RT1064.elf.dir/seekfree_libraries/zf_gpio.c.obj
LOAD CMakeFiles/RT1064.elf.dir/seekfree_libraries/zf_iic.c.obj
LOAD CMakeFiles/RT1064.elf.dir/seekfree_libraries/zf_iomuxc.c.obj
LOAD CMakeFiles/RT1064.elf.dir/seekfree_libraries/zf_pit.c.obj
LOAD CMakeFiles/RT1064.elf.dir/seekfree_libraries/zf_pwm.c.obj
LOAD CMakeFiles/RT1064.elf.dir/seekfree_libraries/zf_qtimer.c.obj
LOAD CMakeFiles/RT1064.elf.dir/seekfree_libraries/zf_rom_api.c.obj
LOAD CMakeFiles/RT1064.elf.dir/seekfree_libraries/zf_sdcard.c.obj
LOAD CMakeFiles/RT1064.elf.dir/seekfree_libraries/zf_spi.c.obj
LOAD CMakeFiles/RT1064.elf.dir/seekfree_libraries/zf_systick.c.obj
LOAD CMakeFiles/RT1064.elf.dir/seekfree_libraries/zf_uart.c.obj
LOAD CMakeFiles/RT1064.elf.dir/seekfree_libraries/zf_usb_cdc.c.obj
LOAD CMakeFiles/RT1064.elf.dir/seekfree_libraries/zf_vector.c.obj
LOAD CMakeFiles/RT1064.elf.dir/seekfree_peripheral/SEEKFREE_18TFT.c.obj
LOAD CMakeFiles/RT1064.elf.dir/seekfree_peripheral/SEEKFREE_FONT.c.obj
LOAD CMakeFiles/RT1064.elf.dir/seekfree_peripheral/SEEKFREE_FUN.c.obj
LOAD CMakeFiles/RT1064.elf.dir/seekfree_peripheral/SEEKFREE_ICM20602.c.obj
LOAD CMakeFiles/RT1064.elf.dir/seekfree_peripheral/SEEKFREE_IIC.c.obj
LOAD CMakeFiles/RT1064.elf.dir/seekfree_peripheral/SEEKFREE_IPS114_SPI.c.obj
LOAD CMakeFiles/RT1064.elf.dir/seekfree_peripheral/SEEKFREE_IPS200_PARALLEL8.c.obj
LOAD CMakeFiles/RT1064.elf.dir/seekfree_peripheral/SEEKFREE_L3G4200D.c.obj
LOAD CMakeFiles/RT1064.elf.dir/seekfree_peripheral/SEEKFREE_MMA8451.c.obj
LOAD CMakeFiles/RT1064.elf.dir/seekfree_peripheral/SEEKFREE_MPU6050.c.obj
LOAD CMakeFiles/RT1064.elf.dir/seekfree_peripheral/SEEKFREE_MT9V03X.c.obj
LOAD CMakeFiles/RT1064.elf.dir/seekfree_peripheral/SEEKFREE_MT9V03X_CSI.c.obj
LOAD CMakeFiles/RT1064.elf.dir/seekfree_peripheral/SEEKFREE_NRF24L01.c.obj
LOAD CMakeFiles/RT1064.elf.dir/seekfree_peripheral/SEEKFREE_OLED.c.obj
LOAD CMakeFiles/RT1064.elf.dir/seekfree_peripheral/SEEKFREE_SCC8660.c.obj
LOAD CMakeFiles/RT1064.elf.dir/seekfree_peripheral/SEEKFREE_SCC8660_CSI.c.obj
LOAD CMakeFiles/RT1064.elf.dir/seekfree_peripheral/SEEKFREE_VIRSCO.c.obj
LOAD CMakeFiles/RT1064.elf.dir/seekfree_peripheral/SEEKFREE_W25QXXJV.c.obj
LOAD CMakeFiles/RT1064.elf.dir/seekfree_peripheral/SEEKFREE_WIRELESS.c.obj
LOAD CMakeFiles/RT1064.elf.dir/startup_MIMXRT1064.S.obj
LOAD d:/clionapp/gcc-arm-none-eabi/bin/../lib/gcc/arm-none-eabi/9.3.1/../../../../arm-none-eabi/lib/thumb/v7e-m+fp/hard\libm.a
START GROUP
LOAD d:/clionapp/gcc-arm-none-eabi/bin/../lib/gcc/arm-none-eabi/9.3.1/thumb/v7e-m+fp/hard\libgcc.a
LOAD d:/clionapp/gcc-arm-none-eabi/bin/../lib/gcc/arm-none-eabi/9.3.1/../../../../arm-none-eabi/lib/thumb/v7e-m+fp/hard\libg.a
LOAD d:/clionapp/gcc-arm-none-eabi/bin/../lib/gcc/arm-none-eabi/9.3.1/../../../../arm-none-eabi/lib/thumb/v7e-m+fp/hard\libc.a
END GROUP
LOAD d:/clionapp/gcc-arm-none-eabi/bin/../lib/gcc/arm-none-eabi/9.3.1/thumb/v7e-m+fp/hard/crtend.o
LOAD d:/clionapp/gcc-arm-none-eabi/bin/../lib/gcc/arm-none-eabi/9.3.1/thumb/v7e-m+fp/hard/crtn.o
                0x00001000                HEAP_SIZE = DEFINED (__heap_size__)?__heap_size__:0x1000
                0x00002000                STACK_SIZE = DEFINED (__stack_size__)?__stack_size__:0x2000
                0x00000000                VECTOR_RAM_SIZE = DEFINED (__ram_vector_table__)?0x400:0x0
                0x20200000                __NCACHE_REGION_START = ORIGIN (m_data2)
                0x00000000                __NCACHE_REGION_SIZE = 0x0

.flash_config   0x70000000      0x200
                0x70000000                . = ALIGN (0x4)
                0x70000000                __FLASH_BASE = .
 *(.boot_hdr.conf)
 .boot_hdr.conf
                0x70000000      0x200 CMakeFiles/RT1064.elf.dir/nxp_libraries/xip/evkmimxrt1064_flexspi_nor_config.c.obj
                0x70000000                qspiflash_config
                0x70000200                . = ALIGN (0x4)
                0x70001000                ivt_begin = (ORIGIN (m_flash_config) + LENGTH (m_flash_config))

.ivt            0x70001000      0x460
                0x70001000                . = ALIGN (0x4)
 *(.boot_hdr.ivt)
 .boot_hdr.ivt  0x70001000       0x20 CMakeFiles/RT1064.elf.dir/nxp_libraries/xip/fsl_flexspi_nor_boot.c.obj
                0x70001000                image_vector_table
 *(.boot_hdr.boot_data)
 .boot_hdr.boot_data
                0x70001020       0x10 CMakeFiles/RT1064.elf.dir/nxp_libraries/xip/fsl_flexspi_nor_boot.c.obj
                0x70001020                boot_data
 *(.boot_hdr.dcd_data)
 .boot_hdr.dcd_data
                0x70001030      0x430 CMakeFiles/RT1064.elf.dir/nxp_libraries/xip/evkmimxrt1064_sdram_ini_dcd.c.obj
                0x70001030                dcd_data
                0x70001460                . = ALIGN (0x4)

.interrupts     0x70002000      0x400
                0x70002000                __VECTOR_TABLE = .
                0x70002000                __Vectors = .
                0x70002000                . = ALIGN (0x4)
 *(.isr_vector)
 .isr_vector    0x70002000      0x400 CMakeFiles/RT1064.elf.dir/startup_MIMXRT1064.S.obj
                0x70002000                __isr_vector
                0x70002400                . = ALIGN (0x4)

.text           0x70002400     0xba48
                0x70002400                . = ALIGN (0x4)
 *(.text)
 .text          0x70002400       0x40 d:/clionapp/gcc-arm-none-eabi/bin/../lib/gcc/arm-none-eabi/9.3.1/thumb/v7e-m+fp/hard/crtbegin.o
 .text          0x70002440       0x7c d:/clionapp/gcc-arm-none-eabi/bin/../lib/gcc/arm-none-eabi/9.3.1/../../../../arm-none-eabi/lib/thumb/v7e-m+fp/hard/crt0.o
                0x70002440                _stack_init
                0x70002448                _start
                0x70002448                _mainCRTStartup
 .text          0x700024bc      0x214 CMakeFiles/RT1064.elf.dir/startup_MIMXRT1064.S.obj
                0x700024bc                Reset_Handler
                0x70002504                ENET2_1588_Timer_DriverIRQHandler
                0x70002504                FLEXSPI2_DriverIRQHandler
                0x70002504                SJC_IRQHandler
                0x70002504                ADC_ETC_IRQ0_IRQHandler
                0x70002504                PXP_IRQHandler
                0x70002504                Reserved86_IRQHandler
                0x70002504                SRC_IRQHandler
                0x70002504                PWM3_2_IRQHandler
                0x70002504                GPIO2_Combined_0_15_IRQHandler
                0x70002504                GPIO1_INT2_IRQHandler
                0x70002504                SNVS_LP_WRAPPER_IRQHandler
                0x70002504                ENC2_IRQHandler
                0x70002504                PWM2_2_IRQHandler
                0x70002504                PWM4_FAULT_IRQHandler
                0x70002504                XBAR1_IRQ_2_3_IRQHandler
                0x70002504                GPIO1_INT7_IRQHandler
                0x70002504                CCM_1_IRQHandler
                0x70002504                PWM1_3_IRQHandler
                0x70002504                ADC_ETC_IRQ1_IRQHandler
                0x70002504                Reserved171_IRQHandler
                0x70002504                CTI1_ERROR_IRQHandler
                0x70002504                PWM3_FAULT_IRQHandler
                0x70002504                LCDIF_IRQHandler
                0x70002504                CTI0_ERROR_IRQHandler
                0x70002504                GPIO5_Combined_0_15_IRQHandler
                0x70002504                PWM1_0_IRQHandler
                0x70002504                Reserved68_IRQHandler
                0x70002504                TRNG_IRQHandler
                0x70002504                USB_PHY2_IRQHandler
                0x70002504                SNVS_HP_WRAPPER_IRQHandler
                0x70002504                TSC_DIG_IRQHandler
                0x70002504                TMR1_IRQHandler
                0x70002504                GPIO4_Combined_0_15_IRQHandler
                0x70002504                PWM4_0_IRQHandler
                0x70002504                PWM2_0_IRQHandler
                0x70002504                DCP_VMI_IRQHandler
                0x70002504                DMA_ERROR_DriverIRQHandler
                0x70002504                ENC4_IRQHandler
                0x70002504                ENET_1588_Timer_DriverIRQHandler
                0x70002504                GPIO4_Combined_16_31_IRQHandler
                0x70002504                PWM2_1_IRQHandler
                0x70002504                Reserved87_IRQHandler
                0x70002504                PWM2_FAULT_IRQHandler
                0x70002504                ACMP1_IRQHandler
                0x70002504                WDOG1_IRQHandler
                0x70002504                FLEXRAM_IRQHandler
                0x70002504                PMU_EVENT_IRQHandler
                0x70002504                GPT1_IRQHandler
                0x70002504                GPT2_IRQHandler
                0x70002504                PWM4_1_IRQHandler
                0x70002504                ACMP4_IRQHandler
                0x70002504                SEMC_IRQHandler
                0x70002504                DefaultISR
                0x70002504                PWM1_1_IRQHandler
                0x70002504                ACMP2_IRQHandler
                0x70002504                PWM3_0_IRQHandler
                0x70002504                PWM3_3_IRQHandler
                0x70002504                GPIO1_INT0_IRQHandler
                0x70002504                SNVS_HP_WRAPPER_TZ_IRQHandler
                0x70002504                CSU_IRQHandler
                0x70002504                XBAR1_IRQ_0_1_IRQHandler
                0x70002504                ADC1_IRQHandler
                0x70002504                TMR3_IRQHandler
                0x70002504                GPIO1_Combined_16_31_IRQHandler
                0x70002504                GPIO2_Combined_16_31_IRQHandler
                0x70002504                RTWDOG_IRQHandler
                0x70002504                USB_PHY1_IRQHandler
                0x70002504                Reserved78_IRQHandler
                0x70002504                ENC3_IRQHandler
                0x70002504                GPIO3_Combined_16_31_IRQHandler
                0x70002504                EWM_IRQHandler
                0x70002504                TEMP_LOW_HIGH_IRQHandler
                0x70002504                WDOG2_IRQHandler
                0x70002504                GPIO1_INT5_IRQHandler
                0x70002504                FLEXSPI_DriverIRQHandler
                0x70002504                GPIO6_7_8_9_IRQHandler
                0x70002504                PWM3_1_IRQHandler
                0x70002504                PWM2_3_IRQHandler
                0x70002504                Reserved115_IRQHandler
                0x70002504                CORE_IRQHandler
                0x70002504                Reserved143_IRQHandler
                0x70002504                PWM1_FAULT_IRQHandler
                0x70002504                TEMP_PANIC_IRQHandler
                0x70002504                GPIO1_INT6_IRQHandler
                0x70002504                PWM1_2_IRQHandler
                0x70002504                Reserved144_IRQHandler
                0x70002504                GPR_IRQ_IRQHandler
                0x70002504                GPC_IRQHandler
                0x70002504                DCDC_IRQHandler
                0x70002504                PWM4_3_IRQHandler
                0x70002504                ENC1_IRQHandler
                0x70002504                ACMP3_IRQHandler
                0x70002504                GPIO5_Combined_16_31_IRQHandler
                0x70002504                TMR2_IRQHandler
                0x70002504                ADC_ETC_ERROR_IRQ_IRQHandler
                0x70002504                PWM4_2_IRQHandler
                0x70002504                BEE_IRQHandler
                0x70002504                GPIO1_INT1_IRQHandler
                0x70002504                TMR4_IRQHandler
                0x70002504                ADC_ETC_IRQ2_IRQHandler
                0x70002504                GPIO1_INT4_IRQHandler
                0x70002504                CCM_2_IRQHandler
                0x70002504                KPP_IRQHandler
                0x70002504                GPIO1_Combined_0_15_IRQHandler
                0x70002504                ADC2_IRQHandler
                0x70002504                GPIO1_INT3_IRQHandler
                0x70002504                DCP_IRQHandler
                0x7000251c                DMA0_DMA16_IRQHandler
                0x70002520                DMA1_DMA17_IRQHandler
                0x70002524                DMA2_DMA18_IRQHandler
                0x70002528                DMA3_DMA19_IRQHandler
                0x7000252c                DMA4_DMA20_IRQHandler
                0x70002530                DMA5_DMA21_IRQHandler
                0x70002534                DMA6_DMA22_IRQHandler
                0x70002538                DMA7_DMA23_IRQHandler
                0x7000253c                DMA8_DMA24_IRQHandler
                0x70002540                DMA9_DMA25_IRQHandler
                0x70002544                DMA10_DMA26_IRQHandler
                0x70002548                DMA11_DMA27_IRQHandler
                0x7000254c                DMA12_DMA28_IRQHandler
                0x70002550                DMA13_DMA29_IRQHandler
                0x70002554                DMA14_DMA30_IRQHandler
                0x70002558                DMA15_DMA31_IRQHandler
                0x7000255c                DMA_ERROR_IRQHandler
                0x70002560                LPUART1_IRQHandler
                0x70002564                LPUART2_IRQHandler
                0x70002568                LPUART3_IRQHandler
                0x7000256c                LPUART4_IRQHandler
                0x70002570                LPUART5_IRQHandler
                0x70002574                LPUART6_IRQHandler
                0x70002578                LPUART7_IRQHandler
                0x7000257c                LPUART8_IRQHandler
                0x70002580                LPI2C1_IRQHandler
                0x70002584                LPI2C2_IRQHandler
                0x70002588                LPI2C3_IRQHandler
                0x7000258c                LPI2C4_IRQHandler
                0x70002590                LPSPI1_IRQHandler
                0x70002594                LPSPI2_IRQHandler
                0x70002598                LPSPI3_IRQHandler
                0x7000259c                LPSPI4_IRQHandler
                0x700025a0                CAN1_IRQHandler
                0x700025a4                CAN2_IRQHandler
                0x700025a8                SAI1_IRQHandler
                0x700025ac                SAI2_IRQHandler
                0x700025b0                SAI3_RX_IRQHandler
                0x700025b4                SAI3_TX_IRQHandler
                0x700025b8                SPDIF_IRQHandler
                0x700025bc                FLEXIO1_IRQHandler
                0x700025c0                FLEXIO2_IRQHandler
                0x700025c4                FLEXSPI2_IRQHandler
                0x700025c8                FLEXSPI_IRQHandler
                0x700025cc                USDHC1_IRQHandler
                0x700025d0                USDHC2_IRQHandler
                0x700025d4                ENET_IRQHandler
                0x700025dc                ENET2_IRQHandler
                0x700025e0                ENET2_1588_Timer_IRQHandler
                0x700025e4                CAN3_IRQHandler
                0x700025e8                FLEXIO3_IRQHandler
 .text          0x700026d0      0x378 d:/clionapp/gcc-arm-none-eabi/bin/../lib/gcc/arm-none-eabi/9.3.1/thumb/v7e-m+fp/hard\libgcc.a(_arm_addsubdf3.o)
                0x700026d0                __aeabi_drsub
                0x700026d8                __aeabi_dsub
                0x700026d8                __subdf3
                0x700026dc                __aeabi_dadd
                0x700026dc                __adddf3
                0x70002954                __floatunsidf
                0x70002954                __aeabi_ui2d
                0x70002974                __floatsidf
                0x70002974                __aeabi_i2d
                0x70002998                __aeabi_f2d
                0x70002998                __extendsfdf2
                0x700029dc                __floatundidf
                0x700029dc                __aeabi_ul2d
                0x700029ec                __floatdidf
                0x700029ec                __aeabi_l2d
 .text          0x70002a48      0x424 d:/clionapp/gcc-arm-none-eabi/bin/../lib/gcc/arm-none-eabi/9.3.1/thumb/v7e-m+fp/hard\libgcc.a(_arm_muldivdf3.o)
                0x70002a48                __aeabi_dmul
                0x70002a48                __muldf3
                0x70002c9c                __divdf3
                0x70002c9c                __aeabi_ddiv
 .text          0x70002e6c      0x110 d:/clionapp/gcc-arm-none-eabi/bin/../lib/gcc/arm-none-eabi/9.3.1/thumb/v7e-m+fp/hard\libgcc.a(_arm_cmpdf2.o)
                0x70002e6c                __gtdf2
                0x70002e6c                __gedf2
                0x70002e74                __ltdf2
                0x70002e74                __ledf2
                0x70002e7c                __nedf2
                0x70002e7c                __eqdf2
                0x70002e7c                __cmpdf2
                0x70002ef8                __aeabi_cdrcmple
                0x70002f08                __aeabi_cdcmpeq
                0x70002f08                __aeabi_cdcmple
                0x70002f18                __aeabi_dcmpeq
                0x70002f2c                __aeabi_dcmplt
                0x70002f40                __aeabi_dcmple
                0x70002f54                __aeabi_dcmpge
                0x70002f68                __aeabi_dcmpgt
 .text          0x70002f7c       0x50 d:/clionapp/gcc-arm-none-eabi/bin/../lib/gcc/arm-none-eabi/9.3.1/thumb/v7e-m+fp/hard\libgcc.a(_arm_fixdfsi.o)
                0x70002f7c                __aeabi_d2iz
                0x70002f7c                __fixdfsi
 .text          0x70002fcc       0xa0 d:/clionapp/gcc-arm-none-eabi/bin/../lib/gcc/arm-none-eabi/9.3.1/thumb/v7e-m+fp/hard\libgcc.a(_arm_truncdfsf2.o)
                0x70002fcc                __truncdfsf2
                0x70002fcc                __aeabi_d2f
 .text          0x7000306c       0x30 d:/clionapp/gcc-arm-none-eabi/bin/../lib/gcc/arm-none-eabi/9.3.1/thumb/v7e-m+fp/hard\libgcc.a(_aeabi_uldivmod.o)
                0x7000306c                __aeabi_uldivmod
 .text          0x7000309c      0x2c4 d:/clionapp/gcc-arm-none-eabi/bin/../lib/gcc/arm-none-eabi/9.3.1/thumb/v7e-m+fp/hard\libgcc.a(_udivmoddi4.o)
                0x7000309c                __udivmoddi4
 .text          0x70003360        0x4 d:/clionapp/gcc-arm-none-eabi/bin/../lib/gcc/arm-none-eabi/9.3.1/thumb/v7e-m+fp/hard\libgcc.a(_dvmd_tls.o)
                0x70003360                __aeabi_idiv0
                0x70003360                __aeabi_ldiv0
 .text          0x70003364      0x134 d:/clionapp/gcc-arm-none-eabi/bin/../lib/gcc/arm-none-eabi/9.3.1/../../../../arm-none-eabi/lib/thumb/v7e-m+fp/hard\libg.a(lib_a-memcpy.o)
                0x70003364                memcpy
 *(.text*)
 .text.Get_InductanceValue
                0x70003498      0x1b0 CMakeFiles/RT1064.elf.dir/CODE/ADC.c.obj
                0x70003498                Get_InductanceValue
 .text.Setting_Weight
                0x70003648      0x104 CMakeFiles/RT1064.elf.dir/CODE/ADC.c.obj
                0x70003648                Setting_Weight
 .text.InductanceValueHandler
                0x7000374c      0x188 CMakeFiles/RT1064.elf.dir/CODE/ADC.c.obj
                0x7000374c                InductanceValueHandler
 .text.key_scan
                0x700038d4       0x36 CMakeFiles/RT1064.elf.dir/CODE/Interactive.c.obj
                0x700038d4                key_scan
 .text.bm_scan  0x7000390a       0x46 CMakeFiles/RT1064.elf.dir/CODE/Interactive.c.obj
                0x7000390a                bm_scan
 .text.Interactive
                0x70003950      0x444 CMakeFiles/RT1064.elf.dir/CODE/Interactive.c.obj
                0x70003950                Interactive
 .text.Motor_PIDStruct_Init
                0x70003d94       0x3c CMakeFiles/RT1064.elf.dir/CODE/Motor.c.obj
                0x70003d94                Motor_PIDStruct_Init
 .text.MotorCtrl
                0x70003dd0      0x758 CMakeFiles/RT1064.elf.dir/CODE/Motor.c.obj
                0x70003dd0                MotorCtrl
 .text.GarageOut
                0x70004528       0x2c CMakeFiles/RT1064.elf.dir/CODE/Motor.c.obj
                0x70004528                GarageOut
 .text.Motor_value_get
                0x70004554       0x98 CMakeFiles/RT1064.elf.dir/CODE/Motor.c.obj
                0x70004554                Motor_value_get
 .text.RCFilter
                0x700045ec       0x2a CMakeFiles/RT1064.elf.dir/CODE/PID.c.obj
                0x700045ec                RCFilter
 .text.PIDCalculate
                0x70004616       0xe4 CMakeFiles/RT1064.elf.dir/CODE/PID.c.obj
                0x70004616                PIDCalculate
 *fill*         0x700046fa        0x2 
 .text.Steer_PIDStruct_Init
                0x700046fc       0x2c CMakeFiles/RT1064.elf.dir/CODE/Steer.c.obj
                0x700046fc                Steer_PIDStruct_Init
 .text.SteerCtrl
                0x70004728       0xa8 CMakeFiles/RT1064.elf.dir/CODE/Steer.c.obj
                0x70004728                SteerCtrl
 .text.FastSqrt
                0x700047d0       0x24 CMakeFiles/RT1064.elf.dir/CODE/fastmath.c.obj
                0x700047d0                FastSqrt
 .text.CSI_IRQHandler
                0x700047f4        0xc CMakeFiles/RT1064.elf.dir/CODE/isr.c.obj
                0x700047f4                CSI_IRQHandler
 .text.PIT_IRQHandler
                0x70004800       0xdc CMakeFiles/RT1064.elf.dir/CODE/isr.c.obj
                0x70004800                PIT_IRQHandler
 .text.main     0x700048dc      0x19c CMakeFiles/RT1064.elf.dir/USER/main.c.obj
                0x700048dc                main
 .text.SystemInitHook
                0x70004a78        0x2 CMakeFiles/RT1064.elf.dir/nxp_libraries/deceive/system_MIMXRT1064.c.obj
                0x70004a78                SystemInitHook
 *fill*         0x70004a7a        0x2 
 .text.SystemInit
                0x70004a7c      0x130 CMakeFiles/RT1064.elf.dir/nxp_libraries/deceive/system_MIMXRT1064.c.obj
                0x70004a7c                SystemInit
 .text.ADC_GetInstance
                0x70004bac       0x3c CMakeFiles/RT1064.elf.dir/nxp_libraries/drives/fsl_adc.c.obj
 .text.ADC_Init
                0x70004be8       0xe0 CMakeFiles/RT1064.elf.dir/nxp_libraries/drives/fsl_adc.c.obj
                0x70004be8                ADC_Init
 .text.ADC_GetDefaultConfig
                0x70004cc8       0x3c CMakeFiles/RT1064.elf.dir/nxp_libraries/drives/fsl_adc.c.obj
                0x70004cc8                ADC_GetDefaultConfig
 .text.ADC_SetChannelConfig
                0x70004d04       0x44 CMakeFiles/RT1064.elf.dir/nxp_libraries/drives/fsl_adc.c.obj
                0x70004d04                ADC_SetChannelConfig
 .text.ADC_DoAutoCalibration
                0x70004d48       0x5c CMakeFiles/RT1064.elf.dir/nxp_libraries/drives/fsl_adc.c.obj
                0x70004d48                ADC_DoAutoCalibration
 .text.CLOCK_InitExternalClk
                0x70004da4       0x58 CMakeFiles/RT1064.elf.dir/nxp_libraries/drives/fsl_clock.c.obj
                0x70004da4                CLOCK_InitExternalClk
 .text.CLOCK_SwitchOsc
                0x70004dfc       0x1c CMakeFiles/RT1064.elf.dir/nxp_libraries/drives/fsl_clock.c.obj
                0x70004dfc                CLOCK_SwitchOsc
 .text.CLOCK_InitRcOsc24M
                0x70004e18       0x14 CMakeFiles/RT1064.elf.dir/nxp_libraries/drives/fsl_clock.c.obj
                0x70004e18                CLOCK_InitRcOsc24M
 .text.CLOCK_InitArmPll
                0x70004e2c       0x48 CMakeFiles/RT1064.elf.dir/nxp_libraries/drives/fsl_clock.c.obj
                0x70004e2c                CLOCK_InitArmPll
 .text.CLOCK_DeinitUsb2Pll
                0x70004e74        0xc CMakeFiles/RT1064.elf.dir/nxp_libraries/drives/fsl_clock.c.obj
                0x70004e74                CLOCK_DeinitUsb2Pll
 .text.CLOCK_DeinitAudioPll
                0x70004e80       0x10 CMakeFiles/RT1064.elf.dir/nxp_libraries/drives/fsl_clock.c.obj
                0x70004e80                CLOCK_DeinitAudioPll
 .text.CLOCK_DeinitVideoPll
                0x70004e90       0x10 CMakeFiles/RT1064.elf.dir/nxp_libraries/drives/fsl_clock.c.obj
                0x70004e90                CLOCK_DeinitVideoPll
 .text.CLOCK_DeinitEnetPll
                0x70004ea0       0x10 CMakeFiles/RT1064.elf.dir/nxp_libraries/drives/fsl_clock.c.obj
                0x70004ea0                CLOCK_DeinitEnetPll
 .text.CLOCK_GetPllFreq
                0x70004eb0      0x21c CMakeFiles/RT1064.elf.dir/nxp_libraries/drives/fsl_clock.c.obj
                0x70004eb0                CLOCK_GetPllFreq
 .text.CLOCK_GetSysPfdFreq
                0x700050cc       0x68 CMakeFiles/RT1064.elf.dir/nxp_libraries/drives/fsl_clock.c.obj
                0x700050cc                CLOCK_GetSysPfdFreq
 .text.CLOCK_GetPeriphClkFreq
                0x70005134       0xbc CMakeFiles/RT1064.elf.dir/nxp_libraries/drives/fsl_clock.c.obj
 .text.CLOCK_GetAhbFreq
                0x700051f0       0x1c CMakeFiles/RT1064.elf.dir/nxp_libraries/drives/fsl_clock.c.obj
                0x700051f0                CLOCK_GetAhbFreq
 .text.CLOCK_GetIpgFreq
                0x7000520c       0x1c CMakeFiles/RT1064.elf.dir/nxp_libraries/drives/fsl_clock.c.obj
                0x7000520c                CLOCK_GetIpgFreq
 .text.CLOCK_GetUsb1PfdFreq
                0x70005228       0x68 CMakeFiles/RT1064.elf.dir/nxp_libraries/drives/fsl_clock.c.obj
                0x70005228                CLOCK_GetUsb1PfdFreq
 .text.CLOCK_GetSemcFreq
                0x70005290       0x40 CMakeFiles/RT1064.elf.dir/nxp_libraries/drives/fsl_clock.c.obj
                0x70005290                CLOCK_GetSemcFreq
 .text.CLOCK_GetFreq
                0x700052d0      0x110 CMakeFiles/RT1064.elf.dir/nxp_libraries/drives/fsl_clock.c.obj
                0x700052d0                CLOCK_GetFreq
 .text.CLOCK_GetPerClkFreq
                0x700053e0       0x48 CMakeFiles/RT1064.elf.dir/nxp_libraries/drives/fsl_clock.c.obj
                0x700053e0                CLOCK_GetPerClkFreq
 .text.CSI_DriverIRQHandler
                0x70005428       0x1c CMakeFiles/RT1064.elf.dir/nxp_libraries/drives/fsl_csi.c.obj
                0x70005428                CSI_DriverIRQHandler
 .text.EDMA_GetChannelStatusFlags
                0x70005444       0x4c CMakeFiles/RT1064.elf.dir/nxp_libraries/drives/fsl_edma.c.obj
                0x70005444                EDMA_GetChannelStatusFlags
 .text.EDMA_HandleIRQ
                0x70005490       0xd0 CMakeFiles/RT1064.elf.dir/nxp_libraries/drives/fsl_edma.c.obj
                0x70005490                EDMA_HandleIRQ
 .text.DMA0_DMA16_DriverIRQHandler
                0x70005560       0x3c CMakeFiles/RT1064.elf.dir/nxp_libraries/drives/fsl_edma.c.obj
                0x70005560                DMA0_DMA16_DriverIRQHandler
 .text.DMA1_DMA17_DriverIRQHandler
                0x7000559c       0x3c CMakeFiles/RT1064.elf.dir/nxp_libraries/drives/fsl_edma.c.obj
                0x7000559c                DMA1_DMA17_DriverIRQHandler
 .text.DMA2_DMA18_DriverIRQHandler
                0x700055d8       0x3c CMakeFiles/RT1064.elf.dir/nxp_libraries/drives/fsl_edma.c.obj
                0x700055d8                DMA2_DMA18_DriverIRQHandler
 .text.DMA3_DMA19_DriverIRQHandler
                0x70005614       0x3c CMakeFiles/RT1064.elf.dir/nxp_libraries/drives/fsl_edma.c.obj
                0x70005614                DMA3_DMA19_DriverIRQHandler
 .text.DMA4_DMA20_DriverIRQHandler
                0x70005650       0x3c CMakeFiles/RT1064.elf.dir/nxp_libraries/drives/fsl_edma.c.obj
                0x70005650                DMA4_DMA20_DriverIRQHandler
 .text.DMA5_DMA21_DriverIRQHandler
                0x7000568c       0x3c CMakeFiles/RT1064.elf.dir/nxp_libraries/drives/fsl_edma.c.obj
                0x7000568c                DMA5_DMA21_DriverIRQHandler
 .text.DMA6_DMA22_DriverIRQHandler
                0x700056c8       0x3c CMakeFiles/RT1064.elf.dir/nxp_libraries/drives/fsl_edma.c.obj
                0x700056c8                DMA6_DMA22_DriverIRQHandler
 .text.DMA7_DMA23_DriverIRQHandler
                0x70005704       0x3c CMakeFiles/RT1064.elf.dir/nxp_libraries/drives/fsl_edma.c.obj
                0x70005704                DMA7_DMA23_DriverIRQHandler
 .text.DMA8_DMA24_DriverIRQHandler
                0x70005740       0x3c CMakeFiles/RT1064.elf.dir/nxp_libraries/drives/fsl_edma.c.obj
                0x70005740                DMA8_DMA24_DriverIRQHandler
 .text.DMA9_DMA25_DriverIRQHandler
                0x7000577c       0x3c CMakeFiles/RT1064.elf.dir/nxp_libraries/drives/fsl_edma.c.obj
                0x7000577c                DMA9_DMA25_DriverIRQHandler
 .text.DMA10_DMA26_DriverIRQHandler
                0x700057b8       0x3c CMakeFiles/RT1064.elf.dir/nxp_libraries/drives/fsl_edma.c.obj
                0x700057b8                DMA10_DMA26_DriverIRQHandler
 .text.DMA11_DMA27_DriverIRQHandler
                0x700057f4       0x3c CMakeFiles/RT1064.elf.dir/nxp_libraries/drives/fsl_edma.c.obj
                0x700057f4                DMA11_DMA27_DriverIRQHandler
 .text.DMA12_DMA28_DriverIRQHandler
                0x70005830       0x3c CMakeFiles/RT1064.elf.dir/nxp_libraries/drives/fsl_edma.c.obj
                0x70005830                DMA12_DMA28_DriverIRQHandler
 .text.DMA13_DMA29_DriverIRQHandler
                0x7000586c       0x3c CMakeFiles/RT1064.elf.dir/nxp_libraries/drives/fsl_edma.c.obj
                0x7000586c                DMA13_DMA29_DriverIRQHandler
 .text.DMA14_DMA30_DriverIRQHandler
                0x700058a8       0x3c CMakeFiles/RT1064.elf.dir/nxp_libraries/drives/fsl_edma.c.obj
                0x700058a8                DMA14_DMA30_DriverIRQHandler
 .text.DMA15_DMA31_DriverIRQHandler
                0x700058e4       0x3c CMakeFiles/RT1064.elf.dir/nxp_libraries/drives/fsl_edma.c.obj
                0x700058e4                DMA15_DMA31_DriverIRQHandler
 .text.ENET_GetInstance
                0x70005920       0x3c CMakeFiles/RT1064.elf.dir/nxp_libraries/drives/fsl_enet.c.obj
                0x70005920                ENET_GetInstance
 .text.ENET_CommonFrame0IRQHandler
                0x7000595c       0x70 CMakeFiles/RT1064.elf.dir/nxp_libraries/drives/fsl_enet.c.obj
                0x7000595c                ENET_CommonFrame0IRQHandler
 .text.ENET_1588_Timer_IRQHandler
                0x700059cc       0x18 CMakeFiles/RT1064.elf.dir/nxp_libraries/drives/fsl_enet.c.obj
                0x700059cc                ENET_1588_Timer_IRQHandler
 .text.ENET_DriverIRQHandler
                0x700059e4       0x10 CMakeFiles/RT1064.elf.dir/nxp_libraries/drives/fsl_enet.c.obj
                0x700059e4                ENET_DriverIRQHandler
 .text.ENET2_DriverIRQHandler
                0x700059f4       0x10 CMakeFiles/RT1064.elf.dir/nxp_libraries/drives/fsl_enet.c.obj
                0x700059f4                ENET2_DriverIRQHandler
 .text.CAN1_DriverIRQHandler
                0x70005a04       0x38 CMakeFiles/RT1064.elf.dir/nxp_libraries/drives/fsl_flexcan.c.obj
                0x70005a04                CAN1_DriverIRQHandler
 .text.CAN2_DriverIRQHandler
                0x70005a3c       0x38 CMakeFiles/RT1064.elf.dir/nxp_libraries/drives/fsl_flexcan.c.obj
                0x70005a3c                CAN2_DriverIRQHandler
 .text.CAN3_DriverIRQHandler
                0x70005a74       0x38 CMakeFiles/RT1064.elf.dir/nxp_libraries/drives/fsl_flexcan.c.obj
                0x70005a74                CAN3_DriverIRQHandler
 .text.FLEXIO_CommonIRQHandler
                0x70005aac       0x38 CMakeFiles/RT1064.elf.dir/nxp_libraries/drives/fsl_flexio.c.obj
                0x70005aac                FLEXIO_CommonIRQHandler
 .text.FLEXIO1_DriverIRQHandler
                0x70005ae4        0x8 CMakeFiles/RT1064.elf.dir/nxp_libraries/drives/fsl_flexio.c.obj
                0x70005ae4                FLEXIO1_DriverIRQHandler
 .text.FLEXIO2_DriverIRQHandler
                0x70005aec        0x8 CMakeFiles/RT1064.elf.dir/nxp_libraries/drives/fsl_flexio.c.obj
                0x70005aec                FLEXIO2_DriverIRQHandler
 .text.FLEXIO3_DriverIRQHandler
                0x70005af4        0x8 CMakeFiles/RT1064.elf.dir/nxp_libraries/drives/fsl_flexio.c.obj
                0x70005af4                FLEXIO3_DriverIRQHandler
 .text.GPIO_GetInstance
                0x70005afc       0x3c CMakeFiles/RT1064.elf.dir/nxp_libraries/drives/fsl_gpio.c.obj
 .text.GPIO_PinWrite
                0x70005b38       0x40 CMakeFiles/RT1064.elf.dir/nxp_libraries/drives/fsl_gpio.c.obj
                0x70005b38                GPIO_PinWrite
 .text.GPIO_PinSetInterruptConfig
                0x70005b78       0x86 CMakeFiles/RT1064.elf.dir/nxp_libraries/drives/fsl_gpio.c.obj
                0x70005b78                GPIO_PinSetInterruptConfig
 *fill*         0x70005bfe        0x2 
 .text.GPIO_PinInit
                0x70005c00       0x8c CMakeFiles/RT1064.elf.dir/nxp_libraries/drives/fsl_gpio.c.obj
                0x70005c00                GPIO_PinInit
 .text.GPT_GetInstance
                0x70005c8c       0x3c CMakeFiles/RT1064.elf.dir/nxp_libraries/drives/fsl_gpt.c.obj
 .text.GPT_Init
                0x70005cc8      0x134 CMakeFiles/RT1064.elf.dir/nxp_libraries/drives/fsl_gpt.c.obj
                0x70005cc8                GPT_Init
 .text.GPT_Deinit
                0x70005dfc       0x54 CMakeFiles/RT1064.elf.dir/nxp_libraries/drives/fsl_gpt.c.obj
                0x70005dfc                GPT_Deinit
 .text.GPT_GetDefaultConfig
                0x70005e50       0x38 CMakeFiles/RT1064.elf.dir/nxp_libraries/drives/fsl_gpt.c.obj
                0x70005e50                GPT_GetDefaultConfig
 .text.LPI2C_CommonIRQHandler
                0x70005e88       0x48 CMakeFiles/RT1064.elf.dir/nxp_libraries/drives/fsl_lpi2c.c.obj
 .text.LPI2C1_DriverIRQHandler
                0x70005ed0       0x10 CMakeFiles/RT1064.elf.dir/nxp_libraries/drives/fsl_lpi2c.c.obj
                0x70005ed0                LPI2C1_DriverIRQHandler
 .text.LPI2C2_DriverIRQHandler
                0x70005ee0       0x10 CMakeFiles/RT1064.elf.dir/nxp_libraries/drives/fsl_lpi2c.c.obj
                0x70005ee0                LPI2C2_DriverIRQHandler
 .text.LPI2C3_DriverIRQHandler
                0x70005ef0       0x10 CMakeFiles/RT1064.elf.dir/nxp_libraries/drives/fsl_lpi2c.c.obj
                0x70005ef0                LPI2C3_DriverIRQHandler
 .text.LPI2C4_DriverIRQHandler
                0x70005f00       0x10 CMakeFiles/RT1064.elf.dir/nxp_libraries/drives/fsl_lpi2c.c.obj
                0x70005f00                LPI2C4_DriverIRQHandler
 .text.LPSPI_CommonIRQHandler
                0x70005f10       0x24 CMakeFiles/RT1064.elf.dir/nxp_libraries/drives/fsl_lpspi.c.obj
 .text.LPSPI1_DriverIRQHandler
                0x70005f34       0x34 CMakeFiles/RT1064.elf.dir/nxp_libraries/drives/fsl_lpspi.c.obj
                0x70005f34                LPSPI1_DriverIRQHandler
 .text.LPSPI2_DriverIRQHandler
                0x70005f68       0x34 CMakeFiles/RT1064.elf.dir/nxp_libraries/drives/fsl_lpspi.c.obj
                0x70005f68                LPSPI2_DriverIRQHandler
 .text.LPSPI3_DriverIRQHandler
                0x70005f9c       0x34 CMakeFiles/RT1064.elf.dir/nxp_libraries/drives/fsl_lpspi.c.obj
                0x70005f9c                LPSPI3_DriverIRQHandler
 .text.LPSPI4_DriverIRQHandler
                0x70005fd0       0x34 CMakeFiles/RT1064.elf.dir/nxp_libraries/drives/fsl_lpspi.c.obj
                0x70005fd0                LPSPI4_DriverIRQHandler
 .text.LPUART_GetInstance
                0x70006004       0x3c CMakeFiles/RT1064.elf.dir/nxp_libraries/drives/fsl_lpuart.c.obj
                0x70006004                LPUART_GetInstance
 .text.LPUART_Init
                0x70006040      0x22c CMakeFiles/RT1064.elf.dir/nxp_libraries/drives/fsl_lpuart.c.obj
                0x70006040                LPUART_Init
 .text.LPUART_Deinit
                0x7000626c       0x70 CMakeFiles/RT1064.elf.dir/nxp_libraries/drives/fsl_lpuart.c.obj
                0x7000626c                LPUART_Deinit
 .text.LPUART_GetDefaultConfig
                0x700062dc       0x48 CMakeFiles/RT1064.elf.dir/nxp_libraries/drives/fsl_lpuart.c.obj
                0x700062dc                LPUART_GetDefaultConfig
 .text.LPUART1_DriverIRQHandler
                0x70006324       0x1c CMakeFiles/RT1064.elf.dir/nxp_libraries/drives/fsl_lpuart.c.obj
                0x70006324                LPUART1_DriverIRQHandler
 .text.LPUART2_DriverIRQHandler
                0x70006340       0x1c CMakeFiles/RT1064.elf.dir/nxp_libraries/drives/fsl_lpuart.c.obj
                0x70006340                LPUART2_DriverIRQHandler
 .text.LPUART3_DriverIRQHandler
                0x7000635c       0x1c CMakeFiles/RT1064.elf.dir/nxp_libraries/drives/fsl_lpuart.c.obj
                0x7000635c                LPUART3_DriverIRQHandler
 .text.LPUART4_DriverIRQHandler
                0x70006378       0x1c CMakeFiles/RT1064.elf.dir/nxp_libraries/drives/fsl_lpuart.c.obj
                0x70006378                LPUART4_DriverIRQHandler
 .text.LPUART5_DriverIRQHandler
                0x70006394       0x1c CMakeFiles/RT1064.elf.dir/nxp_libraries/drives/fsl_lpuart.c.obj
                0x70006394                LPUART5_DriverIRQHandler
 .text.LPUART6_DriverIRQHandler
                0x700063b0       0x1c CMakeFiles/RT1064.elf.dir/nxp_libraries/drives/fsl_lpuart.c.obj
                0x700063b0                LPUART6_DriverIRQHandler
 .text.LPUART7_DriverIRQHandler
                0x700063cc       0x1c CMakeFiles/RT1064.elf.dir/nxp_libraries/drives/fsl_lpuart.c.obj
                0x700063cc                LPUART7_DriverIRQHandler
 .text.LPUART8_DriverIRQHandler
                0x700063e8       0x1c CMakeFiles/RT1064.elf.dir/nxp_libraries/drives/fsl_lpuart.c.obj
                0x700063e8                LPUART8_DriverIRQHandler
 .text.PIT_GetInstance
                0x70006404       0x34 CMakeFiles/RT1064.elf.dir/nxp_libraries/drives/fsl_pit.c.obj
 .text.PIT_Init
                0x70006438       0x70 CMakeFiles/RT1064.elf.dir/nxp_libraries/drives/fsl_pit.c.obj
                0x70006438                PIT_Init
 .text.PIT_Deinit
                0x700064a8       0x20 CMakeFiles/RT1064.elf.dir/nxp_libraries/drives/fsl_pit.c.obj
                0x700064a8                PIT_Deinit
 .text.PWM_GetInstance
                0x700064c8       0x3c CMakeFiles/RT1064.elf.dir/nxp_libraries/drives/fsl_pwm.c.obj
 .text.PWM_Init
                0x70006504      0x1d4 CMakeFiles/RT1064.elf.dir/nxp_libraries/drives/fsl_pwm.c.obj
                0x70006504                PWM_Init
 .text.PWM_Deinit
                0x700066d8       0x6c CMakeFiles/RT1064.elf.dir/nxp_libraries/drives/fsl_pwm.c.obj
                0x700066d8                PWM_Deinit
 .text.PWM_GetDefaultConfig
                0x70006744       0x38 CMakeFiles/RT1064.elf.dir/nxp_libraries/drives/fsl_pwm.c.obj
                0x70006744                PWM_GetDefaultConfig
 .text.PWM_SetupPwm
                0x7000677c      0x2d8 CMakeFiles/RT1064.elf.dir/nxp_libraries/drives/fsl_pwm.c.obj
                0x7000677c                PWM_SetupPwm
 .text.PWM_UpdatePwmDutycycle
                0x70006a54      0x1fc CMakeFiles/RT1064.elf.dir/nxp_libraries/drives/fsl_pwm.c.obj
                0x70006a54                PWM_UpdatePwmDutycycle
 .text.QTMR_GetInstance
                0x70006c50       0x3c CMakeFiles/RT1064.elf.dir/nxp_libraries/drives/fsl_qtmr.c.obj
 .text.QTMR_Init
                0x70006c8c       0xbc CMakeFiles/RT1064.elf.dir/nxp_libraries/drives/fsl_qtmr.c.obj
                0x70006c8c                QTMR_Init
 .text.QTMR_Deinit
                0x70006d48       0x5c CMakeFiles/RT1064.elf.dir/nxp_libraries/drives/fsl_qtmr.c.obj
                0x70006d48                QTMR_Deinit
 .text.QTMR_GetDefaultConfig
                0x70006da4       0x30 CMakeFiles/RT1064.elf.dir/nxp_libraries/drives/fsl_qtmr.c.obj
                0x70006da4                QTMR_GetDefaultConfig
 .text.SAI1_DriverIRQHandler
                0x70006dd4       0x88 CMakeFiles/RT1064.elf.dir/nxp_libraries/drives/fsl_sai.c.obj
                0x70006dd4                SAI1_DriverIRQHandler
 .text.SAI2_DriverIRQHandler
                0x70006e5c       0x88 CMakeFiles/RT1064.elf.dir/nxp_libraries/drives/fsl_sai.c.obj
                0x70006e5c                SAI2_DriverIRQHandler
 .text.SAI3_TX_DriverIRQHandler
                0x70006ee4       0x38 CMakeFiles/RT1064.elf.dir/nxp_libraries/drives/fsl_sai.c.obj
                0x70006ee4                SAI3_TX_DriverIRQHandler
 .text.SAI3_RX_DriverIRQHandler
                0x70006f1c       0x38 CMakeFiles/RT1064.elf.dir/nxp_libraries/drives/fsl_sai.c.obj
                0x70006f1c                SAI3_RX_DriverIRQHandler
 .text.SPDIF_DriverIRQHandler
                0x70006f54       0x34 CMakeFiles/RT1064.elf.dir/nxp_libraries/drives/fsl_spdif.c.obj
                0x70006f54                SPDIF_DriverIRQHandler
 .text.USDHC1_DriverIRQHandler
                0x70006f88       0x1c CMakeFiles/RT1064.elf.dir/nxp_libraries/drives/fsl_usdhc.c.obj
                0x70006f88                USDHC1_DriverIRQHandler
 .text.USDHC2_DriverIRQHandler
                0x70006fa4       0x1c CMakeFiles/RT1064.elf.dir/nxp_libraries/drives/fsl_usdhc.c.obj
                0x70006fa4                USDHC2_DriverIRQHandler
 .text.SDMMCEVENT_GetInstance
                0x70006fc0       0x1c CMakeFiles/RT1064.elf.dir/nxp_libraries/middleware/sdmmc/port/usdhc/interrupt/fsl_sdmmc_event.c.obj
 .text.SysTick_Handler
                0x70006fdc       0x10 CMakeFiles/RT1064.elf.dir/nxp_libraries/middleware/sdmmc/port/usdhc/interrupt/fsl_sdmmc_event.c.obj
                0x70006fdc                SysTick_Handler
 .text.SDMMCEVENT_Notify
                0x70006fec       0x14 CMakeFiles/RT1064.elf.dir/nxp_libraries/middleware/sdmmc/port/usdhc/interrupt/fsl_sdmmc_event.c.obj
                0x70006fec                SDMMCEVENT_Notify
 .text.SDMMCHOST_NofiyCardInsertStatus
                0x70007000       0x34 CMakeFiles/RT1064.elf.dir/nxp_libraries/middleware/sdmmc/port/usdhc/interrupt/fsl_sdmmc_host.c.obj
 .text.GPIO3_Combined_0_15_IRQHandler
                0x70007034       0x40 CMakeFiles/RT1064.elf.dir/nxp_libraries/middleware/sdmmc/port/usdhc/interrupt/fsl_sdmmc_host.c.obj
                0x70007034                GPIO3_Combined_0_15_IRQHandler
 .text.USB_DeviceControl
                0x70007074       0x1a CMakeFiles/RT1064.elf.dir/nxp_libraries/usb/device/usb_device_dci.c.obj
 .text.USB_DeviceResetNotification
                0x7000708e       0x48 CMakeFiles/RT1064.elf.dir/nxp_libraries/usb/device/usb_device_dci.c.obj
 .text.USB_DeviceNotification
                0x700070d6       0x6e CMakeFiles/RT1064.elf.dir/nxp_libraries/usb/device/usb_device_dci.c.obj
 .text.USB_DeviceNotificationTrigger
                0x70007144       0x22 CMakeFiles/RT1064.elf.dir/nxp_libraries/usb/device/usb_device_dci.c.obj
                0x70007144                USB_DeviceNotificationTrigger
 .text.USB_DeviceEhciFillSetupBuffer
                0x70007166       0x54 CMakeFiles/RT1064.elf.dir/nxp_libraries/usb/device/usb_device_ehci.c.obj
 .text.USB_DeviceEhciInterruptReset
                0x700071ba       0x5e CMakeFiles/RT1064.elf.dir/nxp_libraries/usb/device/usb_device_ehci.c.obj
 .text.USB_DeviceEhciCancelControlPipe
                0x70007218      0x10e CMakeFiles/RT1064.elf.dir/nxp_libraries/usb/device/usb_device_ehci.c.obj
 .text.USB_DeviceEhciInterruptTokenDone
                0x70007326      0x29e CMakeFiles/RT1064.elf.dir/nxp_libraries/usb/device/usb_device_ehci.c.obj
 .text.USB_DeviceEhciInterruptPortChange
                0x700075c4       0x54 CMakeFiles/RT1064.elf.dir/nxp_libraries/usb/device/usb_device_ehci.c.obj
 .text.USB_DeviceEhciIsrFunction
                0x70007618       0x44 CMakeFiles/RT1064.elf.dir/nxp_libraries/usb/device/usb_device_ehci.c.obj
                0x70007618                USB_DeviceEhciIsrFunction
 .text.__assert_func
                0x7000765c        0x4 CMakeFiles/RT1064.elf.dir/nxp_libraries/utilities/fsl_assert.c.obj
                0x7000765c                __assert_func
 .text.BOARD_DebugConsoleSrcFreq
                0x70007660       0x68 CMakeFiles/RT1064.elf.dir/seekfree_libraries/board/board.c.obj
                0x70007660                BOARD_DebugConsoleSrcFreq
 .text.BOARD_InitDebugConsole
                0x700076c8        0x8 CMakeFiles/RT1064.elf.dir/seekfree_libraries/board/board.c.obj
                0x700076c8                BOARD_InitDebugConsole
 .text.BOARD_ConfigMPU
                0x700076d0      0x1c8 CMakeFiles/RT1064.elf.dir/seekfree_libraries/board/board.c.obj
                0x700076d0                BOARD_ConfigMPU
 .text.board_init
                0x70007898       0x30 CMakeFiles/RT1064.elf.dir/seekfree_libraries/board/board.c.obj
                0x70007898                board_init
 .text.BOARD_BootClockRUN
                0x700078c8      0x5f0 CMakeFiles/RT1064.elf.dir/seekfree_libraries/board/clock_config.c.obj
                0x700078c8                BOARD_BootClockRUN
 .text.BOARD_InitPins
                0x70007eb8       0x2c CMakeFiles/RT1064.elf.dir/seekfree_libraries/board/pin_mux.c.obj
                0x70007eb8                BOARD_InitPins
 .text.BOARD_InitBootPins
                0x70007ee4        0x8 CMakeFiles/RT1064.elf.dir/seekfree_libraries/board/pin_mux.c.obj
                0x70007ee4                BOARD_InitBootPins
 .text.number_conversion_ascii
                0x70007eec       0x5c CMakeFiles/RT1064.elf.dir/seekfree_libraries/common/SEEKFREE_PRINTF.c.obj
                0x70007eec                number_conversion_ascii
 .text.printf_reverse_order
                0x70007f48       0x24 CMakeFiles/RT1064.elf.dir/seekfree_libraries/common/SEEKFREE_PRINTF.c.obj
                0x70007f48                printf_reverse_order
 *fill*         0x70007f6c        0x4 
 .text.zf_sprintf
                0x70007f70      0x3b8 CMakeFiles/RT1064.elf.dir/seekfree_libraries/common/SEEKFREE_PRINTF.c.obj
                0x70007f70                zf_sprintf
 .text.NMI_Handler
                0x70008328        0x2 CMakeFiles/RT1064.elf.dir/seekfree_libraries/common/common.c.obj
                0x70008328                NMI_Handler
 .text.HardFault_Handler
                0x7000832a        0x2 CMakeFiles/RT1064.elf.dir/seekfree_libraries/common/common.c.obj
                0x7000832a                HardFault_Handler
 .text.MemManage_Handler
                0x7000832c        0x2 CMakeFiles/RT1064.elf.dir/seekfree_libraries/common/common.c.obj
                0x7000832c                MemManage_Handler
 .text.BusFault_Handler
                0x7000832e        0x2 CMakeFiles/RT1064.elf.dir/seekfree_libraries/common/common.c.obj
                0x7000832e                BusFault_Handler
 .text.UsageFault_Handler
                0x70008330        0x2 CMakeFiles/RT1064.elf.dir/seekfree_libraries/common/common.c.obj
                0x70008330                UsageFault_Handler
 .text.SVC_Handler
                0x70008332        0x2 CMakeFiles/RT1064.elf.dir/seekfree_libraries/common/common.c.obj
                0x70008332                SVC_Handler
 .text.DebugMon_Handler
                0x70008334        0x2 CMakeFiles/RT1064.elf.dir/seekfree_libraries/common/common.c.obj
                0x70008334                DebugMon_Handler
 .text.PendSV_Handler
                0x70008336        0x2 CMakeFiles/RT1064.elf.dir/seekfree_libraries/common/common.c.obj
                0x70008336                PendSV_Handler
 .text.adc_iomuxc
                0x70008338      0x134 CMakeFiles/RT1064.elf.dir/seekfree_libraries/zf_adc.c.obj
                0x70008338                adc_iomuxc
 .text.adc_init
                0x7000846c       0x50 CMakeFiles/RT1064.elf.dir/seekfree_libraries/zf_adc.c.obj
                0x7000846c                adc_init
 .text.adc_convert
                0x700084bc       0x38 CMakeFiles/RT1064.elf.dir/seekfree_libraries/zf_adc.c.obj
                0x700084bc                adc_convert
 .text.gpio_init
                0x700084f4       0x58 CMakeFiles/RT1064.elf.dir/seekfree_libraries/zf_gpio.c.obj
                0x700084f4                gpio_init
 .text.gpio_set
                0x7000854c       0x38 CMakeFiles/RT1064.elf.dir/seekfree_libraries/zf_gpio.c.obj
                0x7000854c                gpio_set
 .text.gpio_get
                0x70008584       0x20 CMakeFiles/RT1064.elf.dir/seekfree_libraries/zf_gpio.c.obj
                0x70008584                gpio_get
 .text.iomuxc_pinconf
                0x700085a4     0x2b14 CMakeFiles/RT1064.elf.dir/seekfree_libraries/zf_iomuxc.c.obj
                0x700085a4                iomuxc_pinconf
 .text.pit_init
                0x7000b0b8       0x2c CMakeFiles/RT1064.elf.dir/seekfree_libraries/zf_pit.c.obj
                0x7000b0b8                pit_init
 .text.pit_interrupt
                0x7000b0e4       0x44 CMakeFiles/RT1064.elf.dir/seekfree_libraries/zf_pit.c.obj
                0x7000b0e4                pit_interrupt
 .text.pwm_iomuxc
                0x7000b128      0x4d4 CMakeFiles/RT1064.elf.dir/seekfree_libraries/zf_pwm.c.obj
                0x7000b128                pwm_iomuxc
 .text.pwm_init
                0x7000b5fc      0x1ac CMakeFiles/RT1064.elf.dir/seekfree_libraries/zf_pwm.c.obj
                0x7000b5fc                pwm_init
 .text.pwm_duty
                0x7000b7a8       0x78 CMakeFiles/RT1064.elf.dir/seekfree_libraries/zf_pwm.c.obj
                0x7000b7a8                pwm_duty
 .text.qtimer_iomuxc
                0x7000b820      0x520 CMakeFiles/RT1064.elf.dir/seekfree_libraries/zf_qtimer.c.obj
                0x7000b820                qtimer_iomuxc
 .text.qtimer_quad_init
                0x7000bd40       0x90 CMakeFiles/RT1064.elf.dir/seekfree_libraries/zf_qtimer.c.obj
                0x7000bd40                qtimer_quad_init
 .text.qtimer_quad_get
                0x7000bdd0       0x30 CMakeFiles/RT1064.elf.dir/seekfree_libraries/zf_qtimer.c.obj
                0x7000bdd0                qtimer_quad_get
 .text.qtimer_quad_clear
                0x7000be00       0x30 CMakeFiles/RT1064.elf.dir/seekfree_libraries/zf_qtimer.c.obj
                0x7000be00                qtimer_quad_clear
 .text.gpt_init
                0x7000be30       0x4c CMakeFiles/RT1064.elf.dir/seekfree_libraries/zf_systick.c.obj
                0x7000be30                gpt_init
 .text.systick_delay
                0x7000be7c       0x34 CMakeFiles/RT1064.elf.dir/seekfree_libraries/zf_systick.c.obj
                0x7000be7c                systick_delay
 .text.systick_delay_ms
                0x7000beb0       0x24 CMakeFiles/RT1064.elf.dir/seekfree_libraries/zf_systick.c.obj
                0x7000beb0                systick_delay_ms
 .text.uart_iomuxc
                0x7000bed4      0x2c8 CMakeFiles/RT1064.elf.dir/seekfree_libraries/zf_uart.c.obj
                0x7000bed4                uart_iomuxc
 .text.uart_init
                0x7000c19c       0x54 CMakeFiles/RT1064.elf.dir/seekfree_libraries/zf_uart.c.obj
                0x7000c19c                uart_init
 .text.USB_OTG1_IRQHandler
                0x7000c1f0       0x10 CMakeFiles/RT1064.elf.dir/seekfree_libraries/zf_usb_cdc.c.obj
                0x7000c1f0                USB_OTG1_IRQHandler
 .text.USB_OTG2_IRQHandler
                0x7000c200       0x10 CMakeFiles/RT1064.elf.dir/seekfree_libraries/zf_usb_cdc.c.obj
                0x7000c200                USB_OTG2_IRQHandler
 .text.oled_wrdat
                0x7000c210       0x5e CMakeFiles/RT1064.elf.dir/seekfree_peripheral/SEEKFREE_OLED.c.obj
                0x7000c210                oled_wrdat
 .text.oled_wrcmd
                0x7000c26e       0x5e CMakeFiles/RT1064.elf.dir/seekfree_peripheral/SEEKFREE_OLED.c.obj
                0x7000c26e                oled_wrcmd
 .text.oled_hexascii
                0x7000c2cc       0x38 CMakeFiles/RT1064.elf.dir/seekfree_peripheral/SEEKFREE_OLED.c.obj
                0x7000c2cc                oled_hexascii
 .text.oled_set_pos
                0x7000c304       0x54 CMakeFiles/RT1064.elf.dir/seekfree_peripheral/SEEKFREE_OLED.c.obj
                0x7000c304                oled_set_pos
 .text.oled_fill
                0x7000c358       0x3c CMakeFiles/RT1064.elf.dir/seekfree_peripheral/SEEKFREE_OLED.c.obj
                0x7000c358                oled_fill
 .text.oled_init
                0x7000c394      0x11e CMakeFiles/RT1064.elf.dir/seekfree_peripheral/SEEKFREE_OLED.c.obj
                0x7000c394                oled_init
 *fill*         0x7000c4b2        0x2 
 .text.oled_p6x8str
                0x7000c4b4       0x60 CMakeFiles/RT1064.elf.dir/seekfree_peripheral/SEEKFREE_OLED.c.obj
                0x7000c4b4                oled_p6x8str
 .text.oled_int16
                0x7000c514       0x44 CMakeFiles/RT1064.elf.dir/seekfree_peripheral/SEEKFREE_OLED.c.obj
                0x7000c514                oled_int16
 .text.oled_printf_float
                0x7000c558       0xac CMakeFiles/RT1064.elf.dir/seekfree_peripheral/SEEKFREE_OLED.c.obj
                0x7000c558                oled_printf_float
 .text.exit     0x7000c604       0x20 d:/clionapp/gcc-arm-none-eabi/bin/../lib/gcc/arm-none-eabi/9.3.1/../../../../arm-none-eabi/lib/thumb/v7e-m+fp/hard\libg.a(lib_a-exit.o)
                0x7000c604                exit
 .text.__libc_init_array
                0x7000c624       0x48 d:/clionapp/gcc-arm-none-eabi/bin/../lib/gcc/arm-none-eabi/9.3.1/../../../../arm-none-eabi/lib/thumb/v7e-m+fp/hard\libg.a(lib_a-init.o)
                0x7000c624                __libc_init_array
 .text.memset   0x7000c66c       0xa0 d:/clionapp/gcc-arm-none-eabi/bin/../lib/gcc/arm-none-eabi/9.3.1/../../../../arm-none-eabi/lib/thumb/v7e-m+fp/hard\libg.a(lib_a-memset.o)
                0x7000c66c                memset
 .text.startup.register_fini
                0x7000c70c       0x14 d:/clionapp/gcc-arm-none-eabi/bin/../lib/gcc/arm-none-eabi/9.3.1/../../../../arm-none-eabi/lib/thumb/v7e-m+fp/hard\libg.a(lib_a-__call_atexit.o)
 .text.__call_exitprocs
                0x7000c720       0xcc d:/clionapp/gcc-arm-none-eabi/bin/../lib/gcc/arm-none-eabi/9.3.1/../../../../arm-none-eabi/lib/thumb/v7e-m+fp/hard\libg.a(lib_a-__call_atexit.o)
                0x7000c720                __call_exitprocs
 .text.atexit   0x7000c7ec        0xc d:/clionapp/gcc-arm-none-eabi/bin/../lib/gcc/arm-none-eabi/9.3.1/../../../../arm-none-eabi/lib/thumb/v7e-m+fp/hard\libg.a(lib_a-atexit.o)
                0x7000c7ec                atexit
 .text.__libc_fini_array
                0x7000c7f8       0x2c d:/clionapp/gcc-arm-none-eabi/bin/../lib/gcc/arm-none-eabi/9.3.1/../../../../arm-none-eabi/lib/thumb/v7e-m+fp/hard\libg.a(lib_a-fini.o)
                0x7000c7f8                __libc_fini_array
 .text.__retarget_lock_acquire_recursive
                0x7000c824        0x4 d:/clionapp/gcc-arm-none-eabi/bin/../lib/gcc/arm-none-eabi/9.3.1/../../../../arm-none-eabi/lib/thumb/v7e-m+fp/hard\libg.a(lib_a-lock.o)
                0x7000c824                __retarget_lock_acquire_recursive
 .text.__retarget_lock_release_recursive
                0x7000c828        0x4 d:/clionapp/gcc-arm-none-eabi/bin/../lib/gcc/arm-none-eabi/9.3.1/../../../../arm-none-eabi/lib/thumb/v7e-m+fp/hard\libg.a(lib_a-lock.o)
                0x7000c828                __retarget_lock_release_recursive
 .text.__register_exitproc
                0x7000c82c       0x8c d:/clionapp/gcc-arm-none-eabi/bin/../lib/gcc/arm-none-eabi/9.3.1/../../../../arm-none-eabi/lib/thumb/v7e-m+fp/hard\libg.a(lib_a-__atexit.o)
                0x7000c82c                __register_exitproc
 *(.rodata)
 .rodata        0x7000c8b8       0x10 CMakeFiles/RT1064.elf.dir/nxp_libraries/drives/fsl_clock.c.obj
 *(.rodata*)
 .rodata.Interactive.str1.4
                0x7000c8c8       0xcc CMakeFiles/RT1064.elf.dir/CODE/Interactive.c.obj
 .rodata.ADC_GetInstance.str1.4
                0x7000c994       0x90 CMakeFiles/RT1064.elf.dir/nxp_libraries/drives/fsl_adc.c.obj
 .rodata.ADC_Init.str1.4
                0x7000ca24       0x8a CMakeFiles/RT1064.elf.dir/nxp_libraries/drives/fsl_adc.c.obj
 *fill*         0x7000caae        0x2 
 .rodata.ADC_SetChannelConfig.str1.4
                0x7000cab0       0x1c CMakeFiles/RT1064.elf.dir/nxp_libraries/drives/fsl_adc.c.obj
 .rodata.__func__.10673
                0x7000cacc       0x12 CMakeFiles/RT1064.elf.dir/nxp_libraries/drives/fsl_adc.c.obj
 *fill*         0x7000cade        0x2 
 .rodata.__func__.10954
                0x7000cae0       0x10 CMakeFiles/RT1064.elf.dir/nxp_libraries/drives/fsl_adc.c.obj
 .rodata.__func__.10959
                0x7000caf0        0x9 CMakeFiles/RT1064.elf.dir/nxp_libraries/drives/fsl_adc.c.obj
 *fill*         0x7000caf9        0x3 
 .rodata.__func__.10967
                0x7000cafc       0x15 CMakeFiles/RT1064.elf.dir/nxp_libraries/drives/fsl_adc.c.obj
 *fill*         0x7000cb11        0x3 
 .rodata.__func__.10973
                0x7000cb14       0x15 CMakeFiles/RT1064.elf.dir/nxp_libraries/drives/fsl_adc.c.obj
 *fill*         0x7000cb29        0x3 
 .rodata.s_adcBases
                0x7000cb2c        0xc CMakeFiles/RT1064.elf.dir/nxp_libraries/drives/fsl_adc.c.obj
 .rodata.s_adcClocks
                0x7000cb38        0x6 CMakeFiles/RT1064.elf.dir/nxp_libraries/drives/fsl_adc.c.obj
 *fill*         0x7000cb3e        0x2 
 .rodata.CLOCK_InitExternalClk.str1.4
                0x7000cb40       0x7e CMakeFiles/RT1064.elf.dir/nxp_libraries/drives/fsl_clock.c.obj
 *fill*         0x7000cbbe        0x2 
 .rodata.__func__.10844
                0x7000cbc0       0x16 CMakeFiles/RT1064.elf.dir/nxp_libraries/drives/fsl_clock.c.obj
 *fill*         0x7000cbd6        0x2 
 .rodata.EDMA_GetInstance.str1.4
                0x7000cbd8       0x91 CMakeFiles/RT1064.elf.dir/nxp_libraries/drives/fsl_edma.c.obj
 *fill*         0x7000cc69        0x3 
 .rodata.EDMA_InstallTCD.str1.4
                0x7000cc6c       0x55 CMakeFiles/RT1064.elf.dir/nxp_libraries/drives/fsl_edma.c.obj
 *fill*         0x7000ccc1        0x3 
 .rodata.EDMA_CreateHandle.str1.4
                0x7000ccc4        0xf CMakeFiles/RT1064.elf.dir/nxp_libraries/drives/fsl_edma.c.obj
 *fill*         0x7000ccd3        0x1 
 .rodata.__func__.11256
                0x7000ccd4       0x1b CMakeFiles/RT1064.elf.dir/nxp_libraries/drives/fsl_edma.c.obj
 *fill*         0x7000ccef        0x1 
 .rodata.__func__.11347
                0x7000ccf0        0xf CMakeFiles/RT1064.elf.dir/nxp_libraries/drives/fsl_edma.c.obj
 *fill*         0x7000ccff        0x1 
 .rodata.ENET_SetTxBufferDescriptors.str1.4
                0x7000cd00       0x7d CMakeFiles/RT1064.elf.dir/nxp_libraries/drives/fsl_enet.c.obj
                                 0x85 (size before relaxing)
 *fill*         0x7000cd7d        0x3 
 .rodata.ENET_GetInstance.str1.4
                0x7000cd80       0x23 CMakeFiles/RT1064.elf.dir/nxp_libraries/drives/fsl_enet.c.obj
 *fill*         0x7000cda3        0x1 
 .rodata.__func__.11137
                0x7000cda4       0x11 CMakeFiles/RT1064.elf.dir/nxp_libraries/drives/fsl_enet.c.obj
 *fill*         0x7000cdb5        0x3 
 .rodata.s_enetBases
                0x7000cdb8        0xc CMakeFiles/RT1064.elf.dir/nxp_libraries/drives/fsl_enet.c.obj
 .rodata.FLEXCAN_Reset.str1.4
                0x7000cdc4       0x94 CMakeFiles/RT1064.elf.dir/nxp_libraries/drives/fsl_flexcan.c.obj
 .rodata.CAN1_DriverIRQHandler.str1.4
                0x7000ce58       0x13 CMakeFiles/RT1064.elf.dir/nxp_libraries/drives/fsl_flexcan.c.obj
 *fill*         0x7000ce6b        0x1 
 .rodata.CAN2_DriverIRQHandler.str1.4
                0x7000ce6c       0x13 CMakeFiles/RT1064.elf.dir/nxp_libraries/drives/fsl_flexcan.c.obj
 *fill*         0x7000ce7f        0x1 
 .rodata.CAN3_DriverIRQHandler.str1.4
                0x7000ce80       0x13 CMakeFiles/RT1064.elf.dir/nxp_libraries/drives/fsl_flexcan.c.obj
 *fill*         0x7000ce93        0x1 
 .rodata.__func__.11674
                0x7000ce94       0x16 CMakeFiles/RT1064.elf.dir/nxp_libraries/drives/fsl_flexcan.c.obj
 *fill*         0x7000ceaa        0x2 
 .rodata.__func__.11678
                0x7000ceac       0x16 CMakeFiles/RT1064.elf.dir/nxp_libraries/drives/fsl_flexcan.c.obj
 *fill*         0x7000cec2        0x2 
 .rodata.__func__.11682
                0x7000cec4       0x16 CMakeFiles/RT1064.elf.dir/nxp_libraries/drives/fsl_flexcan.c.obj
 *fill*         0x7000ceda        0x2 
 .rodata.GPIO_GetInstance.str1.4
                0x7000cedc       0x91 CMakeFiles/RT1064.elf.dir/nxp_libraries/drives/fsl_gpio.c.obj
 *fill*         0x7000cf6d        0x3 
 .rodata.GPIO_PinWrite.str1.4
                0x7000cf70        0x9 CMakeFiles/RT1064.elf.dir/nxp_libraries/drives/fsl_gpio.c.obj
 .rodata.GPIO_PinInit.str1.4
                0x7000cf79       0x7a CMakeFiles/RT1064.elf.dir/nxp_libraries/drives/fsl_gpio.c.obj
 *fill*         0x7000cf79        0x3 
 .rodata.__func__.10673
                0x7000cf7c       0x12 CMakeFiles/RT1064.elf.dir/nxp_libraries/drives/fsl_gpio.c.obj
 *fill*         0x7000cf8e        0x2 
 .rodata.__func__.10938
                0x7000cf90       0x11 CMakeFiles/RT1064.elf.dir/nxp_libraries/drives/fsl_gpio.c.obj
 *fill*         0x7000cfa1        0x3 
 .rodata.__func__.10949
                0x7000cfa4        0xe CMakeFiles/RT1064.elf.dir/nxp_libraries/drives/fsl_gpio.c.obj
 *fill*         0x7000cfb2        0x2 
 .rodata.s_gpioBases
                0x7000cfb4       0x28 CMakeFiles/RT1064.elf.dir/nxp_libraries/drives/fsl_gpio.c.obj
 .rodata.s_gpioClock
                0x7000cfdc        0xc CMakeFiles/RT1064.elf.dir/nxp_libraries/drives/fsl_gpio.c.obj
 .rodata.GPT_GetInstance.str1.4
                0x7000cfe8       0x90 CMakeFiles/RT1064.elf.dir/nxp_libraries/drives/fsl_gpt.c.obj
 .rodata.GPT_Init.str1.4
                0x7000d078       0xa0 CMakeFiles/RT1064.elf.dir/nxp_libraries/drives/fsl_gpt.c.obj
                                0x11c (size before relaxing)
 .rodata.GPT_GetDefaultConfig.str1.4
                0x7000d118        0x7 CMakeFiles/RT1064.elf.dir/nxp_libraries/drives/fsl_gpt.c.obj
 .rodata.__func__.10673
                0x7000d118       0x12 CMakeFiles/RT1064.elf.dir/nxp_libraries/drives/fsl_gpt.c.obj
 *fill*         0x7000d12a        0x2 
 .rodata.__func__.10900
                0x7000d12c       0x14 CMakeFiles/RT1064.elf.dir/nxp_libraries/drives/fsl_gpt.c.obj
 .rodata.__func__.10992
                0x7000d140       0x10 CMakeFiles/RT1064.elf.dir/nxp_libraries/drives/fsl_gpt.c.obj
 .rodata.__func__.10997
                0x7000d150        0x9 CMakeFiles/RT1064.elf.dir/nxp_libraries/drives/fsl_gpt.c.obj
 *fill*         0x7000d159        0x3 
 .rodata.__func__.11004
                0x7000d15c       0x15 CMakeFiles/RT1064.elf.dir/nxp_libraries/drives/fsl_gpt.c.obj
 *fill*         0x7000d171        0x3 
 .rodata.s_gptBases
                0x7000d174        0xc CMakeFiles/RT1064.elf.dir/nxp_libraries/drives/fsl_gpt.c.obj
 .rodata.s_gptClocks
                0x7000d180        0x6 CMakeFiles/RT1064.elf.dir/nxp_libraries/drives/fsl_gpt.c.obj
 *fill*         0x7000d186        0x2 
 .rodata.LPSPI_CombineWriteData.str1.4
                0x7000d188       0x7e CMakeFiles/RT1064.elf.dir/nxp_libraries/drives/fsl_lpspi.c.obj
 *fill*         0x7000d206        0x2 
 .rodata.LPSPI1_DriverIRQHandler.str1.4
                0x7000d208       0x11 CMakeFiles/RT1064.elf.dir/nxp_libraries/drives/fsl_lpspi.c.obj
 *fill*         0x7000d219        0x3 
 .rodata.LPSPI2_DriverIRQHandler.str1.4
                0x7000d21c       0x11 CMakeFiles/RT1064.elf.dir/nxp_libraries/drives/fsl_lpspi.c.obj
 *fill*         0x7000d22d        0x3 
 .rodata.LPSPI3_DriverIRQHandler.str1.4
                0x7000d230       0x11 CMakeFiles/RT1064.elf.dir/nxp_libraries/drives/fsl_lpspi.c.obj
 *fill*         0x7000d241        0x3 
 .rodata.LPSPI4_DriverIRQHandler.str1.4
                0x7000d244       0x11 CMakeFiles/RT1064.elf.dir/nxp_libraries/drives/fsl_lpspi.c.obj
 *fill*         0x7000d255        0x3 
 .rodata.__func__.11513
                0x7000d258       0x18 CMakeFiles/RT1064.elf.dir/nxp_libraries/drives/fsl_lpspi.c.obj
 .rodata.__func__.11517
                0x7000d270       0x18 CMakeFiles/RT1064.elf.dir/nxp_libraries/drives/fsl_lpspi.c.obj
 .rodata.__func__.11521
                0x7000d288       0x18 CMakeFiles/RT1064.elf.dir/nxp_libraries/drives/fsl_lpspi.c.obj
 .rodata.__func__.11525
                0x7000d2a0       0x18 CMakeFiles/RT1064.elf.dir/nxp_libraries/drives/fsl_lpspi.c.obj
 .rodata.LPUART_ReadNonBlocking.str1.4
                0x7000d2b8       0x77 CMakeFiles/RT1064.elf.dir/nxp_libraries/drives/fsl_lpuart.c.obj
 *fill*         0x7000d32f        0x1 
 .rodata.LPUART_GetInstance.str1.4
                0x7000d330       0x25 CMakeFiles/RT1064.elf.dir/nxp_libraries/drives/fsl_lpuart.c.obj
 *fill*         0x7000d355        0x3 
 .rodata.LPUART_Init.str1.4
                0x7000d358       0x97 CMakeFiles/RT1064.elf.dir/nxp_libraries/drives/fsl_lpuart.c.obj
                                0x11a (size before relaxing)
 *fill*         0x7000d3ef        0x1 
 .rodata.__func__.10673
                0x7000d3f0       0x12 CMakeFiles/RT1064.elf.dir/nxp_libraries/drives/fsl_lpuart.c.obj
 *fill*         0x7000d402        0x2 
 .rodata.__func__.11089
                0x7000d404       0x13 CMakeFiles/RT1064.elf.dir/nxp_libraries/drives/fsl_lpuart.c.obj
 *fill*         0x7000d417        0x1 
 .rodata.__func__.11129
                0x7000d418        0xc CMakeFiles/RT1064.elf.dir/nxp_libraries/drives/fsl_lpuart.c.obj
 .rodata.__func__.11156
                0x7000d424       0x18 CMakeFiles/RT1064.elf.dir/nxp_libraries/drives/fsl_lpuart.c.obj
 .rodata.s_lpuartBases
                0x7000d43c       0x24 CMakeFiles/RT1064.elf.dir/nxp_libraries/drives/fsl_lpuart.c.obj
 .rodata.s_lpuartClock
                0x7000d460       0x12 CMakeFiles/RT1064.elf.dir/nxp_libraries/drives/fsl_lpuart.c.obj
 *fill*         0x7000d472        0x2 
 .rodata.PIT_GetInstance.str1.4
                0x7000d474       0x90 CMakeFiles/RT1064.elf.dir/nxp_libraries/drives/fsl_pit.c.obj
 .rodata.PIT_Init.str1.4
                0x7000d504        0x7 CMakeFiles/RT1064.elf.dir/nxp_libraries/drives/fsl_pit.c.obj
 .rodata.__func__.10902
                0x7000d504       0x10 CMakeFiles/RT1064.elf.dir/nxp_libraries/drives/fsl_pit.c.obj
 .rodata.__func__.10907
                0x7000d514        0x9 CMakeFiles/RT1064.elf.dir/nxp_libraries/drives/fsl_pit.c.obj
 *fill*         0x7000d51d        0x3 
 .rodata.PWM_GetInstance.str1.4
                0x7000d520       0x90 CMakeFiles/RT1064.elf.dir/nxp_libraries/drives/fsl_pwm.c.obj
 .rodata.PWM_Init.str1.4
                0x7000d5b0       0x82 CMakeFiles/RT1064.elf.dir/nxp_libraries/drives/fsl_pwm.c.obj
 .rodata.PWM_SetupPwm.str1.4
                0x7000d5b0       0x5d CMakeFiles/RT1064.elf.dir/nxp_libraries/drives/fsl_pwm.c.obj
 *fill*         0x7000d60d        0x3 
 .rodata.PWM_UpdatePwmDutycycle.str1.4
                0x7000d610        0xe CMakeFiles/RT1064.elf.dir/nxp_libraries/drives/fsl_pwm.c.obj
                                 0x32 (size before relaxing)
 *fill*         0x7000d61e        0x2 
 .rodata.__func__.10673
                0x7000d620       0x12 CMakeFiles/RT1064.elf.dir/nxp_libraries/drives/fsl_pwm.c.obj
 *fill*         0x7000d632        0x2 
 .rodata.__func__.11114
                0x7000d634       0x10 CMakeFiles/RT1064.elf.dir/nxp_libraries/drives/fsl_pwm.c.obj
 .rodata.__func__.11120
                0x7000d644        0x9 CMakeFiles/RT1064.elf.dir/nxp_libraries/drives/fsl_pwm.c.obj
 *fill*         0x7000d64d        0x3 
 .rodata.__func__.11140
                0x7000d650       0x15 CMakeFiles/RT1064.elf.dir/nxp_libraries/drives/fsl_pwm.c.obj
 *fill*         0x7000d665        0x3 
 .rodata.__func__.11150
                0x7000d668        0xd CMakeFiles/RT1064.elf.dir/nxp_libraries/drives/fsl_pwm.c.obj
 *fill*         0x7000d675        0x3 
 .rodata.__func__.11174
                0x7000d678       0x17 CMakeFiles/RT1064.elf.dir/nxp_libraries/drives/fsl_pwm.c.obj
 *fill*         0x7000d68f        0x1 
 .rodata.s_pwmBases
                0x7000d690       0x14 CMakeFiles/RT1064.elf.dir/nxp_libraries/drives/fsl_pwm.c.obj
 .rodata.s_pwmClocks
                0x7000d6a4       0x28 CMakeFiles/RT1064.elf.dir/nxp_libraries/drives/fsl_pwm.c.obj
 .rodata.QTMR_GetInstance.str1.4
                0x7000d6cc       0x91 CMakeFiles/RT1064.elf.dir/nxp_libraries/drives/fsl_qtmr.c.obj
 .rodata.QTMR_Init.str1.4
                0x7000d75d       0x82 CMakeFiles/RT1064.elf.dir/nxp_libraries/drives/fsl_qtmr.c.obj
 *fill*         0x7000d75d        0x3 
 .rodata.__func__.10673
                0x7000d760       0x12 CMakeFiles/RT1064.elf.dir/nxp_libraries/drives/fsl_qtmr.c.obj
 *fill*         0x7000d772        0x2 
 .rodata.__func__.10993
                0x7000d774       0x11 CMakeFiles/RT1064.elf.dir/nxp_libraries/drives/fsl_qtmr.c.obj
 *fill*         0x7000d785        0x3 
 .rodata.__func__.10999
                0x7000d788        0xa CMakeFiles/RT1064.elf.dir/nxp_libraries/drives/fsl_qtmr.c.obj
 *fill*         0x7000d792        0x2 
 .rodata.__func__.11007
                0x7000d794       0x16 CMakeFiles/RT1064.elf.dir/nxp_libraries/drives/fsl_qtmr.c.obj
 *fill*         0x7000d7aa        0x2 
 .rodata.s_qtmrBases
                0x7000d7ac       0x14 CMakeFiles/RT1064.elf.dir/nxp_libraries/drives/fsl_qtmr.c.obj
 .rodata.s_qtmrClocks
                0x7000d7c0        0xa CMakeFiles/RT1064.elf.dir/nxp_libraries/drives/fsl_qtmr.c.obj
 *fill*         0x7000d7ca        0x2 
 .rodata.SAI_GetInstance.str1.4
                0x7000d7cc       0x90 CMakeFiles/RT1064.elf.dir/nxp_libraries/drives/fsl_sai.c.obj
 .rodata.SAI3_TX_DriverIRQHandler.str1.4
                0x7000d85c       0x12 CMakeFiles/RT1064.elf.dir/nxp_libraries/drives/fsl_sai.c.obj
 *fill*         0x7000d86e        0x2 
 .rodata.SAI3_RX_DriverIRQHandler.str1.4
                0x7000d870       0x12 CMakeFiles/RT1064.elf.dir/nxp_libraries/drives/fsl_sai.c.obj
 *fill*         0x7000d882        0x2 
 .rodata.__func__.11601
                0x7000d884       0x19 CMakeFiles/RT1064.elf.dir/nxp_libraries/drives/fsl_sai.c.obj
 *fill*         0x7000d89d        0x3 
 .rodata.__func__.11605
                0x7000d8a0       0x19 CMakeFiles/RT1064.elf.dir/nxp_libraries/drives/fsl_sai.c.obj
 *fill*         0x7000d8b9        0x3 
 .rodata.armPllConfig_BOARD_BootClockRUN
                0x7000d8bc        0x8 CMakeFiles/RT1064.elf.dir/seekfree_libraries/board/clock_config.c.obj
                0x7000d8bc                armPllConfig_BOARD_BootClockRUN
 .rodata.adc_iomuxc.str1.4
                0x7000d8c4       0x6d CMakeFiles/RT1064.elf.dir/seekfree_libraries/zf_adc.c.obj
 *fill*         0x7000d931        0x3 
 .rodata.__func__.11903
                0x7000d934        0xb CMakeFiles/RT1064.elf.dir/seekfree_libraries/zf_adc.c.obj
 *fill*         0x7000d93f        0x1 
 .rodata.__func__.11910
                0x7000d940        0x9 CMakeFiles/RT1064.elf.dir/seekfree_libraries/zf_adc.c.obj
 *fill*         0x7000d949        0x3 
 .rodata.iomuxc_pinconf.str1.4
                0x7000d94c       0x6c CMakeFiles/RT1064.elf.dir/seekfree_libraries/zf_iomuxc.c.obj
                                 0x70 (size before relaxing)
 .rodata.__func__.11866
                0x7000d9b8        0xf CMakeFiles/RT1064.elf.dir/seekfree_libraries/zf_iomuxc.c.obj
 *fill*         0x7000d9c7        0x1 
 .rodata.pwm_iomuxc.str1.4
                0x7000d9c8       0x69 CMakeFiles/RT1064.elf.dir/seekfree_libraries/zf_pwm.c.obj
                                 0x6d (size before relaxing)
 *fill*         0x7000da31        0x3 
 .rodata.PWMPTR
                0x7000da34       0x14 CMakeFiles/RT1064.elf.dir/seekfree_libraries/zf_pwm.c.obj
 .rodata.__func__.12115
                0x7000da48        0xb CMakeFiles/RT1064.elf.dir/seekfree_libraries/zf_pwm.c.obj
 *fill*         0x7000da53        0x1 
 .rodata.__func__.12126
                0x7000da54        0x9 CMakeFiles/RT1064.elf.dir/seekfree_libraries/zf_pwm.c.obj
 *fill*         0x7000da5d        0x3 
 .rodata.qtimer_iomuxc.str1.4
                0x7000da60       0x6c CMakeFiles/RT1064.elf.dir/seekfree_libraries/zf_qtimer.c.obj
                                 0x70 (size before relaxing)
 .rodata.__func__.11903
                0x7000dacc        0xe CMakeFiles/RT1064.elf.dir/seekfree_libraries/zf_qtimer.c.obj
 *fill*         0x7000dada        0x2 
 .rodata.uart_iomuxc.str1.4
                0x7000dadc       0x6a CMakeFiles/RT1064.elf.dir/seekfree_libraries/zf_uart.c.obj
                                 0x6e (size before relaxing)
 *fill*         0x7000db46        0x2 
 .rodata.__func__.12153
                0x7000db48        0xc CMakeFiles/RT1064.elf.dir/seekfree_libraries/zf_uart.c.obj
 .rodata.oled_6x8
                0x7000db54      0x228 CMakeFiles/RT1064.elf.dir/seekfree_peripheral/SEEKFREE_FONT.c.obj
                0x7000db54                oled_6x8
 .rodata.oled_set_pos.str1.4
                0x7000dd7c       0x92 CMakeFiles/RT1064.elf.dir/seekfree_peripheral/SEEKFREE_OLED.c.obj
 *fill*         0x7000de0e        0x2 
 .rodata.oled_int16.str1.4
                0x7000de10        0x6 CMakeFiles/RT1064.elf.dir/seekfree_peripheral/SEEKFREE_OLED.c.obj
 *fill*         0x7000de16        0x2 
 .rodata.oled_printf_float.str1.4
                0x7000de18        0x3 CMakeFiles/RT1064.elf.dir/seekfree_peripheral/SEEKFREE_OLED.c.obj
 *fill*         0x7000de1b        0x1 
 .rodata.__func__.12360
                0x7000de1c        0xd CMakeFiles/RT1064.elf.dir/seekfree_peripheral/SEEKFREE_OLED.c.obj
 *fill*         0x7000de29        0x3 
 .rodata._global_impure_ptr
                0x7000de2c        0x4 d:/clionapp/gcc-arm-none-eabi/bin/../lib/gcc/arm-none-eabi/9.3.1/../../../../arm-none-eabi/lib/thumb/v7e-m+fp/hard\libg.a(lib_a-impure.o)
                0x7000de2c                _global_impure_ptr
 *(.glue_7)
 .glue_7        0x7000de30        0x0 linker stubs
 *(.glue_7t)
 .glue_7t       0x7000de30        0x0 linker stubs
 *(.eh_frame)
 .eh_frame      0x7000de30        0x0 d:/clionapp/gcc-arm-none-eabi/bin/../lib/gcc/arm-none-eabi/9.3.1/thumb/v7e-m+fp/hard/crtbegin.o
 *(.init)
 .init          0x7000de30        0x4 d:/clionapp/gcc-arm-none-eabi/bin/../lib/gcc/arm-none-eabi/9.3.1/thumb/v7e-m+fp/hard/crti.o
                0x7000de30                _init
 .init          0x7000de34        0x8 d:/clionapp/gcc-arm-none-eabi/bin/../lib/gcc/arm-none-eabi/9.3.1/thumb/v7e-m+fp/hard/crtn.o
 *(.fini)
 .fini          0x7000de3c        0x4 d:/clionapp/gcc-arm-none-eabi/bin/../lib/gcc/arm-none-eabi/9.3.1/thumb/v7e-m+fp/hard/crti.o
                0x7000de3c                _fini
 .fini          0x7000de40        0x8 d:/clionapp/gcc-arm-none-eabi/bin/../lib/gcc/arm-none-eabi/9.3.1/thumb/v7e-m+fp/hard/crtn.o
                0x7000de48                . = ALIGN (0x4)
                0x7000de48                _exit = .
                0x7000de48                _etext = .

.vfp11_veneer   0x7000de48        0x0
 .vfp11_veneer  0x7000de48        0x0 linker stubs

.v4_bx          0x7000de48        0x0
 .v4_bx         0x7000de48        0x0 linker stubs

.iplt           0x7000de48        0x0
 .iplt          0x7000de48        0x0 d:/clionapp/gcc-arm-none-eabi/bin/../lib/gcc/arm-none-eabi/9.3.1/thumb/v7e-m+fp/hard/crtbegin.o

.ARM.extab
 *(.ARM.extab* .gnu.linkonce.armextab.*)

.ARM            0x7000de48        0x8
                0x7000de48                __exidx_start = .
 *(.ARM.exidx*)
 .ARM.exidx     0x7000de48        0x8 d:/clionapp/gcc-arm-none-eabi/bin/../lib/gcc/arm-none-eabi/9.3.1/../../../../arm-none-eabi/lib/thumb/v7e-m+fp/hard/crt0.o
                                 0x10 (size before relaxing)
 .ARM.exidx     0x7000de50        0x0 d:/clionapp/gcc-arm-none-eabi/bin/../lib/gcc/arm-none-eabi/9.3.1/thumb/v7e-m+fp/hard\libgcc.a(_udivmoddi4.o)
                                  0x8 (size before relaxing)
                0x7000de50                __exidx_end = .

.rel.dyn        0x7000de50        0x0
 .rel.iplt      0x7000de50        0x0 d:/clionapp/gcc-arm-none-eabi/bin/../lib/gcc/arm-none-eabi/9.3.1/thumb/v7e-m+fp/hard/crtbegin.o

.ctors          0x7000de50        0x0
                0x7000de50                __CTOR_LIST__ = .
 *crtbegin.o(.ctors)
 *crtbegin?.o(.ctors)
 *(EXCLUDE_FILE(*crtend.o *crtend?.o) .ctors)
 *(SORT_BY_NAME(.ctors.*))
 *(.ctors)
                0x7000de50                __CTOR_END__ = .

.dtors          0x7000de50        0x0
                0x7000de50                __DTOR_LIST__ = .
 *crtbegin.o(.dtors)
 *crtbegin?.o(.dtors)
 *(EXCLUDE_FILE(*crtend.o *crtend?.o) .dtors)
 *(SORT_BY_NAME(.dtors.*))
 *(.dtors)
                0x7000de50                __DTOR_END__ = .

.preinit_array  0x7000de50        0x0
                0x7000de50                PROVIDE (__preinit_array_start = .)
 *(.preinit_array*)
                0x7000de50                PROVIDE (__preinit_array_end = .)

.init_array     0x7000de50        0x8
                0x7000de50                PROVIDE (__init_array_start = .)
 *(SORT_BY_NAME(.init_array.*))
 .init_array.00000
                0x7000de50        0x4 d:/clionapp/gcc-arm-none-eabi/bin/../lib/gcc/arm-none-eabi/9.3.1/../../../../arm-none-eabi/lib/thumb/v7e-m+fp/hard\libg.a(lib_a-__call_atexit.o)
 *(.init_array*)
 .init_array    0x7000de54        0x4 d:/clionapp/gcc-arm-none-eabi/bin/../lib/gcc/arm-none-eabi/9.3.1/thumb/v7e-m+fp/hard/crtbegin.o
                0x7000de58                PROVIDE (__init_array_end = .)

.fini_array     0x7000de58        0x4
                0x7000de58                PROVIDE (__fini_array_start = .)
 *(SORT_BY_NAME(.fini_array.*))
 *(.fini_array*)
 .fini_array    0x7000de58        0x4 d:/clionapp/gcc-arm-none-eabi/bin/../lib/gcc/arm-none-eabi/9.3.1/thumb/v7e-m+fp/hard/crtbegin.o
                0x7000de5c                PROVIDE (__fini_array_end = .)
                0x7000de5c                __etext = .
                0x7000de5c                __DATA_ROM = .

.interrupts_ram
                0x20000000        0x0
                0x20000000                . = ALIGN (0x4)
                0x20000000                __VECTOR_RAM__ = .
                0x20000000                __interrupts_ram_start__ = .
 *(.m_interrupts_ram)
                0x20000000                . = (. + VECTOR_RAM_SIZE)
                0x20000000                . = ALIGN (0x4)
                0x20000000                __interrupts_ram_end__ = .
                0x70002000                __VECTOR_RAM = DEFINED (__ram_vector_table__)?__VECTOR_RAM__:ORIGIN (m_interrupts)
                0x00000000                __RAM_VECTOR_TABLE_SIZE_BYTES = DEFINED (__ram_vector_table__)?(__interrupts_ram_end__ - __interrupts_ram_start__):0x0

.data           0x20000000      0x4fc load address 0x7000de5c
                0x20000000                . = ALIGN (0x4)
                0x20000000                __DATA_RAM = .
                0x20000000                __data_start__ = .
 *(m_usb_dma_init_data)
 *(.data)
 *(.data*)
 .data.Inductance_InitialValue
                0x20000000       0x18 CMakeFiles/RT1064.elf.dir/CODE/ADC.c.obj
                0x20000000                Inductance_InitialValue
 .data.Inductance_MAXValue
                0x20000018       0x18 CMakeFiles/RT1064.elf.dir/CODE/ADC.c.obj
                0x20000018                Inductance_MAXValue
 .data.Motor_GO_L_PWM
                0x20000030        0x2 CMakeFiles/RT1064.elf.dir/CODE/Motor.c.obj
                0x20000030                Motor_GO_L_PWM
 .data.Motor_GO_R_PWM
                0x20000032        0x2 CMakeFiles/RT1064.elf.dir/CODE/Motor.c.obj
                0x20000032                Motor_GO_R_PWM
 .data.garageout_flag
                0x20000034        0x2 CMakeFiles/RT1064.elf.dir/CODE/Motor.c.obj
                0x20000034                garageout_flag
 .data.speed_L  0x20000036        0x2 CMakeFiles/RT1064.elf.dir/CODE/Motor.c.obj
                0x20000036                speed_L
 .data.speed_R  0x20000038        0x2 CMakeFiles/RT1064.elf.dir/CODE/Motor.c.obj
                0x20000038                speed_R
 .data.SteerPWMDuty
                0x2000003a        0x2 CMakeFiles/RT1064.elf.dir/CODE/Steer.c.obj
                0x2000003a                SteerPWMDuty
 .data.Encoder_L_Filter
                0x2000003c        0x4 CMakeFiles/RT1064.elf.dir/USER/main.c.obj
                0x2000003c                Encoder_L_Filter
 .data.Encoder_R_Filter
                0x20000040        0x4 CMakeFiles/RT1064.elf.dir/USER/main.c.obj
                0x20000040                Encoder_R_Filter
 .data.Motor_GOL_Filter
                0x20000044        0x4 CMakeFiles/RT1064.elf.dir/USER/main.c.obj
                0x20000044                Motor_GOL_Filter
 .data.Motor_GOL_PID
                0x20000048        0x4 CMakeFiles/RT1064.elf.dir/USER/main.c.obj
                0x20000048                Motor_GOL_PID
 .data.Motor_GOR_Filter
                0x2000004c        0x4 CMakeFiles/RT1064.elf.dir/USER/main.c.obj
                0x2000004c                Motor_GOR_Filter
 .data.Motor_GOR_PID
                0x20000050        0x4 CMakeFiles/RT1064.elf.dir/USER/main.c.obj
                0x20000050                Motor_GOR_PID
 .data.Steer_Filter
                0x20000054        0x4 CMakeFiles/RT1064.elf.dir/USER/main.c.obj
                0x20000054                Steer_Filter
 .data.Steer_PID
                0x20000058        0x4 CMakeFiles/RT1064.elf.dir/USER/main.c.obj
                0x20000058                Steer_PID
 .data.SystemCoreClock
                0x2000005c        0x4 CMakeFiles/RT1064.elf.dir/nxp_libraries/deceive/system_MIMXRT1064.c.obj
                0x2000005c                SystemCoreClock
 .data.ADCN     0x20000060        0xc CMakeFiles/RT1064.elf.dir/seekfree_libraries/zf_adc.c.obj
                0x20000060                ADCN
 .data.PORTPTR  0x2000006c       0x28 CMakeFiles/RT1064.elf.dir/seekfree_libraries/zf_gpio.c.obj
                0x2000006c                PORTPTR
 .data.QTIMERN  0x20000094       0x14 CMakeFiles/RT1064.elf.dir/seekfree_libraries/zf_qtimer.c.obj
                0x20000094                QTIMERN
 .data.UARTN    0x200000a8       0x24 CMakeFiles/RT1064.elf.dir/seekfree_libraries/zf_uart.c.obj
                0x200000a8                UARTN
 *fill*         0x200000cc        0x4 
 .data.impure_data
                0x200000d0      0x428 d:/clionapp/gcc-arm-none-eabi/bin/../lib/gcc/arm-none-eabi/9.3.1/../../../../arm-none-eabi/lib/thumb/v7e-m+fp/hard\libg.a(lib_a-impure.o)
 .data.__atexit_recursive_mutex
                0x200004f8        0x4 d:/clionapp/gcc-arm-none-eabi/bin/../lib/gcc/arm-none-eabi/9.3.1/../../../../arm-none-eabi/lib/thumb/v7e-m+fp/hard\libg.a(lib_a-__call_atexit.o)
                0x200004f8                __atexit_recursive_mutex
 *(.jcr*)
                0x200004fc                . = ALIGN (0x4)
                0x200004fc                __data_end__ = .
                0x7000e358                __NDATA_ROM = (__DATA_ROM + (__data_end__ - __data_start__))

.igot.plt       0x200004fc        0x0 load address 0x7000e358
 .igot.plt      0x200004fc        0x0 d:/clionapp/gcc-arm-none-eabi/bin/../lib/gcc/arm-none-eabi/9.3.1/thumb/v7e-m+fp/hard/crtbegin.o

.ncache.init    0x200004fc        0x0 load address 0x7000e358
                0x200004fc                __noncachedata_start__ = .
 *(NonCacheable.init)
                0x200004fc                . = ALIGN (0x4)
                0x200004fc                __noncachedata_init_end__ = .
                0x200004fc                . = __noncachedata_init_end__

.ncache         0x200004fc        0x0
 *(NonCacheable)
                0x200004fc                . = ALIGN (0x4)
                0x200004fc                __noncachedata_end__ = .
                0x7000e358                __DATA_END = (__NDATA_ROM + (__noncachedata_init_end__ - __noncachedata_start__))
                0x70400000                text_end = (ORIGIN (m_text) + LENGTH (m_text))
                0x00000001                ASSERT ((__DATA_END <= text_end), region m_text overflowed with text and data)

.bss            0x200004fc      0x3b8 load address 0x7000e358
                0x200004fc                . = ALIGN (0x4)
                0x200004fc                __START_BSS = .
                0x200004fc                __bss_start__ = .
 *(m_usb_dma_noninit_data)
 *(.bss)
 .bss           0x200004fc       0x1c d:/clionapp/gcc-arm-none-eabi/bin/../lib/gcc/arm-none-eabi/9.3.1/thumb/v7e-m+fp/hard/crtbegin.o
 *(.bss*)
 .bss.Current_Value
                0x20000518        0x4 CMakeFiles/RT1064.elf.dir/CODE/ADC.c.obj