Archive member included to satisfy reference by file (symbol)

d:/clionapp/gcc-arm-none-eabi/bin/../lib/gcc/arm-none-eabi/9.3.1/../../../../arm-none-eabi/lib/thumb/v7e-m+fp/hard\libm.a(lib_a-s_modf.o)
                              CMakeFiles/RT1064.elf.dir/nxp_libraries/utilities/str/fsl_str.c.obj (modf)
d:/clionapp/gcc-arm-none-eabi/bin/../lib/gcc/arm-none-eabi/9.3.1/../../../../arm-none-eabi/lib/thumb/v7e-m+fp/hard\libm.a(lib_a-w_pow.o)
                              CMakeFiles/RT1064.elf.dir/nxp_libraries/utilities/str/fsl_str.c.obj (pow)
d:/clionapp/gcc-arm-none-eabi/bin/../lib/gcc/arm-none-eabi/9.3.1/../../../../arm-none-eabi/lib/thumb/v7e-m+fp/hard\libm.a(lib_a-e_pow.o)
                              d:/clionapp/gcc-arm-none-eabi/bin/../lib/gcc/arm-none-eabi/9.3.1/../../../../arm-none-eabi/lib/thumb/v7e-m+fp/hard\libm.a(lib_a-w_pow.o) (__ieee754_pow)
d:/clionapp/gcc-arm-none-eabi/bin/../lib/gcc/arm-none-eabi/9.3.1/../../../../arm-none-eabi/lib/thumb/v7e-m+fp/hard\libm.a(lib_a-e_sqrt.o)
                              d:/clionapp/gcc-arm-none-eabi/bin/../lib/gcc/arm-none-eabi/9.3.1/../../../../arm-none-eabi/lib/thumb/v7e-m+fp/hard\libm.a(lib_a-e_pow.o) (__ieee754_sqrt)
d:/clionapp/gcc-arm-none-eabi/bin/../lib/gcc/arm-none-eabi/9.3.1/../../../../arm-none-eabi/lib/thumb/v7e-m+fp/hard\libm.a(lib_a-s_fabs.o)
                              d:/clionapp/gcc-arm-none-eabi/bin/../lib/gcc/arm-none-eabi/9.3.1/../../../../arm-none-eabi/lib/thumb/v7e-m+fp/hard\libm.a(lib_a-e_pow.o) (fabs)
d:/clionapp/gcc-arm-none-eabi/bin/../lib/gcc/arm-none-eabi/9.3.1/../../../../arm-none-eabi/lib/thumb/v7e-m+fp/hard\libm.a(lib_a-s_finite.o)
                              d:/clionapp/gcc-arm-none-eabi/bin/../lib/gcc/arm-none-eabi/9.3.1/../../../../arm-none-eabi/lib/thumb/v7e-m+fp/hard\libm.a(lib_a-w_pow.o) (finite)
d:/clionapp/gcc-arm-none-eabi/bin/../lib/gcc/arm-none-eabi/9.3.1/../../../../arm-none-eabi/lib/thumb/v7e-m+fp/hard\libm.a(lib_a-s_lib_ver.o)
                              d:/clionapp/gcc-arm-none-eabi/bin/../lib/gcc/arm-none-eabi/9.3.1/../../../../arm-none-eabi/lib/thumb/v7e-m+fp/hard\libm.a(lib_a-w_pow.o) (__fdlib_version)
d:/clionapp/gcc-arm-none-eabi/bin/../lib/gcc/arm-none-eabi/9.3.1/../../../../arm-none-eabi/lib/thumb/v7e-m+fp/hard\libm.a(lib_a-s_nan.o)
                              d:/clionapp/gcc-arm-none-eabi/bin/../lib/gcc/arm-none-eabi/9.3.1/../../../../arm-none-eabi/lib/thumb/v7e-m+fp/hard\libm.a(lib_a-e_pow.o) (nan)
d:/clionapp/gcc-arm-none-eabi/bin/../lib/gcc/arm-none-eabi/9.3.1/../../../../arm-none-eabi/lib/thumb/v7e-m+fp/hard\libm.a(lib_a-s_rint.o)
                              d:/clionapp/gcc-arm-none-eabi/bin/../lib/gcc/arm-none-eabi/9.3.1/../../../../arm-none-eabi/lib/thumb/v7e-m+fp/hard\libm.a(lib_a-w_pow.o) (rint)
d:/clionapp/gcc-arm-none-eabi/bin/../lib/gcc/arm-none-eabi/9.3.1/../../../../arm-none-eabi/lib/thumb/v7e-m+fp/hard\libm.a(lib_a-s_scalbn.o)
                              d:/clionapp/gcc-arm-none-eabi/bin/../lib/gcc/arm-none-eabi/9.3.1/../../../../arm-none-eabi/lib/thumb/v7e-m+fp/hard\libm.a(lib_a-e_pow.o) (scalbn)
d:/clionapp/gcc-arm-none-eabi/bin/../lib/gcc/arm-none-eabi/9.3.1/thumb/v7e-m+fp/hard\libgcc.a(_arm_muldf3.o)
                              CMakeFiles/RT1064.elf.dir/CODE/Motor.c.obj (__aeabi_dmul)
d:/clionapp/gcc-arm-none-eabi/bin/../lib/gcc/arm-none-eabi/9.3.1/thumb/v7e-m+fp/hard\libgcc.a(_arm_addsubdf3.o)
                              CMakeFiles/RT1064.elf.dir/CODE/ADC.c.obj (__aeabi_dsub)
d:/clionapp/gcc-arm-none-eabi/bin/../lib/gcc/arm-none-eabi/9.3.1/thumb/v7e-m+fp/hard\libgcc.a(_arm_muldivdf3.o)
                              CMakeFiles/RT1064.elf.dir/CODE/Motor.c.obj (__aeabi_ddiv)
d:/clionapp/gcc-arm-none-eabi/bin/../lib/gcc/arm-none-eabi/9.3.1/thumb/v7e-m+fp/hard\libgcc.a(_arm_cmpdf2.o)
                              CMakeFiles/RT1064.elf.dir/CODE/fastmath.c.obj (__aeabi_dcmpeq)
d:/clionapp/gcc-arm-none-eabi/bin/../lib/gcc/arm-none-eabi/9.3.1/thumb/v7e-m+fp/hard\libgcc.a(_arm_unorddf2.o)
                              d:/clionapp/gcc-arm-none-eabi/bin/../lib/gcc/arm-none-eabi/9.3.1/../../../../arm-none-eabi/lib/thumb/v7e-m+fp/hard\libm.a(lib_a-w_pow.o) (__aeabi_dcmpun)
d:/clionapp/gcc-arm-none-eabi/bin/../lib/gcc/arm-none-eabi/9.3.1/thumb/v7e-m+fp/hard\libgcc.a(_arm_fixdfsi.o)
                              CMakeFiles/RT1064.elf.dir/CODE/Motor.c.obj (__aeabi_d2iz)
d:/clionapp/gcc-arm-none-eabi/bin/../lib/gcc/arm-none-eabi/9.3.1/thumb/v7e-m+fp/hard\libgcc.a(_arm_fixunsdfsi.o)
                              CMakeFiles/RT1064.elf.dir/CODE/Motor.c.obj (__aeabi_d2uiz)
d:/clionapp/gcc-arm-none-eabi/bin/../lib/gcc/arm-none-eabi/9.3.1/thumb/v7e-m+fp/hard\libgcc.a(_arm_truncdfsf2.o)
                              CMakeFiles/RT1064.elf.dir/CODE/Steer.c.obj (__aeabi_d2f)
d:/clionapp/gcc-arm-none-eabi/bin/../lib/gcc/arm-none-eabi/9.3.1/thumb/v7e-m+fp/hard\libgcc.a(_aeabi_ldivmod.o)
[...]
Memory Configuration

Name             Origin             Length             Attributes
m_flash_config   0x70000000         0x00001000         xr
m_ivt            0x70001000         0x00001000         xr
m_interrupts     0x70002000         0x00000400         xr
m_text           0x70002400         0x003fdc00         xr
m_data           0x20000000         0x00020000         rw
m_data2          0x20200000         0x000c0000         rw
*default*        0x00000000         0xffffffff

Linker script and memory map

LOAD d:/clionapp/gcc-arm-none-eabi/bin/../lib/gcc/arm-none-eabi/9.3.1/thumb/v7e-m+fp/hard/crti.o
LOAD d:/clionapp/gcc-arm-none-eabi/bin/../lib/gcc/arm-none-eabi/9.3.1/thumb/v7e-m+fp/hard/crtbegin.o
LOAD d:/clionapp/gcc-arm-none-eabi/bin/../lib/gcc/arm-none-eabi/9.3.1/../../../../arm-none-eabi/lib/thumb/v7e-m+fp/hard/crt0.o
LOAD CMakeFiles/RT1064.elf.dir/CODE/ADC.c.obj
LOAD CMakeFiles/RT1064.elf.dir/CODE/ANO_DT.c.obj
LOAD CMakeFiles/RT1064.elf.dir/CODE/ART.c.obj
LOAD CMakeFiles/RT1064.elf.dir/CODE/Interactive.c.obj
LOAD CMakeFiles/RT1064.elf.dir/CODE/Motor.c.obj
LOAD CMakeFiles/RT1064.elf.dir/CODE/PID.c.obj
LOAD CMakeFiles/RT1064.elf.dir/CODE/Steer.c.obj
LOAD CMakeFiles/RT1064.elf.dir/CODE/Text.c.obj
LOAD CMakeFiles/RT1064.elf.dir/CODE/Uart.c.obj
LOAD CMakeFiles/RT1064.elf.dir/CODE/fastmath.c.obj
LOAD CMakeFiles/RT1064.elf.dir/CODE/isr.c.obj
LOAD CMakeFiles/RT1064.elf.dir/USER/main.c.obj
LOAD CMakeFiles/RT1064.elf.dir/nxp_libraries/components/lists/generic_list.c.obj
LOAD CMakeFiles/RT1064.elf.dir/nxp_libraries/components/serial_manager/serial_manager.c.obj
LOAD CMakeFiles/RT1064.elf.dir/nxp_libraries/components/serial_manager/serial_port_uart.c.obj
LOAD CMakeFiles/RT1064.elf.dir/nxp_libraries/components/uart/lpuart_adapter.c.obj
LOAD CMakeFiles/RT1064.elf.dir/nxp_libraries/deceive/system_MIMXRT1064.c.obj
LOAD CMakeFiles/RT1064.elf.dir/nxp_libraries/drives/fsl_adc.c.obj
LOAD CMakeFiles/RT1064.elf.dir/nxp_libraries/drives/fsl_adc_etc.c.obj
LOAD CMakeFiles/RT1064.elf.dir/nxp_libraries/drives/fsl_aipstz.c.obj
LOAD CMakeFiles/RT1064.elf.dir/nxp_libraries/drives/fsl_aoi.c.obj
LOAD CMakeFiles/RT1064.elf.dir/nxp_libraries/drives/fsl_bee.c.obj
LOAD CMakeFiles/RT1064.elf.dir/nxp_libraries/drives/fsl_cache.c.obj
LOAD CMakeFiles/RT1064.elf.dir/nxp_libraries/drives/fsl_clock.c.obj
LOAD CMakeFiles/RT1064.elf.dir/nxp_libraries/drives/fsl_cmp.c.obj
LOAD CMakeFiles/RT1064.elf.dir/nxp_libraries/drives/fsl_common.c.obj
LOAD CMakeFiles/RT1064.elf.dir/nxp_libraries/drives/fsl_csi.c.obj
LOAD CMakeFiles/RT1064.elf.dir/nxp_libraries/drives/fsl_dcdc.c.obj
LOAD CMakeFiles/RT1064.elf.dir/nxp_libraries/drives/fsl_dcp.c.obj
LOAD CMakeFiles/RT1064.elf.dir/nxp_libraries/drives/fsl_dmamux.c.obj
LOAD CMakeFiles/RT1064.elf.dir/nxp_libraries/drives/fsl_edma.c.obj
LOAD CMakeFiles/RT1064.elf.dir/nxp_libraries/drives/fsl_elcdif.c.obj
LOAD CMakeFiles/RT1064.elf.dir/nxp_libraries/drives/fsl_enc.c.obj
LOAD CMakeFiles/RT1064.elf.dir/nxp_libraries/drives/fsl_enet.c.obj
LOAD CMakeFiles/RT1064.elf.dir/nxp_libraries/drives/fsl_ewm.c.obj
LOAD CMakeFiles/RT1064.elf.dir/nxp_libraries/drives/fsl_flexcan.c.obj
LOAD CMakeFiles/RT1064.elf.dir/nxp_libraries/drives/fsl_flexio.c.obj
LOAD CMakeFiles/RT1064.elf.dir/nxp_libraries/drives/fsl_flexio_camera.c.obj
LOAD CMakeFiles/RT1064.elf.dir/nxp_libraries/drives/fsl_flexio_i2c_master.c.obj
LOAD CMakeFiles/RT1064.elf.dir/nxp_libraries/drives/fsl_flexio_i2s.c.obj
LOAD CMakeFiles/RT1064.elf.dir/nxp_libraries/drives/fsl_flexio_i2s_edma.c.obj
LOAD CMakeFiles/RT1064.elf.dir/nxp_libraries/drives/fsl_flexio_spi.c.obj
LOAD CMakeFiles/RT1064.elf.dir/nxp_libraries/drives/fsl_flexio_spi_edma.c.obj
LOAD CMakeFiles/RT1064.elf.dir/nxp_libraries/drives/fsl_flexio_uart.c.obj
LOAD CMakeFiles/RT1064.elf.dir/nxp_libraries/drives/fsl_flexio_uart_edma.c.obj
LOAD CMakeFiles/RT1064.elf.dir/nxp_libraries/drives/fsl_flexram.c.obj
LOAD CMakeFiles/RT1064.elf.dir/nxp_libraries/drives/fsl_flexspi.c.obj
LOAD CMakeFiles/RT1064.elf.dir/nxp_libraries/drives/fsl_gpc.c.obj
LOAD CMakeFiles/RT1064.elf.dir/nxp_libraries/drives/fsl_gpio.c.obj
LOAD CMakeFiles/RT1064.elf.dir/nxp_libraries/drives/fsl_gpt.c.obj
LOAD CMakeFiles/RT1064.elf.dir/nxp_libraries/drives/fsl_kpp.c.obj
LOAD CMakeFiles/RT1064.elf.dir/nxp_libraries/drives/fsl_lpi2c.c.obj
LOAD CMakeFiles/RT1064.elf.dir/nxp_libraries/drives/fsl_lpi2c_edma.c.obj
LOAD CMakeFiles/RT1064.elf.dir/nxp_libraries/drives/fsl_lpspi.c.obj
LOAD CMakeFiles/RT1064.elf.dir/nxp_libraries/drives/fsl_lpspi_edma.c.obj
LOAD CMakeFiles/RT1064.elf.dir/nxp_libraries/drives/fsl_lpuart.c.obj
LOAD CMakeFiles/RT1064.elf.dir/nxp_libraries/drives/fsl_lpuart_edma.c.obj
LOAD CMakeFiles/RT1064.elf.dir/nxp_libraries/drives/fsl_ocotp.c.obj
LOAD CMakeFiles/RT1064.elf.dir/nxp_libraries/drives/fsl_pit.c.obj
LOAD CMakeFiles/RT1064.elf.dir/nxp_libraries/drives/fsl_pmu.c.obj
LOAD CMakeFiles/RT1064.elf.dir/nxp_libraries/drives/fsl_pwm.c.obj
LOAD CMakeFiles/RT1064.elf.dir/nxp_libraries/drives/fsl_pxp.c.obj
LOAD CMakeFiles/RT1064.elf.dir/nxp_libraries/drives/fsl_qtmr.c.obj
LOAD CMakeFiles/RT1064.elf.dir/nxp_libraries/drives/fsl_rtwdog.c.obj
LOAD CMakeFiles/RT1064.elf.dir/nxp_libraries/drives/fsl_sai.c.obj
LOAD CMakeFiles/RT1064.elf.dir/nxp_libraries/drives/fsl_sai_edma.c.obj
LOAD CMakeFiles/RT1064.elf.dir/nxp_libraries/drives/fsl_semc.c.obj
LOAD CMakeFiles/RT1064.elf.dir/nxp_libraries/drives/fsl_snvs_hp.c.obj
LOAD CMakeFiles/RT1064.elf.dir/nxp_libraries/drives/fsl_snvs_lp.c.obj
LOAD CMakeFiles/RT1064.elf.dir/nxp_libraries/drives/fsl_spdif.c.obj
LOAD CMakeFiles/RT1064.elf.dir/nxp_libraries/drives/fsl_spdif_edma.c.obj
LOAD CMakeFiles/RT1064.elf.dir/nxp_libraries/drives/fsl_src.c.obj
LOAD CMakeFiles/RT1064.elf.dir/nxp_libraries/drives/fsl_tempmon.c.obj
LOAD CMakeFiles/RT1064.elf.dir/nxp_libraries/drives/fsl_trng.c.obj
LOAD CMakeFiles/RT1064.elf.dir/nxp_libraries/drives/fsl_tsc.c.obj
LOAD CMakeFiles/RT1064.elf.dir/nxp_libraries/drives/fsl_usdhc.c.obj
LOAD CMakeFiles/RT1064.elf.dir/nxp_libraries/drives/fsl_wdog.c.obj
LOAD CMakeFiles/RT1064.elf.dir/nxp_libraries/drives/fsl_xbara.c.obj
LOAD CMakeFiles/RT1064.elf.dir/nxp_libraries/drives/fsl_xbarb.c.obj
LOAD CMakeFiles/RT1064.elf.dir/nxp_libraries/middleware/fatfs/source/diskio.c.obj
LOAD CMakeFiles/RT1064.elf.dir/nxp_libraries/middleware/fatfs/source/ff.c.obj
LOAD CMakeFiles/RT1064.elf.dir/nxp_libraries/middleware/fatfs/source/ffsystem.c.obj
LOAD CMakeFiles/RT1064.elf.dir/nxp_libraries/middleware/fatfs/source/ffunicode.c.obj
LOAD CMakeFiles/RT1064.elf.dir/nxp_libraries/middleware/fatfs/source/fsl_mmc_disk/fsl_mmc_disk.c.obj
LOAD CMakeFiles/RT1064.elf.dir/nxp_libraries/middleware/fatfs/source/fsl_nand_disk/fsl_nand_disk.c.obj
LOAD CMakeFiles/RT1064.elf.dir/nxp_libraries/middleware/fatfs/source/fsl_ram_disk/fsl_ram_disk.c.obj
LOAD CMakeFiles/RT1064.elf.dir/nxp_libraries/middleware/fatfs/source/fsl_sd_disk/fsl_sd_disk.c.obj
LOAD CMakeFiles/RT1064.elf.dir/nxp_libraries/middleware/fatfs/source/fsl_usb_disk/fsl_usb_disk_bm.c.obj
LOAD CMakeFiles/RT1064.elf.dir/nxp_libraries/middleware/fatfs/source/fsl_usb_disk/fsl_usb_disk_freertos.c.obj
LOAD CMakeFiles/RT1064.elf.dir/nxp_libraries/middleware/sdmmc/port/usdhc/interrupt/fsl_sdmmc_event.c.obj
LOAD CMakeFiles/RT1064.elf.dir/nxp_libraries/middleware/sdmmc/port/usdhc/interrupt/fsl_sdmmc_host.c.obj
LOAD CMakeFiles/RT1064.elf.dir/nxp_libraries/middleware/sdmmc/src/fsl_mmc.c.obj
LOAD CMakeFiles/RT1064.elf.dir/nxp_libraries/middleware/sdmmc/src/fsl_sd.c.obj
LOAD CMakeFiles/RT1064.elf.dir/nxp_libraries/middleware/sdmmc/src/fsl_sdio.c.obj
LOAD CMakeFiles/RT1064.elf.dir/nxp_libraries/middleware/sdmmc/src/fsl_sdmmc_common.c.obj
LOAD CMakeFiles/RT1064.elf.dir/nxp_libraries/usb/device/usb_device_cdc_acm.c.obj
LOAD CMakeFiles/RT1064.elf.dir/nxp_libraries/usb/device/usb_device_ch9.c.obj
LOAD CMakeFiles/RT1064.elf.dir/nxp_libraries/usb/device/usb_device_class.c.obj
LOAD CMakeFiles/RT1064.elf.dir/nxp_libraries/usb/device/usb_device_dci.c.obj
LOAD CMakeFiles/RT1064.elf.dir/nxp_libraries/usb/device/usb_device_descriptor.c.obj
LOAD CMakeFiles/RT1064.elf.dir/nxp_libraries/usb/device/usb_device_ehci.c.obj
LOAD CMakeFiles/RT1064.elf.dir/nxp_libraries/usb/osa/usb_osa_bm.c.obj
LOAD CMakeFiles/RT1064.elf.dir/nxp_libraries/usb/phy/usb_phy.c.obj
LOAD CMakeFiles/RT1064.elf.dir/nxp_libraries/utilities/debug_console/fsl_debug_console.c.obj
LOAD CMakeFiles/RT1064.elf.dir/nxp_libraries/utilities/fsl_assert.c.obj
LOAD CMakeFiles/RT1064.elf.dir/nxp_libraries/utilities/fsl_notifier.c.obj
LOAD CMakeFiles/RT1064.elf.dir/nxp_libraries/utilities/fsl_sbrk.c.obj
LOAD CMakeFiles/RT1064.elf.dir/nxp_libraries/utilities/fsl_shell.c.obj
LOAD CMakeFiles/RT1064.elf.dir/nxp_libraries/utilities/str/fsl_str.c.obj
LOAD CMakeFiles/RT1064.elf.dir/nxp_libraries/xip/evkmimxrt1064_flexspi_nor_config.c.obj
LOAD CMakeFiles/RT1064.elf.dir/nxp_libraries/xip/evkmimxrt1064_sdram_ini_dcd.c.obj
LOAD CMakeFiles/RT1064.elf.dir/nxp_libraries/xip/fsl_flexspi_nor_boot.c.obj
LOAD CMakeFiles/RT1064.elf.dir/seekfree_libraries/board/board.c.obj
LOAD CMakeFiles/RT1064.elf.dir/seekfree_libraries/board/clock_config.c.obj
LOAD CMakeFiles/RT1064.elf.dir/seekfree_libraries/board/pin_mux.c.obj
LOAD CMakeFiles/RT1064.elf.dir/seekfree_libraries/common/SEEKFREE_PRINTF.c.obj
LOAD CMakeFiles/RT1064.elf.dir/seekfree_libraries/common/common.c.obj
LOAD CMakeFiles/RT1064.elf.dir/seekfree_libraries/oled.c.obj
LOAD CMakeFiles/RT1064.elf.dir/seekfree_libraries/zf_adc.c.obj
LOAD CMakeFiles/RT1064.elf.dir/seekfree_libraries/zf_camera.c.obj
LOAD CMakeFiles/RT1064.elf.dir/seekfree_libraries/zf_csi.c.obj
LOAD CMakeFiles/RT1064.elf.dir/seekfree_libraries/zf_flash.c.obj
LOAD CMakeFiles/RT1064.elf.dir/seekfree_libraries/zf_gpio.c.obj
LOAD CMakeFiles/RT1064.elf.dir/seekfree_libraries/zf_iic.c.obj
LOAD CMakeFiles/RT1064.elf.dir/seekfree_libraries/zf_iomuxc.c.obj
LOAD CMakeFiles/RT1064.elf.dir/seekfree_libraries/zf_pit.c.obj
LOAD CMakeFiles/RT1064.elf.dir/seekfree_libraries/zf_pwm.c.obj
LOAD CMakeFiles/RT1064.elf.dir/seekfree_libraries/zf_qtimer.c.obj
LOAD CMakeFiles/RT1064.elf.dir/seekfree_libraries/zf_rom_api.c.obj
LOAD CMakeFiles/RT1064.elf.dir/seekfree_libraries/zf_sdcard.c.obj
LOAD CMakeFiles/RT1064.elf.dir/seekfree_libraries/zf_spi.c.obj
LOAD CMakeFiles/RT1064.elf.dir/seekfree_libraries/zf_systick.c.obj
LOAD CMakeFiles/RT1064.elf.dir/seekfree_libraries/zf_uart.c.obj
LOAD CMakeFiles/RT1064.elf.dir/seekfree_libraries/zf_usb_cdc.c.obj
LOAD CMakeFiles/RT1064.elf.dir/seekfree_libraries/zf_vector.c.obj
LOAD CMakeFiles/RT1064.elf.dir/seekfree_peripheral/SEEKFREE_18TFT.c.obj
LOAD CMakeFiles/RT1064.elf.dir/seekfree_peripheral/SEEKFREE_FONT.c.obj
LOAD CMakeFiles/RT1064.elf.dir/seekfree_peripheral/SEEKFREE_FUN.c.obj
LOAD CMakeFiles/RT1064.elf.dir/seekfree_peripheral/SEEKFREE_ICM20602.c.obj
LOAD CMakeFiles/RT1064.elf.dir/seekfree_peripheral/SEEKFREE_IIC.c.obj
LOAD CMakeFiles/RT1064.elf.dir/seekfree_peripheral/SEEKFREE_IPS114_SPI.c.obj
LOAD CMakeFiles/RT1064.elf.dir/seekfree_peripheral/SEEKFREE_IPS200_PARALLEL8.c.obj
LOAD CMakeFiles/RT1064.elf.dir/seekfree_peripheral/SEEKFREE_L3G4200D.c.obj
LOAD CMakeFiles/RT1064.elf.dir/seekfree_peripheral/SEEKFREE_MMA8451.c.obj
LOAD CMakeFiles/RT1064.elf.dir/seekfree_peripheral/SEEKFREE_MPU6050.c.obj
LOAD CMakeFiles/RT1064.elf.dir/seekfree_peripheral/SEEKFREE_MT9V03X.c.obj
LOAD CMakeFiles/RT1064.elf.dir/seekfree_peripheral/SEEKFREE_MT9V03X_CSI.c.obj
LOAD CMakeFiles/RT1064.elf.dir/seekfree_peripheral/SEEKFREE_NRF24L01.c.obj
LOAD CMakeFiles/RT1064.elf.dir/seekfree_peripheral/SEEKFREE_OLED.c.obj
LOAD CMakeFiles/RT1064.elf.dir/seekfree_peripheral/SEEKFREE_SCC8660.c.obj
LOAD CMakeFiles/RT1064.elf.dir/seekfree_peripheral/SEEKFREE_SCC8660_CSI.c.obj
LOAD CMakeFiles/RT1064.elf.dir/seekfree_peripheral/SEEKFREE_VIRSCO.c.obj
LOAD CMakeFiles/RT1064.elf.dir/seekfree_peripheral/SEEKFREE_W25QXXJV.c.obj
LOAD CMakeFiles/RT1064.elf.dir/seekfree_peripheral/SEEKFREE_WIRELESS.c.obj
LOAD CMakeFiles/RT1064.elf.dir/startup_MIMXRT1064.S.obj
LOAD d:/clionapp/gcc-arm-none-eabi/bin/../lib/gcc/arm-none-eabi/9.3.1/../../../../arm-none-eabi/lib/thumb/v7e-m+fp/hard\libm.a
START GROUP
LOAD d:/clionapp/gcc-arm-none-eabi/bin/../lib/gcc/arm-none-eabi/9.3.1/thumb/v7e-m+fp/hard\libgcc.a
LOAD d:/clionapp/gcc-arm-none-eabi/bin/../lib/gcc/arm-none-eabi/9.3.1/../../../../arm-none-eabi/lib/thumb/v7e-m+fp/hard\libg.a
LOAD d:/clionapp/gcc-arm-none-eabi/bin/../lib/gcc/arm-none-eabi/9.3.1/../../../../arm-none-eabi/lib/thumb/v7e-m+fp/hard\libc.a
END GROUP
LOAD d:/clionapp/gcc-arm-none-eabi/bin/../lib/gcc/arm-none-eabi/9.3.1/thumb/v7e-m+fp/hard/crtend.o
LOAD d:/clionapp/gcc-arm-none-eabi/bin/../lib/gcc/arm-none-eabi/9.3.1/thumb/v7e-m+fp/hard/crtn.o
                0x00001000                HEAP_SIZE = DEFINED (__heap_size__)?__heap_size__:0x1000
                0x00002000                STACK_SIZE = DEFINED (__stack_size__)?__stack_size__:0x2000
                0x00000000                VECTOR_RAM_SIZE = DEFINED (__ram_vector_table__)?0x400:0x0
                0x20200000                __NCACHE_REGION_START = ORIGIN (m_data2)
                0x00000000                __NCACHE_REGION_SIZE = 0x0

.flash_config   0x70000000      0x200
                0x70000000                . = ALIGN (0x4)
                0x70000000                __FLASH_BASE = .
 *(.boot_hdr.conf)
 .boot_hdr.conf
                0x70000000      0x200 CMakeFiles/RT1064.elf.dir/nxp_libraries/xip/evkmimxrt1064_flexspi_nor_config.c.obj
                0x70000000                qspiflash_config
                0x70000200                . = ALIGN (0x4)
                0x70001000                ivt_begin = (ORIGIN (m_flash_config) + LENGTH (m_flash_config))

.ivt            0x70001000      0x460
                0x70001000                . = ALIGN (0x4)
 *(.boot_hdr.ivt)
 .boot_hdr.ivt  0x70001000       0x20 CMakeFiles/RT1064.elf.dir/nxp_libraries/xip/fsl_flexspi_nor_boot.c.obj
                0x70001000                image_vector_table
 *(.boot_hdr.boot_data)
 .boot_hdr.boot_data
                0x70001020       0x10 CMakeFiles/RT1064.elf.dir/nxp_libraries/xip/fsl_flexspi_nor_boot.c.obj
                0x70001020                boot_data
 *(.boot_hdr.dcd_data)
 .boot_hdr.dcd_data
                0x70001030      0x430 CMakeFiles/RT1064.elf.dir/nxp_libraries/xip/evkmimxrt1064_sdram_ini_dcd.c.obj
                0x70001030                dcd_data
                0x70001460                . = ALIGN (0x4)

.interrupts     0x70002000      0x400
                0x70002000                __VECTOR_TABLE = .
                0x70002000                __Vectors = .
                0x70002000                . = ALIGN (0x4)
 *(.isr_vector)
 .isr_vector    0x70002000      0x400 CMakeFiles/RT1064.elf.dir/startup_MIMXRT1064.S.obj
                0x70002000                __isr_vector
                0x70002400                . = ALIGN (0x4)

.text           0x70002400     0xc160
                0x70002400                . = ALIGN (0x4)
 *(.text)
 .text          0x70002400       0x40 d:/clionapp/gcc-arm-none-eabi/bin/../lib/gcc/arm-none-eabi/9.3.1/thumb/v7e-m+fp/hard/crtbegin.o
 .text          0x70002440       0x7c d:/clionapp/gcc-arm-none-eabi/bin/../lib/gcc/arm-none-eabi/9.3.1/../../../../arm-none-eabi/lib/thumb/v7e-m+fp/hard/crt0.o
                0x70002440                _stack_init
                0x70002448                _start
                0x70002448                _mainCRTStartup
 .text          0x700024bc      0x214 CMakeFiles/RT1064.elf.dir/startup_MIMXRT1064.S.obj
                0x700024bc                Reset_Handler
                0x70002504                ENET2_1588_Timer_DriverIRQHandler
                0x70002504                FLEXSPI2_DriverIRQHandler
                0x70002504                SJC_IRQHandler
                0x70002504                ADC_ETC_IRQ0_IRQHandler
                0x70002504                PXP_IRQHandler
                0x70002504                Reserved86_IRQHandler
                0x70002504                SRC_IRQHandler
                0x70002504                PWM3_2_IRQHandler
                0x70002504                GPIO2_Combined_0_15_IRQHandler
                0x70002504                GPIO1_INT2_IRQHandler
                0x70002504                SNVS_LP_WRAPPER_IRQHandler
                0x70002504                ENC2_IRQHandler
                0x70002504                PWM2_2_IRQHandler
                0x70002504                PWM4_FAULT_IRQHandler
                0x70002504                XBAR1_IRQ_2_3_IRQHandler
                0x70002504                GPIO1_INT7_IRQHandler
                0x70002504                CCM_1_IRQHandler
                0x70002504                PWM1_3_IRQHandler
                0x70002504                ADC_ETC_IRQ1_IRQHandler
                0x70002504                Reserved171_IRQHandler
                0x70002504                CTI1_ERROR_IRQHandler
                0x70002504                PWM3_FAULT_IRQHandler
                0x70002504                LCDIF_IRQHandler
                0x70002504                CTI0_ERROR_IRQHandler
                0x70002504                GPIO5_Combined_0_15_IRQHandler
                0x70002504                PWM1_0_IRQHandler
                0x70002504                Reserved68_IRQHandler
                0x70002504                TRNG_IRQHandler
                0x70002504                USB_PHY2_IRQHandler
                0x70002504                SNVS_HP_WRAPPER_IRQHandler
                0x70002504                TSC_DIG_IRQHandler
                0x70002504                TMR1_IRQHandler
                0x70002504                GPIO4_Combined_0_15_IRQHandler
                0x70002504                PWM4_0_IRQHandler
                0x70002504                PWM2_0_IRQHandler
                0x70002504                DCP_VMI_IRQHandler
                0x70002504                DMA_ERROR_DriverIRQHandler
                0x70002504                ENC4_IRQHandler
                0x70002504                ENET_1588_Timer_DriverIRQHandler
                0x70002504                GPIO4_Combined_16_31_IRQHandler
                0x70002504                PWM2_1_IRQHandler
                0x70002504                Reserved87_IRQHandler
                0x70002504                PWM2_FAULT_IRQHandler
                0x70002504                ACMP1_IRQHandler
                0x70002504                WDOG1_IRQHandler
                0x70002504                FLEXRAM_IRQHandler
                0x70002504                PMU_EVENT_IRQHandler
                0x70002504                GPT1_IRQHandler
                0x70002504                GPT2_IRQHandler
                0x70002504                PWM4_1_IRQHandler
                0x70002504                ACMP4_IRQHandler
                0x70002504                SEMC_IRQHandler
                0x70002504                DefaultISR
                0x70002504                PWM1_1_IRQHandler
                0x70002504                ACMP2_IRQHandler
                0x70002504                PWM3_0_IRQHandler
                0x70002504                PWM3_3_IRQHandler
                0x70002504                GPIO1_INT0_IRQHandler
                0x70002504                SNVS_HP_WRAPPER_TZ_IRQHandler
                0x70002504                CSU_IRQHandler
                0x70002504                XBAR1_IRQ_0_1_IRQHandler
                0x70002504                ADC1_IRQHandler
                0x70002504                TMR3_IRQHandler
                0x70002504                GPIO1_Combined_16_31_IRQHandler
                0x70002504                GPIO2_Combined_16_31_IRQHandler
                0x70002504                RTWDOG_IRQHandler
                0x70002504                USB_PHY1_IRQHandler
                0x70002504                Reserved78_IRQHandler
                0x70002504                ENC3_IRQHandler
                0x70002504                GPIO3_Combined_16_31_IRQHandler
                0x70002504                EWM_IRQHandler
                0x70002504                TEMP_LOW_HIGH_IRQHandler
                0x70002504                WDOG2_IRQHandler
                0x70002504                GPIO1_INT5_IRQHandler
                0x70002504                FLEXSPI_DriverIRQHandler
                0x70002504                GPIO6_7_8_9_IRQHandler
                0x70002504                PWM3_1_IRQHandler
                0x70002504                PWM2_3_IRQHandler
                0x70002504                Reserved115_IRQHandler
                0x70002504                CORE_IRQHandler
                0x70002504                Reserved143_IRQHandler
                0x70002504                PWM1_FAULT_IRQHandler
                0x70002504                TEMP_PANIC_IRQHandler
                0x70002504                GPIO1_INT6_IRQHandler
                0x70002504                PWM1_2_IRQHandler
                0x70002504                Reserved144_IRQHandler
                0x70002504                GPR_IRQ_IRQHandler
                0x70002504                GPC_IRQHandler
                0x70002504                DCDC_IRQHandler
                0x70002504                PWM4_3_IRQHandler
                0x70002504                ENC1_IRQHandler
                0x70002504                ACMP3_IRQHandler
                0x70002504                GPIO5_Combined_16_31_IRQHandler
                0x70002504                TMR2_IRQHandler
                0x70002504                ADC_ETC_ERROR_IRQ_IRQHandler
                0x70002504                PWM4_2_IRQHandler
                0x70002504                BEE_IRQHandler
                0x70002504                GPIO1_INT1_IRQHandler
                0x70002504                TMR4_IRQHandler
                0x70002504                ADC_ETC_IRQ2_IRQHandler
                0x70002504                GPIO1_INT4_IRQHandler
                0x70002504                CCM_2_IRQHandler
                0x70002504                KPP_IRQHandler
                0x70002504                GPIO1_Combined_0_15_IRQHandler
                0x70002504                ADC2_IRQHandler
                0x70002504                GPIO1_INT3_IRQHandler
                0x70002504                DCP_IRQHandler
                0x7000251c                DMA0_DMA16_IRQHandler
                0x70002520                DMA1_DMA17_IRQHandler
                0x70002524                DMA2_DMA18_IRQHandler
                0x70002528                DMA3_DMA19_IRQHandler
                0x7000252c                DMA4_DMA20_IRQHandler
                0x70002530                DMA5_DMA21_IRQHandler
                0x70002534                DMA6_DMA22_IRQHandler
                0x70002538                DMA7_DMA23_IRQHandler
                0x7000253c                DMA8_DMA24_IRQHandler
                0x70002540                DMA9_DMA25_IRQHandler
                0x70002544                DMA10_DMA26_IRQHandler
                0x70002548                DMA11_DMA27_IRQHandler
                0x7000254c                DMA12_DMA28_IRQHandler
                0x70002550                DMA13_DMA29_IRQHandler
                0x70002554                DMA14_DMA30_IRQHandler
                0x70002558                DMA15_DMA31_IRQHandler
                0x7000255c                DMA_ERROR_IRQHandler
                0x70002560                LPUART1_IRQHandler
                0x70002564                LPUART2_IRQHandler
                0x70002568                LPUART3_IRQHandler
                0x7000256c                LPUART4_IRQHandler
                0x70002570                LPUART5_IRQHandler
                0x70002574                LPUART6_IRQHandler
                0x70002578                LPUART7_IRQHandler
                0x7000257c                LPUART8_IRQHandler
                0x70002580                LPI2C1_IRQHandler
                0x70002584                LPI2C2_IRQHandler
                0x70002588                LPI2C3_IRQHandler
                0x7000258c                LPI2C4_IRQHandler
                0x70002590                LPSPI1_IRQHandler
                0x70002594                LPSPI2_IRQHandler
                0x70002598                LPSPI3_IRQHandler
                0x7000259c                LPSPI4_IRQHandler
                0x700025a0                CAN1_IRQHandler
                0x700025a4                CAN2_IRQHandler
                0x700025a8                SAI1_IRQHandler
                0x700025ac                SAI2_IRQHandler
                0x700025b0                SAI3_RX_IRQHandler
                0x700025b4                SAI3_TX_IRQHandler
                0x700025b8                SPDIF_IRQHandler
                0x700025bc                FLEXIO1_IRQHandler
                0x700025c0                FLEXIO2_IRQHandler
                0x700025c4                FLEXSPI2_IRQHandler
                0x700025c8                FLEXSPI_IRQHandler
                0x700025cc                USDHC1_IRQHandler
                0x700025d0                USDHC2_IRQHandler
                0x700025d4                ENET_IRQHandler
                0x700025dc                ENET2_IRQHandler
                0x700025e0                ENET2_1588_Timer_IRQHandler
                0x700025e4                CAN3_IRQHandler
                0x700025e8                FLEXIO3_IRQHandler
 .text          0x700026d0      0x378 d:/clionapp/gcc-arm-none-eabi/bin/../lib/gcc/arm-none-eabi/9.3.1/thumb/v7e-m+fp/hard\libgcc.a(_arm_addsubdf3.o)
                0x700026d0                __aeabi_drsub
                0x700026d8                __aeabi_dsub
                0x700026d8                __subdf3
                0x700026dc                __aeabi_dadd
                0x700026dc                __adddf3
                0x70002954                __floatunsidf
                0x70002954                __aeabi_ui2d
                0x70002974                __floatsidf
                0x70002974                __aeabi_i2d
                0x70002998                __aeabi_f2d
                0x70002998                __extendsfdf2
                0x700029dc                __floatundidf
                0x700029dc                __aeabi_ul2d
                0x700029ec                __floatdidf
                0x700029ec                __aeabi_l2d
 .text          0x70002a48      0x424 d:/clionapp/gcc-arm-none-eabi/bin/../lib/gcc/arm-none-eabi/9.3.1/thumb/v7e-m+fp/hard\libgcc.a(_arm_muldivdf3.o)
                0x70002a48                __aeabi_dmul
                0x70002a48                __muldf3
                0x70002c9c                __divdf3
                0x70002c9c                __aeabi_ddiv
 .text          0x70002e6c      0x110 d:/clionapp/gcc-arm-none-eabi/bin/../lib/gcc/arm-none-eabi/9.3.1/thumb/v7e-m+fp/hard\libgcc.a(_arm_cmpdf2.o)
                0x70002e6c                __gtdf2
                0x70002e6c                __gedf2
                0x70002e74                __ltdf2
                0x70002e74                __ledf2
                0x70002e7c                __nedf2
                0x70002e7c                __eqdf2
                0x70002e7c                __cmpdf2
                0x70002ef8                __aeabi_cdrcmple
                0x70002f08                __aeabi_cdcmpeq
                0x70002f08                __aeabi_cdcmple
                0x70002f18                __aeabi_dcmpeq
                0x70002f2c                __aeabi_dcmplt
                0x70002f40                __aeabi_dcmple
                0x70002f54                __aeabi_dcmpge
                0x70002f68                __aeabi_dcmpgt
 .text          0x70002f7c       0x50 d:/clionapp/gcc-arm-none-eabi/bin/../lib/gcc/arm-none-eabi/9.3.1/thumb/v7e-m+fp/hard\libgcc.a(_arm_fixdfsi.o)
                0x70002f7c                __aeabi_d2iz
                0x70002f7c                __fixdfsi
 .text          0x70002fcc       0x40 d:/clionapp/gcc-arm-none-eabi/bin/../lib/gcc/arm-none-eabi/9.3.1/thumb/v7e-m+fp/hard\libgcc.a(_arm_fixunsdfsi.o)
                0x70002fcc                __aeabi_d2uiz
                0x70002fcc                __fixunsdfsi
 .text          0x7000300c       0xa0 d:/clionapp/gcc-arm-none-eabi/bin/../lib/gcc/arm-none-eabi/9.3.1/thumb/v7e-m+fp/hard\libgcc.a(_arm_truncdfsf2.o)
                0x7000300c                __truncdfsf2
                0x7000300c                __aeabi_d2f
 .text          0x700030ac       0x30 d:/clionapp/gcc-arm-none-eabi/bin/../lib/gcc/arm-none-eabi/9.3.1/thumb/v7e-m+fp/hard\libgcc.a(_aeabi_uldivmod.o)
                0x700030ac                __aeabi_uldivmod
 .text          0x700030dc      0x2c4 d:/clionapp/gcc-arm-none-eabi/bin/../lib/gcc/arm-none-eabi/9.3.1/thumb/v7e-m+fp/hard\libgcc.a(_udivmoddi4.o)
                0x700030dc                __udivmoddi4
 .text          0x700033a0        0x4 d:/clionapp/gcc-arm-none-eabi/bin/../lib/gcc/arm-none-eabi/9.3.1/thumb/v7e-m+fp/hard\libgcc.a(_dvmd_tls.o)
                0x700033a0                __aeabi_idiv0
                0x700033a0                __aeabi_ldiv0
 .text          0x700033a4      0x134 d:/clionapp/gcc-arm-none-eabi/bin/../lib/gcc/arm-none-eabi/9.3.1/../../../../arm-none-eabi/lib/thumb/v7e-m+fp/hard\libg.a(lib_a-memcpy.o)
                0x700033a4                memcpy
 *(.text*)
 .text.Get_InductanceValue
                0x700034d8      0x1b0 CMakeFiles/RT1064.elf.dir/CODE/ADC.c.obj
                0x700034d8                Get_InductanceValue
 .text.Setting_Weight
                0x70003688      0x1c4 CMakeFiles/RT1064.elf.dir/CODE/ADC.c.obj
                0x70003688                Setting_Weight
 .text.InductanceValueHandler
                0x7000384c      0x3c0 CMakeFiles/RT1064.elf.dir/CODE/ADC.c.obj
                0x7000384c                InductanceValueHandler
 .text.key_scan
                0x70003c0c       0x36 CMakeFiles/RT1064.elf.dir/CODE/Interactive.c.obj
                0x70003c0c                key_scan
 .text.bm_scan  0x70003c42       0x46 CMakeFiles/RT1064.elf.dir/CODE/Interactive.c.obj
                0x70003c42                bm_scan
 .text.Interactive
                0x70003c88      0x51c CMakeFiles/RT1064.elf.dir/CODE/Interactive.c.obj
                0x70003c88                Interactive
 .text.Motor_PIDStruct_Init
                0x700041a4       0x38 CMakeFiles/RT1064.elf.dir/CODE/Motor.c.obj
                0x700041a4                Motor_PIDStruct_Init
 *fill*         0x700041dc        0x4 
 .text.motorctrl_test
                0x700041e0      0x794 CMakeFiles/RT1064.elf.dir/CODE/Motor.c.obj
                0x700041e0                motorctrl_test
 .text.RCFilter
                0x70004974       0x2a CMakeFiles/RT1064.elf.dir/CODE/PID.c.obj
                0x70004974                RCFilter
 .text.PIDCalculate
                0x7000499e       0xe4 CMakeFiles/RT1064.elf.dir/CODE/PID.c.obj
                0x7000499e                PIDCalculate
 *fill*         0x70004a82        0x2 
 .text.Steer_PIDStruct_Init
                0x70004a84       0x2c CMakeFiles/RT1064.elf.dir/CODE/Steer.c.obj
                0x70004a84                Steer_PIDStruct_Init
 .text.SteerCtrl
                0x70004ab0      0x4e8 CMakeFiles/RT1064.elf.dir/CODE/Steer.c.obj
                0x70004ab0                SteerCtrl
 .text.FastSqrt
                0x70004f98       0x24 CMakeFiles/RT1064.elf.dir/CODE/fastmath.c.obj
                0x70004f98                FastSqrt
 .text.CSI_IRQHandler
                0x70004fbc        0xc CMakeFiles/RT1064.elf.dir/CODE/isr.c.obj
                0x70004fbc                CSI_IRQHandler
 .text.PIT_IRQHandler
                0x70004fc8       0x64 CMakeFiles/RT1064.elf.dir/CODE/isr.c.obj
                0x70004fc8                PIT_IRQHandler
 .text.main     0x7000502c      0x1a8 CMakeFiles/RT1064.elf.dir/USER/main.c.obj
                0x7000502c                main
 .text.SystemInitHook
                0x700051d4        0x2 CMakeFiles/RT1064.elf.dir/nxp_libraries/deceive/system_MIMXRT1064.c.obj
                0x700051d4                SystemInitHook
 *fill*         0x700051d6        0x2 
 .text.SystemInit
                0x700051d8      0x130 CMakeFiles/RT1064.elf.dir/nxp_libraries/deceive/system_MIMXRT1064.c.obj
                0x700051d8                SystemInit
 .text.ADC_GetInstance
                0x70005308       0x3c CMakeFiles/RT1064.elf.dir/nxp_libraries/drives/fsl_adc.c.obj
 .text.ADC_Init
                0x70005344       0xe0 CMakeFiles/RT1064.elf.dir/nxp_libraries/drives/fsl_adc.c.obj
                0x70005344                ADC_Init
 .text.ADC_GetDefaultConfig
                0x70005424       0x3c CMakeFiles/RT1064.elf.dir/nxp_libraries/drives/fsl_adc.c.obj
                0x70005424                ADC_GetDefaultConfig
 .text.ADC_SetChannelConfig
                0x70005460       0x44 CMakeFiles/RT1064.elf.dir/nxp_libraries/drives/fsl_adc.c.obj
                0x70005460                ADC_SetChannelConfig
 .text.ADC_DoAutoCalibration
                0x700054a4       0x5c CMakeFiles/RT1064.elf.dir/nxp_libraries/drives/fsl_adc.c.obj
                0x700054a4                ADC_DoAutoCalibration
 .text.CLOCK_InitExternalClk
                0x70005500       0x58 CMakeFiles/RT1064.elf.dir/nxp_libraries/drives/fsl_clock.c.obj
                0x70005500                CLOCK_InitExternalClk
 .text.CLOCK_SwitchOsc
                0x70005558       0x1c CMakeFiles/RT1064.elf.dir/nxp_libraries/drives/fsl_clock.c.obj
                0x70005558                CLOCK_SwitchOsc
 .text.CLOCK_InitRcOsc24M
                0x70005574       0x14 CMakeFiles/RT1064.elf.dir/nxp_libraries/drives/fsl_clock.c.obj
                0x70005574                CLOCK_InitRcOsc24M
 .text.CLOCK_InitArmPll
                0x70005588       0x48 CMakeFiles/RT1064.elf.dir/nxp_libraries/drives/fsl_clock.c.obj
                0x70005588                CLOCK_InitArmPll
 .text.CLOCK_DeinitUsb2Pll
                0x700055d0        0xc CMakeFiles/RT1064.elf.dir/nxp_libraries/drives/fsl_clock.c.obj
                0x700055d0                CLOCK_DeinitUsb2Pll
 .text.CLOCK_DeinitAudioPll
                0x700055dc       0x10 CMakeFiles/RT1064.elf.dir/nxp_libraries/drives/fsl_clock.c.obj
                0x700055dc                CLOCK_DeinitAudioPll
 .text.CLOCK_DeinitVideoPll
                0x700055ec       0x10 CMakeFiles/RT1064.elf.dir/nxp_libraries/drives/fsl_clock.c.obj
                0x700055ec                CLOCK_DeinitVideoPll
 .text.CLOCK_DeinitEnetPll
                0x700055fc       0x10 CMakeFiles/RT1064.elf.dir/nxp_libraries/drives/fsl_clock.c.obj
                0x700055fc                CLOCK_DeinitEnetPll
 .text.CLOCK_GetPllFreq
                0x7000560c      0x21c CMakeFiles/RT1064.elf.dir/nxp_libraries/drives/fsl_clock.c.obj
                0x7000560c                CLOCK_GetPllFreq
 .text.CLOCK_GetSysPfdFreq
                0x70005828       0x68 CMakeFiles/RT1064.elf.dir/nxp_libraries/drives/fsl_clock.c.obj
                0x70005828                CLOCK_GetSysPfdFreq
 .text.CLOCK_GetPeriphClkFreq
                0x70005890       0xbc CMakeFiles/RT1064.elf.dir/nxp_libraries/drives/fsl_clock.c.obj
 .text.CLOCK_GetAhbFreq
                0x7000594c       0x1c CMakeFiles/RT1064.elf.dir/nxp_libraries/drives/fsl_clock.c.obj
                0x7000594c                CLOCK_GetAhbFreq
 .text.CLOCK_GetIpgFreq
                0x70005968       0x1c CMakeFiles/RT1064.elf.dir/nxp_libraries/drives/fsl_clock.c.obj
                0x70005968                CLOCK_GetIpgFreq
 .text.CLOCK_GetUsb1PfdFreq
                0x70005984       0x68 CMakeFiles/RT1064.elf.dir/nxp_libraries/drives/fsl_clock.c.obj
                0x70005984                CLOCK_GetUsb1PfdFreq
 .text.CLOCK_GetSemcFreq
                0x700059ec       0x40 CMakeFiles/RT1064.elf.dir/nxp_libraries/drives/fsl_clock.c.obj
                0x700059ec                CLOCK_GetSemcFreq
 .text.CLOCK_GetFreq
                0x70005a2c      0x110 CMakeFiles/RT1064.elf.dir/nxp_libraries/drives/fsl_clock.c.obj
                0x70005a2c                CLOCK_GetFreq
 .text.CLOCK_GetPerClkFreq
                0x70005b3c       0x48 CMakeFiles/RT1064.elf.dir/nxp_libraries/drives/fsl_clock.c.obj
                0x70005b3c                CLOCK_GetPerClkFreq
 .text.CSI_DriverIRQHandler
                0x70005b84       0x1c CMakeFiles/RT1064.elf.dir/nxp_libraries/drives/fsl_csi.c.obj
                0x70005b84                CSI_DriverIRQHandler
 .text.EDMA_GetChannelStatusFlags
                0x70005ba0       0x4c CMakeFiles/RT1064.elf.dir/nxp_libraries/drives/fsl_edma.c.obj
                0x70005ba0                EDMA_GetChannelStatusFlags
 .text.EDMA_HandleIRQ
                0x70005bec       0xd0 CMakeFiles/RT1064.elf.dir/nxp_libraries/drives/fsl_edma.c.obj
                0x70005bec                EDMA_HandleIRQ
 .text.DMA0_DMA16_DriverIRQHandler
                0x70005cbc       0x3c CMakeFiles/RT1064.elf.dir/nxp_libraries/drives/fsl_edma.c.obj
                0x70005cbc                DMA0_DMA16_DriverIRQHandler
 .text.DMA1_DMA17_DriverIRQHandler
                0x70005cf8       0x3c CMakeFiles/RT1064.elf.dir/nxp_libraries/drives/fsl_edma.c.obj
                0x70005cf8                DMA1_DMA17_DriverIRQHandler
 .text.DMA2_DMA18_DriverIRQHandler
                0x70005d34       0x3c CMakeFiles/RT1064.elf.dir/nxp_libraries/drives/fsl_edma.c.obj
                0x70005d34                DMA2_DMA18_DriverIRQHandler
 .text.DMA3_DMA19_DriverIRQHandler
                0x70005d70       0x3c CMakeFiles/RT1064.elf.dir/nxp_libraries/drives/fsl_edma.c.obj
                0x70005d70                DMA3_DMA19_DriverIRQHandler
 .text.DMA4_DMA20_DriverIRQHandler
                0x70005dac       0x3c CMakeFiles/RT1064.elf.dir/nxp_libraries/drives/fsl_edma.c.obj
                0x70005dac                DMA4_DMA20_DriverIRQHandler
 .text.DMA5_DMA21_DriverIRQHandler
                0x70005de8       0x3c CMakeFiles/RT1064.elf.dir/nxp_libraries/drives/fsl_edma.c.obj
                0x70005de8                DMA5_DMA21_DriverIRQHandler
 .text.DMA6_DMA22_DriverIRQHandler
                0x70005e24       0x3c CMakeFiles/RT1064.elf.dir/nxp_libraries/drives/fsl_edma.c.obj
                0x70005e24                DMA6_DMA22_DriverIRQHandler
 .text.DMA7_DMA23_DriverIRQHandler
                0x70005e60       0x3c CMakeFiles/RT1064.elf.dir/nxp_libraries/drives/fsl_edma.c.obj
                0x70005e60                DMA7_DMA23_DriverIRQHandler
 .text.DMA8_DMA24_DriverIRQHandler
                0x70005e9c       0x3c CMakeFiles/RT1064.elf.dir/nxp_libraries/drives/fsl_edma.c.obj
                0x70005e9c                DMA8_DMA24_DriverIRQHandler
 .text.DMA9_DMA25_DriverIRQHandler
                0x70005ed8       0x3c CMakeFiles/RT1064.elf.dir/nxp_libraries/drives/fsl_edma.c.obj
                0x70005ed8                DMA9_DMA25_DriverIRQHandler
 .text.DMA10_DMA26_DriverIRQHandler
                0x70005f14       0x3c CMakeFiles/RT1064.elf.dir/nxp_libraries/drives/fsl_edma.c.obj
                0x70005f14                DMA10_DMA26_DriverIRQHandler
 .text.DMA11_DMA27_DriverIRQHandler
                0x70005f50       0x3c CMakeFiles/RT1064.elf.dir/nxp_libraries/drives/fsl_edma.c.obj
                0x70005f50                DMA11_DMA27_DriverIRQHandler
 .text.DMA12_DMA28_DriverIRQHandler
                0x70005f8c       0x3c CMakeFiles/RT1064.elf.dir/nxp_libraries/drives/fsl_edma.c.obj
                0x70005f8c                DMA12_DMA28_DriverIRQHandler
 .text.DMA13_DMA29_DriverIRQHandler
                0x70005fc8       0x3c CMakeFiles/RT1064.elf.dir/nxp_libraries/drives/fsl_edma.c.obj
                0x70005fc8                DMA13_DMA29_DriverIRQHandler
 .text.DMA14_DMA30_DriverIRQHandler
                0x70006004       0x3c CMakeFiles/RT1064.elf.dir/nxp_libraries/drives/fsl_edma.c.obj
                0x70006004                DMA14_DMA30_DriverIRQHandler
 .text.DMA15_DMA31_DriverIRQHandler
                0x70006040       0x3c CMakeFiles/RT1064.elf.dir/nxp_libraries/drives/fsl_edma.c.obj
                0x70006040                DMA15_DMA31_DriverIRQHandler
 .text.ENET_GetInstance
                0x7000607c       0x3c CMakeFiles/RT1064.elf.dir/nxp_libraries/drives/fsl_enet.c.obj
                0x7000607c                ENET_GetInstance
 .text.ENET_CommonFrame0IRQHandler
                0x700060b8       0x70 CMakeFiles/RT1064.elf.dir/nxp_libraries/drives/fsl_enet.c.obj
                0x700060b8                ENET_CommonFrame0IRQHandler
 .text.ENET_1588_Timer_IRQHandler
                0x70006128       0x18 CMakeFiles/RT1064.elf.dir/nxp_libraries/drives/fsl_enet.c.obj
                0x70006128                ENET_1588_Timer_IRQHandler
 .text.ENET_DriverIRQHandler
                0x70006140       0x10 CMakeFiles/RT1064.elf.dir/nxp_libraries/drives/fsl_enet.c.obj
                0x70006140                ENET_DriverIRQHandler
 .text.ENET2_DriverIRQHandler
                0x70006150       0x10 CMakeFiles/RT1064.elf.dir/nxp_libraries/drives/fsl_enet.c.obj
                0x70006150                ENET2_DriverIRQHandler
 .text.CAN1_DriverIRQHandler
                0x70006160       0x38 CMakeFiles/RT1064.elf.dir/nxp_libraries/drives/fsl_flexcan.c.obj
                0x70006160                CAN1_DriverIRQHandler
 .text.CAN2_DriverIRQHandler
                0x70006198       0x38 CMakeFiles/RT1064.elf.dir/nxp_libraries/drives/fsl_flexcan.c.obj
                0x70006198                CAN2_DriverIRQHandler
 .text.CAN3_DriverIRQHandler
                0x700061d0       0x38 CMakeFiles/RT1064.elf.dir/nxp_libraries/drives/fsl_flexcan.c.obj
                0x700061d0                CAN3_DriverIRQHandler
 .text.FLEXIO_CommonIRQHandler
                0x70006208       0x38 CMakeFiles/RT1064.elf.dir/nxp_libraries/drives/fsl_flexio.c.obj
                0x70006208                FLEXIO_CommonIRQHandler
 .text.FLEXIO1_DriverIRQHandler
                0x70006240        0x8 CMakeFiles/RT1064.elf.dir/nxp_libraries/drives/fsl_flexio.c.obj
                0x70006240                FLEXIO1_DriverIRQHandler
 .text.FLEXIO2_DriverIRQHandler
                0x70006248        0x8 CMakeFiles/RT1064.elf.dir/nxp_libraries/drives/fsl_flexio.c.obj
                0x70006248                FLEXIO2_DriverIRQHandler
 .text.FLEXIO3_DriverIRQHandler
                0x70006250        0x8 CMakeFiles/RT1064.elf.dir/nxp_libraries/drives/fsl_flexio.c.obj
                0x70006250                FLEXIO3_DriverIRQHandler
 .text.GPIO_GetInstance
                0x70006258       0x3c CMakeFiles/RT1064.elf.dir/nxp_libraries/drives/fsl_gpio.c.obj
 .text.GPIO_PinWrite
                0x70006294       0x40 CMakeFiles/RT1064.elf.dir/nxp_libraries/drives/fsl_gpio.c.obj
                0x70006294                GPIO_PinWrite
 .text.GPIO_PinSetInterruptConfig
                0x700062d4       0x86 CMakeFiles/RT1064.elf.dir/nxp_libraries/drives/fsl_gpio.c.obj
                0x700062d4                GPIO_PinSetInterruptConfig
 *fill*         0x7000635a        0x2 
 .text.GPIO_PinInit
                0x7000635c       0x8c CMakeFiles/RT1064.elf.dir/nxp_libraries/drives/fsl_gpio.c.obj
                0x7000635c                GPIO_PinInit
 .text.GPT_GetInstance
                0x700063e8       0x3c CMakeFiles/RT1064.elf.dir/nxp_libraries/drives/fsl_gpt.c.obj
 .text.GPT_Init
                0x70006424      0x134 CMakeFiles/RT1064.elf.dir/nxp_libraries/drives/fsl_gpt.c.obj
                0x70006424                GPT_Init
 .text.GPT_Deinit
                0x70006558       0x54 CMakeFiles/RT1064.elf.dir/nxp_libraries/drives/fsl_gpt.c.obj
                0x70006558                GPT_Deinit
 .text.GPT_GetDefaultConfig
                0x700065ac       0x38 CMakeFiles/RT1064.elf.dir/nxp_libraries/drives/fsl_gpt.c.obj
                0x700065ac                GPT_GetDefaultConfig
 .text.LPI2C_CommonIRQHandler
                0x700065e4       0x48 CMakeFiles/RT1064.elf.dir/nxp_libraries/drives/fsl_lpi2c.c.obj
 .text.LPI2C1_DriverIRQHandler
                0x7000662c       0x10 CMakeFiles/RT1064.elf.dir/nxp_libraries/drives/fsl_lpi2c.c.obj
                0x7000662c                LPI2C1_DriverIRQHandler
 .text.LPI2C2_DriverIRQHandler
                0x7000663c       0x10 CMakeFiles/RT1064.elf.dir/nxp_libraries/drives/fsl_lpi2c.c.obj
                0x7000663c                LPI2C2_DriverIRQHandler
 .text.LPI2C3_DriverIRQHandler
                0x7000664c       0x10 CMakeFiles/RT1064.elf.dir/nxp_libraries/drives/fsl_lpi2c.c.obj
                0x7000664c                LPI2C3_DriverIRQHandler
 .text.LPI2C4_DriverIRQHandler
                0x7000665c       0x10 CMakeFiles/RT1064.elf.dir/nxp_libraries/drives/fsl_lpi2c.c.obj
                0x7000665c                LPI2C4_DriverIRQHandler
 .text.LPSPI_CommonIRQHandler
                0x7000666c       0x24 CMakeFiles/RT1064.elf.dir/nxp_libraries/drives/fsl_lpspi.c.obj
 .text.LPSPI1_DriverIRQHandler
                0x70006690       0x34 CMakeFiles/RT1064.elf.dir/nxp_libraries/drives/fsl_lpspi.c.obj
                0x70006690                LPSPI1_DriverIRQHandler
 .text.LPSPI2_DriverIRQHandler
                0x700066c4       0x34 CMakeFiles/RT1064.elf.dir/nxp_libraries/drives/fsl_lpspi.c.obj
                0x700066c4                LPSPI2_DriverIRQHandler
 .text.LPSPI3_DriverIRQHandler
                0x700066f8       0x34 CMakeFiles/RT1064.elf.dir/nxp_libraries/drives/fsl_lpspi.c.obj
                0x700066f8                LPSPI3_DriverIRQHandler
 .text.LPSPI4_DriverIRQHandler
                0x7000672c       0x34 CMakeFiles/RT1064.elf.dir/nxp_libraries/drives/fsl_lpspi.c.obj
                0x7000672c                LPSPI4_DriverIRQHandler
 .text.LPUART_GetInstance
                0x70006760       0x3c CMakeFiles/RT1064.elf.dir/nxp_libraries/drives/fsl_lpuart.c.obj
                0x70006760                LPUART_GetInstance
 .text.LPUART_Init
                0x7000679c      0x22c CMakeFiles/RT1064.elf.dir/nxp_libraries/drives/fsl_lpuart.c.obj
                0x7000679c                LPUART_Init
 .text.LPUART_Deinit
                0x700069c8       0x70 CMakeFiles/RT1064.elf.dir/nxp_libraries/drives/fsl_lpuart.c.obj
                0x700069c8                LPUART_Deinit
 .text.LPUART_GetDefaultConfig
                0x70006a38       0x48 CMakeFiles/RT1064.elf.dir/nxp_libraries/drives/fsl_lpuart.c.obj
                0x70006a38                LPUART_GetDefaultConfig
 .text.LPUART1_DriverIRQHandler
                0x70006a80       0x1c CMakeFiles/RT1064.elf.dir/nxp_libraries/drives/fsl_lpuart.c.obj
                0x70006a80                LPUART1_DriverIRQHandler
 .text.LPUART2_DriverIRQHandler
                0x70006a9c       0x1c CMakeFiles/RT1064.elf.dir/nxp_libraries/drives/fsl_lpuart.c.obj
                0x70006a9c                LPUART2_DriverIRQHandler
 .text.LPUART3_DriverIRQHandler
                0x70006ab8       0x1c CMakeFiles/RT1064.elf.dir/nxp_libraries/drives/fsl_lpuart.c.obj
                0x70006ab8                LPUART3_DriverIRQHandler
 .text.LPUART4_DriverIRQHandler
                0x70006ad4       0x1c CMakeFiles/RT1064.elf.dir/nxp_libraries/drives/fsl_lpuart.c.obj
                0x70006ad4                LPUART4_DriverIRQHandler
 .text.LPUART5_DriverIRQHandler
                0x70006af0       0x1c CMakeFiles/RT1064.elf.dir/nxp_libraries/drives/fsl_lpuart.c.obj
                0x70006af0                LPUART5_DriverIRQHandler
 .text.LPUART6_DriverIRQHandler
                0x70006b0c       0x1c CMakeFiles/RT1064.elf.dir/nxp_libraries/drives/fsl_lpuart.c.obj
                0x70006b0c                LPUART6_DriverIRQHandler
 .text.LPUART7_DriverIRQHandler
                0x70006b28       0x1c CMakeFiles/RT1064.elf.dir/nxp_libraries/drives/fsl_lpuart.c.obj
                0x70006b28                LPUART7_DriverIRQHandler
 .text.LPUART8_DriverIRQHandler
                0x70006b44       0x1c CMakeFiles/RT1064.elf.dir/nxp_libraries/drives/fsl_lpuart.c.obj
                0x70006b44                LPUART8_DriverIRQHandler
 .text.PIT_GetInstance
                0x70006b60       0x34 CMakeFiles/RT1064.elf.dir/nxp_libraries/drives/fsl_pit.c.obj
 .text.PIT_Init
                0x70006b94       0x70 CMakeFiles/RT1064.elf.dir/nxp_libraries/drives/fsl_pit.c.obj
                0x70006b94                PIT_Init
 .text.PIT_Deinit
                0x70006c04       0x20 CMakeFiles/RT1064.elf.dir/nxp_libraries/drives/fsl_pit.c.obj
                0x70006c04                PIT_Deinit
 .text.PWM_GetInstance
                0x70006c24       0x3c CMakeFiles/RT1064.elf.dir/nxp_libraries/drives/fsl_pwm.c.obj
 .text.PWM_Init
                0x70006c60      0x1d4 CMakeFiles/RT1064.elf.dir/nxp_libraries/drives/fsl_pwm.c.obj
                0x70006c60                PWM_Init
 .text.PWM_Deinit
                0x70006e34       0x6c CMakeFiles/RT1064.elf.dir/nxp_libraries/drives/fsl_pwm.c.obj
                0x70006e34                PWM_Deinit
 .text.PWM_GetDefaultConfig
                0x70006ea0       0x38 CMakeFiles/RT1064.elf.dir/nxp_libraries/drives/fsl_pwm.c.obj
                0x70006ea0                PWM_GetDefaultConfig
 .text.PWM_SetupPwm
                0x70006ed8      0x2d8 CMakeFiles/RT1064.elf.dir/nxp_libraries/drives/fsl_pwm.c.obj
                0x70006ed8                PWM_SetupPwm
 .text.PWM_UpdatePwmDutycycle
                0x700071b0      0x1fc CMakeFiles/RT1064.elf.dir/nxp_libraries/drives/fsl_pwm.c.obj
                0x700071b0                PWM_UpdatePwmDutycycle
 .text.QTMR_GetInstance
                0x700073ac       0x3c CMakeFiles/RT1064.elf.dir/nxp_libraries/drives/fsl_qtmr.c.obj
 .text.QTMR_Init
                0x700073e8       0xbc CMakeFiles/RT1064.elf.dir/nxp_libraries/drives/fsl_qtmr.c.obj
                0x700073e8                QTMR_Init
 .text.QTMR_Deinit
                0x700074a4       0x5c CMakeFiles/RT1064.elf.dir/nxp_libraries/drives/fsl_qtmr.c.obj
                0x700074a4                QTMR_Deinit
 .text.QTMR_GetDefaultConfig
                0x70007500       0x30 CMakeFiles/RT1064.elf.dir/nxp_libraries/drives/fsl_qtmr.c.obj
                0x70007500                QTMR_GetDefaultConfig
 .text.SAI1_DriverIRQHandler
                0x70007530       0x88 CMakeFiles/RT1064.elf.dir/nxp_libraries/drives/fsl_sai.c.obj
                0x70007530                SAI1_DriverIRQHandler
 .text.SAI2_DriverIRQHandler
                0x700075b8       0x88 CMakeFiles/RT1064.elf.dir/nxp_libraries/drives/fsl_sai.c.obj
                0x700075b8                SAI2_DriverIRQHandler
 .text.SAI3_TX_DriverIRQHandler
                0x70007640       0x38 CMakeFiles/RT1064.elf.dir/nxp_libraries/drives/fsl_sai.c.obj
                0x70007640                SAI3_TX_DriverIRQHandler
 .text.SAI3_RX_DriverIRQHandler
                0x70007678       0x38 CMakeFiles/RT1064.elf.dir/nxp_libraries/drives/fsl_sai.c.obj
                0x70007678                SAI3_RX_DriverIRQHandler
 .text.SPDIF_DriverIRQHandler
                0x700076b0       0x34 CMakeFiles/RT1064.elf.dir/nxp_libraries/drives/fsl_spdif.c.obj
                0x700076b0                SPDIF_DriverIRQHandler
 .text.USDHC1_DriverIRQHandler
                0x700076e4       0x1c CMakeFiles/RT1064.elf.dir/nxp_libraries/drives/fsl_usdhc.c.obj
                0x700076e4                USDHC1_DriverIRQHandler
 .text.USDHC2_DriverIRQHandler
                0x70007700       0x1c CMakeFiles/RT1064.elf.dir/nxp_libraries/drives/fsl_usdhc.c.obj
                0x70007700                USDHC2_DriverIRQHandler
 .text.SDMMCEVENT_GetInstance
                0x7000771c       0x1c CMakeFiles/RT1064.elf.dir/nxp_libraries/middleware/sdmmc/port/usdhc/interrupt/fsl_sdmmc_event.c.obj
 .text.SysTick_Handler
                0x70007738       0x10 CMakeFiles/RT1064.elf.dir/nxp_libraries/middleware/sdmmc/port/usdhc/interrupt/fsl_sdmmc_event.c.obj
                0x70007738                SysTick_Handler
 .text.SDMMCEVENT_Notify
                0x70007748       0x14 CMakeFiles/RT1064.elf.dir/nxp_libraries/middleware/sdmmc/port/usdhc/interrupt/fsl_sdmmc_event.c.obj
                0x70007748                SDMMCEVENT_Notify
 .text.SDMMCHOST_NofiyCardInsertStatus
                0x7000775c       0x34 CMakeFiles/RT1064.elf.dir/nxp_libraries/middleware/sdmmc/port/usdhc/interrupt/fsl_sdmmc_host.c.obj
 .text.GPIO3_Combined_0_15_IRQHandler
                0x70007790       0x40 CMakeFiles/RT1064.elf.dir/nxp_libraries/middleware/sdmmc/port/usdhc/interrupt/fsl_sdmmc_host.c.obj
                0x70007790                GPIO3_Combined_0_15_IRQHandler
 .text.USB_DeviceControl
                0x700077d0       0x1a CMakeFiles/RT1064.elf.dir/nxp_libraries/usb/device/usb_device_dci.c.obj
 .text.USB_DeviceResetNotification
                0x700077ea       0x48 CMakeFiles/RT1064.elf.dir/nxp_libraries/usb/device/usb_device_dci.c.obj
 .text.USB_DeviceNotification
                0x70007832       0x6e CMakeFiles/RT1064.elf.dir/nxp_libraries/usb/device/usb_device_dci.c.obj
 .text.USB_DeviceNotificationTrigger
                0x700078a0       0x22 CMakeFiles/RT1064.elf.dir/nxp_libraries/usb/device/usb_device_dci.c.obj
                0x700078a0                USB_DeviceNotificationTrigger
 .text.USB_DeviceEhciFillSetupBuffer
                0x700078c2       0x54 CMakeFiles/RT1064.elf.dir/nxp_libraries/usb/device/usb_device_ehci.c.obj
 .text.USB_DeviceEhciInterruptReset
                0x70007916       0x5e CMakeFiles/RT1064.elf.dir/nxp_libraries/usb/device/usb_device_ehci.c.obj
 .text.USB_DeviceEhciCancelControlPipe
                0x70007974      0x10e CMakeFiles/RT1064.elf.dir/nxp_libraries/usb/device/usb_device_ehci.c.obj
 .text.USB_DeviceEhciInterruptTokenDone
                0x70007a82      0x29e CMakeFiles/RT1064.elf.dir/nxp_libraries/usb/device/usb_device_ehci.c.obj
 .text.USB_DeviceEhciInterruptPortChange
                0x70007d20       0x54 CMakeFiles/RT1064.elf.dir/nxp_libraries/usb/device/usb_device_ehci.c.obj
 .text.USB_DeviceEhciIsrFunction
                0x70007d74       0x44 CMakeFiles/RT1064.elf.dir/nxp_libraries/usb/device/usb_device_ehci.c.obj
                0x70007d74                USB_DeviceEhciIsrFunction
 .text.__assert_func
                0x70007db8        0x4 CMakeFiles/RT1064.elf.dir/nxp_libraries/utilities/fsl_assert.c.obj
                0x70007db8                __assert_func
 .text.BOARD_DebugConsoleSrcFreq
                0x70007dbc       0x68 CMakeFiles/RT1064.elf.dir/seekfree_libraries/board/board.c.obj
                0x70007dbc                BOARD_DebugConsoleSrcFreq
 .text.BOARD_InitDebugConsole
                0x70007e24        0x8 CMakeFiles/RT1064.elf.dir/seekfree_libraries/board/board.c.obj
                0x70007e24                BOARD_InitDebugConsole
 .text.BOARD_ConfigMPU
                0x70007e2c      0x1c8 CMakeFiles/RT1064.elf.dir/seekfree_libraries/board/board.c.obj
                0x70007e2c                BOARD_ConfigMPU
 .text.board_init
                0x70007ff4       0x30 CMakeFiles/RT1064.elf.dir/seekfree_libraries/board/board.c.obj
                0x70007ff4                board_init
 .text.BOARD_BootClockRUN
                0x70008024      0x5f0 CMakeFiles/RT1064.elf.dir/seekfree_libraries/board/clock_config.c.obj
                0x70008024                BOARD_BootClockRUN
 .text.BOARD_InitPins
                0x70008614       0x2c CMakeFiles/RT1064.elf.dir/seekfree_libraries/board/pin_mux.c.obj
                0x70008614                BOARD_InitPins
 .text.BOARD_InitBootPins
                0x70008640        0x8 CMakeFiles/RT1064.elf.dir/seekfree_libraries/board/pin_mux.c.obj
                0x70008640                BOARD_InitBootPins
 .text.number_conversion_ascii
                0x70008648       0x5c CMakeFiles/RT1064.elf.dir/seekfree_libraries/common/SEEKFREE_PRINTF.c.obj
                0x70008648                number_conversion_ascii
 .text.printf_reverse_order
                0x700086a4       0x24 CMakeFiles/RT1064.elf.dir/seekfree_libraries/common/SEEKFREE_PRINTF.c.obj
                0x700086a4                printf_reverse_order
 .text.zf_sprintf
                0x700086c8      0x3b8 CMakeFiles/RT1064.elf.dir/seekfree_libraries/common/SEEKFREE_PRINTF.c.obj
                0x700086c8                zf_sprintf
 .text.NMI_Handler
                0x70008a80        0x2 CMakeFiles/RT1064.elf.dir/seekfree_libraries/common/common.c.obj
                0x70008a80                NMI_Handler
 .text.HardFault_Handler
                0x70008a82        0x2 CMakeFiles/RT1064.elf.dir/seekfree_libraries/common/common.c.obj
                0x70008a82                HardFault_Handler
 .text.MemManage_Handler
                0x70008a84        0x2 CMakeFiles/RT1064.elf.dir/seekfree_libraries/common/common.c.obj
                0x70008a84                MemManage_Handler
 .text.BusFault_Handler
                0x70008a86        0x2 CMakeFiles/RT1064.elf.dir/seekfree_libraries/common/common.c.obj
                0x70008a86                BusFault_Handler
 .text.UsageFault_Handler
                0x70008a88        0x2 CMakeFiles/RT1064.elf.dir/seekfree_libraries/common/common.c.obj
                0x70008a88                UsageFault_Handler
 .text.SVC_Handler
                0x70008a8a        0x2 CMakeFiles/RT1064.elf.dir/seekfree_libraries/common/common.c.obj
                0x70008a8a                SVC_Handler
 .text.DebugMon_Handler
                0x70008a8c        0x2 CMakeFiles/RT1064.elf.dir/seekfree_libraries/common/common.c.obj
                0x70008a8c                DebugMon_Handler
 .text.PendSV_Handler
                0x70008a8e        0x2 CMakeFiles/RT1064.elf.dir/seekfree_libraries/common/common.c.obj
                0x70008a8e                PendSV_Handler
 .text.adc_iomuxc
                0x70008a90      0x134 CMakeFiles/RT1064.elf.dir/seekfree_libraries/zf_adc.c.obj
                0x70008a90                adc_iomuxc
 .text.adc_init
                0x70008bc4       0x50 CMakeFiles/RT1064.elf.dir/seekfree_libraries/zf_adc.c.obj
                0x70008bc4                adc_init
 .text.adc_convert
                0x70008c14       0x38 CMakeFiles/RT1064.elf.dir/seekfree_libraries/zf_adc.c.obj
                0x70008c14                adc_convert
 .text.gpio_init
                0x70008c4c       0x58 CMakeFiles/RT1064.elf.dir/seekfree_libraries/zf_gpio.c.obj
                0x70008c4c                gpio_init
 .text.gpio_set
                0x70008ca4       0x38 CMakeFiles/RT1064.elf.dir/seekfree_libraries/zf_gpio.c.obj
                0x70008ca4                gpio_set
 .text.gpio_get
                0x70008cdc       0x20 CMakeFiles/RT1064.elf.dir/seekfree_libraries/zf_gpio.c.obj
                0x70008cdc                gpio_get
 .text.iomuxc_pinconf
                0x70008cfc     0x2b14 CMakeFiles/RT1064.elf.dir/seekfree_libraries/zf_iomuxc.c.obj
                0x70008cfc                iomuxc_pinconf
 .text.pit_init
                0x7000b810       0x2c CMakeFiles/RT1064.elf.dir/seekfree_libraries/zf_pit.c.obj
                0x7000b810                pit_init
 .text.pit_interrupt
                0x7000b83c       0x44 CMakeFiles/RT1064.elf.dir/seekfree_libraries/zf_pit.c.obj
                0x7000b83c                pit_interrupt
 .text.pwm_iomuxc
                0x7000b880      0x4d4 CMakeFiles/RT1064.elf.dir/seekfree_libraries/zf_pwm.c.obj
                0x7000b880                pwm_iomuxc
 .text.pwm_init
                0x7000bd54      0x1ac CMakeFiles/RT1064.elf.dir/seekfree_libraries/zf_pwm.c.obj
                0x7000bd54                pwm_init
 .text.pwm_duty
                0x7000bf00       0x78 CMakeFiles/RT1064.elf.dir/seekfree_libraries/zf_pwm.c.obj
                0x7000bf00                pwm_duty
 .text.qtimer_iomuxc
                0x7000bf78      0x520 CMakeFiles/RT1064.elf.dir/seekfree_libraries/zf_qtimer.c.obj
                0x7000bf78                qtimer_iomuxc
 .text.qtimer_quad_init
                0x7000c498       0x90 CMakeFiles/RT1064.elf.dir/seekfree_libraries/zf_qtimer.c.obj
                0x7000c498                qtimer_quad_init
 .text.gpt_init
                0x7000c528       0x4c CMakeFiles/RT1064.elf.dir/seekfree_libraries/zf_systick.c.obj
                0x7000c528                gpt_init
 .text.systick_delay
                0x7000c574       0x34 CMakeFiles/RT1064.elf.dir/seekfree_libraries/zf_systick.c.obj
                0x7000c574                systick_delay
 .text.systick_delay_ms
                0x7000c5a8       0x24 CMakeFiles/RT1064.elf.dir/seekfree_libraries/zf_systick.c.obj
                0x7000c5a8                systick_delay_ms
 .text.uart_iomuxc
                0x7000c5cc      0x2c8 CMakeFiles/RT1064.elf.dir/seekfree_libraries/zf_uart.c.obj
                0x7000c5cc                uart_iomuxc
 .text.uart_init
                0x7000c894       0x54 CMakeFiles/RT1064.elf.dir/seekfree_libraries/zf_uart.c.obj
                0x7000c894                uart_init
 .text.USB_OTG1_IRQHandler
                0x7000c8e8       0x10 CMakeFiles/RT1064.elf.dir/seekfree_libraries/zf_usb_cdc.c.obj
                0x7000c8e8                USB_OTG1_IRQHandler
 .text.USB_OTG2_IRQHandler
                0x7000c8f8       0x10 CMakeFiles/RT1064.elf.dir/seekfree_libraries/zf_usb_cdc.c.obj
                0x7000c8f8                USB_OTG2_IRQHandler
 .text.oled_wrdat
                0x7000c908       0x5e CMakeFiles/RT1064.elf.dir/seekfree_peripheral/SEEKFREE_OLED.c.obj
                0x7000c908                oled_wrdat
 .text.oled_wrcmd
                0x7000c966       0x5e CMakeFiles/RT1064.elf.dir/seekfree_peripheral/SEEKFREE_OLED.c.obj
                0x7000c966                oled_wrcmd
 .text.oled_hexascii
                0x7000c9c4       0x38 CMakeFiles/RT1064.elf.dir/seekfree_peripheral/SEEKFREE_OLED.c.obj
                0x7000c9c4                oled_hexascii
 .text.oled_set_pos
                0x7000c9fc       0x54 CMakeFiles/RT1064.elf.dir/seekfree_peripheral/SEEKFREE_OLED.c.obj
                0x7000c9fc                oled_set_pos
 .text.oled_fill
                0x7000ca50       0x3c CMakeFiles/RT1064.elf.dir/seekfree_peripheral/SEEKFREE_OLED.c.obj
                0x7000ca50                oled_fill
 .text.oled_init
                0x7000ca8c      0x11e CMakeFiles/RT1064.elf.dir/seekfree_peripheral/SEEKFREE_OLED.c.obj
                0x7000ca8c                oled_init
 *fill*         0x7000cbaa        0x2 
 .text.oled_p6x8str
                0x7000cbac       0x60 CMakeFiles/RT1064.elf.dir/seekfree_peripheral/SEEKFREE_OLED.c.obj
                0x7000cbac                oled_p6x8str
 .text.oled_int16
                0x7000cc0c       0x44 CMakeFiles/RT1064.elf.dir/seekfree_peripheral/SEEKFREE_OLED.c.obj
                0x7000cc0c                oled_int16
 .text.oled_printf_float
                0x7000cc50       0xac CMakeFiles/RT1064.elf.dir/seekfree_peripheral/SEEKFREE_OLED.c.obj
                0x7000cc50                oled_printf_float
 .text.exit     0x7000ccfc       0x20 d:/clionapp/gcc-arm-none-eabi/bin/../lib/gcc/arm-none-eabi/9.3.1/../../../../arm-none-eabi/lib/thumb/v7e-m+fp/hard\libg.a(lib_a-exit.o)
                0x7000ccfc                exit
 .text.__libc_init_array
                0x7000cd1c       0x48 d:/clionapp/gcc-arm-none-eabi/bin/../lib/gcc/arm-none-eabi/9.3.1/../../../../arm-none-eabi/lib/thumb/v7e-m+fp/hard\libg.a(lib_a-init.o)
                0x7000cd1c                __libc_init_array
 .text.memset   0x7000cd64       0xa0 d:/clionapp/gcc-arm-none-eabi/bin/../lib/gcc/arm-none-eabi/9.3.1/../../../../arm-none-eabi/lib/thumb/v7e-m+fp/hard\libg.a(lib_a-memset.o)
                0x7000cd64                memset
 .text.startup.register_fini
                0x7000ce04       0x14 d:/clionapp/gcc-arm-none-eabi/bin/../lib/gcc/arm-none-eabi/9.3.1/../../../../arm-none-eabi/lib/thumb/v7e-m+fp/hard\libg.a(lib_a-__call_atexit.o)
 .text.__call_exitprocs
                0x7000ce18       0xcc d:/clionapp/gcc-arm-none-eabi/bin/../lib/gcc/arm-none-eabi/9.3.1/../../../../arm-none-eabi/lib/thumb/v7e-m+fp/hard\libg.a(lib_a-__call_atexit.o)
                0x7000ce18                __call_exitprocs
 .text.atexit   0x7000cee4        0xc d:/clionapp/gcc-arm-none-eabi/bin/../lib/gcc/arm-none-eabi/9.3.1/../../../../arm-none-eabi/lib/thumb/v7e-m+fp/hard\libg.a(lib_a-atexit.o)
                0x7000cee4                atexit
 .text.__libc_fini_array
                0x7000cef0       0x2c d:/clionapp/gcc-arm-none-eabi/bin/../lib/gcc/arm-none-eabi/9.3.1/../../../../arm-none-eabi/lib/thumb/v7e-m+fp/hard\libg.a(lib_a-fini.o)
                0x7000cef0                __libc_fini_array
 .text.__retarget_lock_acquire_recursive
                0x7000cf1c        0x4 d:/clionapp/gcc-arm-none-eabi/bin/../lib/gcc/arm-none-eabi/9.3.1/../../../../arm-none-eabi/lib/thumb/v7e-m+fp/hard\libg.a(lib_a-lock.o)
                0x7000cf1c                __retarget_lock_acquire_recursive
 .text.__retarget_lock_release_recursive
                0x7000cf20        0x4 d:/clionapp/gcc-arm-none-eabi/bin/../lib/gcc/arm-none-eabi/9.3.1/../../../../arm-none-eabi/lib/thumb/v7e-m+fp/hard\libg.a(lib_a-lock.o)
                0x7000cf20                __retarget_lock_release_recursive
 .text.__register_exitproc
                0x7000cf24       0x8c d:/clionapp/gcc-arm-none-eabi/bin/../lib/gcc/arm-none-eabi/9.3.1/../../../../arm-none-eabi/lib/thumb/v7e-m+fp/hard\libg.a(lib_a-__atexit.o)
                0x7000cf24                __register_exitproc
 *(.rodata)
 .rodata        0x7000cfb0       0x10 CMakeFiles/RT1064.elf.dir/nxp_libraries/drives/fsl_clock.c.obj
 *(.rodata*)
 .rodata.Interactive.str1.4
                0x7000cfc0       0xec CMakeFiles/RT1064.elf.dir/CODE/Interactive.c.obj
 .rodata.ADC_GetInstance.str1.4
                0x7000d0ac       0x90 CMakeFiles/RT1064.elf.dir/nxp_libraries/drives/fsl_adc.c.obj
 .rodata.ADC_Init.str1.4
                0x7000d13c       0x8a CMakeFiles/RT1064.elf.dir/nxp_libraries/drives/fsl_adc.c.obj
 *fill*         0x7000d1c6        0x2 
 .rodata.ADC_SetChannelConfig.str1.4
                0x7000d1c8       0x1c CMakeFiles/RT1064.elf.dir/nxp_libraries/drives/fsl_adc.c.obj
 .rodata.__func__.10673
                0x7000d1e4       0x12 CMakeFiles/RT1064.elf.dir/nxp_libraries/drives/fsl_adc.c.obj
 *fill*         0x7000d1f6        0x2 
 .rodata.__func__.10954
                0x7000d1f8       0x10 CMakeFiles/RT1064.elf.dir/nxp_libraries/drives/fsl_adc.c.obj
 .rodata.__func__.10959
                0x7000d208        0x9 CMakeFiles/RT1064.elf.dir/nxp_libraries/drives/fsl_adc.c.obj
 *fill*         0x7000d211        0x3 
 .rodata.__func__.10967
                0x7000d214       0x15 CMakeFiles/RT1064.elf.dir/nxp_libraries/drives/fsl_adc.c.obj
 *fill*         0x7000d229        0x3 
 .rodata.__func__.10973
                0x7000d22c       0x15 CMakeFiles/RT1064.elf.dir/nxp_libraries/drives/fsl_adc.c.obj
 *fill*         0x7000d241        0x3 
 .rodata.s_adcBases
                0x7000d244        0xc CMakeFiles/RT1064.elf.dir/nxp_libraries/drives/fsl_adc.c.obj
 .rodata.s_adcClocks
                0x7000d250        0x6 CMakeFiles/RT1064.elf.dir/nxp_libraries/drives/fsl_adc.c.obj
 *fill*         0x7000d256        0x2 
 .rodata.CLOCK_InitExternalClk.str1.4
                0x7000d258       0x7e CMakeFiles/RT1064.elf.dir/nxp_libraries/drives/fsl_clock.c.obj
 *fill*         0x7000d2d6        0x2 
 .rodata.__func__.10844
                0x7000d2d8       0x16 CMakeFiles/RT1064.elf.dir/nxp_libraries/drives/fsl_clock.c.obj
 *fill*         0x7000d2ee        0x2 
 .rodata.EDMA_GetInstance.str1.4
                0x7000d2f0       0x91 CMakeFiles/RT1064.elf.dir/nxp_libraries/drives/fsl_edma.c.obj
 *fill*         0x7000d381        0x3 
 .rodata.EDMA_InstallTCD.str1.4
                0x7000d384       0x55 CMakeFiles/RT1064.elf.dir/nxp_libraries/drives/fsl_edma.c.obj
 *fill*         0x7000d3d9        0x3 
 .rodata.EDMA_CreateHandle.str1.4
                0x7000d3dc        0xf CMakeFiles/RT1064.elf.dir/nxp_libraries/drives/fsl_edma.c.obj
 *fill*         0x7000d3eb        0x1 
 .rodata.__func__.11256
                0x7000d3ec       0x1b CMakeFiles/RT1064.elf.dir/nxp_libraries/drives/fsl_edma.c.obj
 *fill*         0x7000d407        0x1 
 .rodata.__func__.11347
                0x7000d408        0xf CMakeFiles/RT1064.elf.dir/nxp_libraries/drives/fsl_edma.c.obj
 *fill*         0x7000d417        0x1 
 .rodata.ENET_SetTxBufferDescriptors.str1.4
                0x7000d418       0x7d CMakeFiles/RT1064.elf.dir/nxp_libraries/drives/fsl_enet.c.obj
                                 0x85 (size before relaxing)
 *fill*         0x7000d495        0x3 
 .rodata.ENET_GetInstance.str1.4
                0x7000d498       0x23 CMakeFiles/RT1064.elf.dir/nxp_libraries/drives/fsl_enet.c.obj
 *fill*         0x7000d4bb        0x1 
 .rodata.__func__.11137
                0x7000d4bc       0x11 CMakeFiles/RT1064.elf.dir/nxp_libraries/drives/fsl_enet.c.obj
 *fill*         0x7000d4cd        0x3 
 .rodata.s_enetBases
                0x7000d4d0        0xc CMakeFiles/RT1064.elf.dir/nxp_libraries/drives/fsl_enet.c.obj
 .rodata.FLEXCAN_Reset.str1.4
                0x7000d4dc       0x94 CMakeFiles/RT1064.elf.dir/nxp_libraries/drives/fsl_flexcan.c.obj
 .rodata.CAN1_DriverIRQHandler.str1.4
                0x7000d570       0x13 CMakeFiles/RT1064.elf.dir/nxp_libraries/drives/fsl_flexcan.c.obj
 *fill*         0x7000d583        0x1 
 .rodata.CAN2_DriverIRQHandler.str1.4
                0x7000d584       0x13 CMakeFiles/RT1064.elf.dir/nxp_libraries/drives/fsl_flexcan.c.obj
 *fill*         0x7000d597        0x1 
 .rodata.CAN3_DriverIRQHandler.str1.4
                0x7000d598       0x13 CMakeFiles/RT1064.elf.dir/nxp_libraries/drives/fsl_flexcan.c.obj
 *fill*         0x7000d5ab        0x1 
 .rodata.__func__.11674
                0x7000d5ac       0x16 CMakeFiles/RT1064.elf.dir/nxp_libraries/drives/fsl_flexcan.c.obj
 *fill*         0x7000d5c2        0x2 
 .rodata.__func__.11678
                0x7000d5c4       0x16 CMakeFiles/RT1064.elf.dir/nxp_libraries/drives/fsl_flexcan.c.obj
 *fill*         0x7000d5da        0x2 
 .rodata.__func__.11682
                0x7000d5dc       0x16 CMakeFiles/RT1064.elf.dir/nxp_libraries/drives/fsl_flexcan.c.obj
 *fill*         0x7000d5f2        0x2 
 .rodata.GPIO_GetInstance.str1.4
                0x7000d5f4       0x91 CMakeFiles/RT1064.elf.dir/nxp_libraries/drives/fsl_gpio.c.obj
 *fill*         0x7000d685        0x3 
 .rodata.GPIO_PinWrite.str1.4
                0x7000d688        0x9 CMakeFiles/RT1064.elf.dir/nxp_libraries/drives/fsl_gpio.c.obj
 .rodata.GPIO_PinInit.str1.4
                0x7000d691       0x7a CMakeFiles/RT1064.elf.dir/nxp_libraries/drives/fsl_gpio.c.obj
 *fill*         0x7000d691        0x3 
 .rodata.__func__.10673
                0x7000d694       0x12 CMakeFiles/RT1064.elf.dir/nxp_libraries/drives/fsl_gpio.c.obj
 *fill*         0x7000d6a6        0x2 
 .rodata.__func__.10938
                0x7000d6a8       0x11 CMakeFiles/RT1064.elf.dir/nxp_libraries/drives/fsl_gpio.c.obj
 *fill*         0x7000d6b9        0x3 
 .rodata.__func__.10949
                0x7000d6bc        0xe CMakeFiles/RT1064.elf.dir/nxp_libraries/drives/fsl_gpio.c.obj
 *fill*         0x7000d6ca        0x2 
 .rodata.s_gpioBases
                0x7000d6cc       0x28 CMakeFiles/RT1064.elf.dir/nxp_libraries/drives/fsl_gpio.c.obj
 .rodata.s_gpioClock
                0x7000d6f4        0xc CMakeFiles/RT1064.elf.dir/nxp_libraries/drives/fsl_gpio.c.obj
 .rodata.GPT_GetInstance.str1.4
                0x7000d700       0x90 CMakeFiles/RT1064.elf.dir/nxp_libraries/drives/fsl_gpt.c.obj
 .rodata.GPT_Init.str1.4
                0x7000d790       0xa0 CMakeFiles/RT1064.elf.dir/nxp_libraries/drives/fsl_gpt.c.obj
                                0x11c (size before relaxing)
 .rodata.GPT_GetDefaultConfig.str1.4
                0x7000d830        0x7 CMakeFiles/RT1064.elf.dir/nxp_libraries/drives/fsl_gpt.c.obj
 .rodata.__func__.10673
                0x7000d830       0x12 CMakeFiles/RT1064.elf.dir/nxp_libraries/drives/fsl_gpt.c.obj
 *fill*         0x7000d842        0x2 
 .rodata.__func__.10900
                0x7000d844       0x14 CMakeFiles/RT1064.elf.dir/nxp_libraries/drives/fsl_gpt.c.obj
 .rodata.__func__.10992
                0x7000d858       0x10 CMakeFiles/RT1064.elf.dir/nxp_libraries/drives/fsl_gpt.c.obj
 .rodata.__func__.10997
                0x7000d868        0x9 CMakeFiles/RT1064.elf.dir/nxp_libraries/drives/fsl_gpt.c.obj
 *fill*         0x7000d871        0x3 
 .rodata.__func__.11004
                0x7000d874       0x15 CMakeFiles/RT1064.elf.dir/nxp_libraries/drives/fsl_gpt.c.obj
 *fill*         0x7000d889        0x3 
 .rodata.s_gptBases
                0x7000d88c        0xc CMakeFiles/RT1064.elf.dir/nxp_libraries/drives/fsl_gpt.c.obj
 .rodata.s_gptClocks
                0x7000d898        0x6 CMakeFiles/RT1064.elf.dir/nxp_libraries/drives/fsl_gpt.c.obj
 *fill*         0x7000d89e        0x2 
 .rodata.LPSPI_CombineWriteData.str1.4
                0x7000d8a0       0x7e CMakeFiles/RT1064.elf.dir/nxp_libraries/drives/fsl_lpspi.c.obj
 *fill*         0x7000d91e        0x2 
 .rodata.LPSPI1_DriverIRQHandler.str1.4
                0x7000d920       0x11 CMakeFiles/RT1064.elf.dir/nxp_libraries/drives/fsl_lpspi.c.obj
 *fill*         0x7000d931        0x3 
 .rodata.LPSPI2_DriverIRQHandler.str1.4
                0x7000d934       0x11 CMakeFiles/RT1064.elf.dir/nxp_libraries/drives/fsl_lpspi.c.obj
 *fill*         0x7000d945        0x3 
 .rodata.LPSPI3_DriverIRQHandler.str1.4
                0x7000d948       0x11 CMakeFiles/RT1064.elf.dir/nxp_libraries/drives/fsl_lpspi.c.obj
 *fill*         0x7000d959        0x3 
 .rodata.LPSPI4_DriverIRQHandler.str1.4
                0x7000d95c       0x11 CMakeFiles/RT1064.elf.dir/nxp_libraries/drives/fsl_lpspi.c.obj
 *fill*         0x7000d96d        0x3 
 .rodata.__func__.11513
                0x7000d970       0x18 CMakeFiles/RT1064.elf.dir/nxp_libraries/drives/fsl_lpspi.c.obj
 .rodata.__func__.11517
                0x7000d988       0x18 CMakeFiles/RT1064.elf.dir/nxp_libraries/drives/fsl_lpspi.c.obj
 .rodata.__func__.11521
                0x7000d9a0       0x18 CMakeFiles/RT1064.elf.dir/nxp_libraries/drives/fsl_lpspi.c.obj
 .rodata.__func__.11525
                0x7000d9b8       0x18 CMakeFiles/RT1064.elf.dir/nxp_libraries/drives/fsl_lpspi.c.obj
 .rodata.LPUART_ReadNonBlocking.str1.4
                0x7000d9d0       0x77 CMakeFiles/RT1064.elf.dir/nxp_libraries/drives/fsl_lpuart.c.obj
 *fill*         0x7000da47        0x1 
 .rodata.LPUART_GetInstance.str1.4
                0x7000da48       0x25 CMakeFiles/RT1064.elf.dir/nxp_libraries/drives/fsl_lpuart.c.obj
 *fill*         0x7000da6d        0x3 
 .rodata.LPUART_Init.str1.4
                0x7000da70       0x97 CMakeFiles/RT1064.elf.dir/nxp_libraries/drives/fsl_lpuart.c.obj
                                0x11a (size before relaxing)
 *fill*         0x7000db07        0x1 
 .rodata.__func__.10673
                0x7000db08       0x12 CMakeFiles/RT1064.elf.dir/nxp_libraries/drives/fsl_lpuart.c.obj
 *fill*         0x7000db1a        0x2 
 .rodata.__func__.11089
                0x7000db1c       0x13 CMakeFiles/RT1064.elf.dir/nxp_libraries/drives/fsl_lpuart.c.obj
 *fill*         0x7000db2f        0x1 
 .rodata.__func__.11129
                0x7000db30        0xc CMakeFiles/RT1064.elf.dir/nxp_libraries/drives/fsl_lpuart.c.obj
 .rodata.__func__.11156
                0x7000db3c       0x18 CMakeFiles/RT1064.elf.dir/nxp_libraries/drives/fsl_lpuart.c.obj
 .rodata.s_lpuartBases
                0x7000db54       0x24 CMakeFiles/RT1064.elf.dir/nxp_libraries/drives/fsl_lpuart.c.obj
 .rodata.s_lpuartClock
                0x7000db78       0x12 CMakeFiles/RT1064.elf.dir/nxp_libraries/drives/fsl_lpuart.c.obj
 *fill*         0x7000db8a        0x2 
 .rodata.PIT_GetInstance.str1.4
                0x7000db8c       0x90 CMakeFiles/RT1064.elf.dir/nxp_libraries/drives/fsl_pit.c.obj
 .rodata.PIT_Init.str1.4
                0x7000dc1c        0x7 CMakeFiles/RT1064.elf.dir/nxp_libraries/drives/fsl_pit.c.obj
 .rodata.__func__.10902
                0x7000dc1c       0x10 CMakeFiles/RT1064.elf.dir/nxp_libraries/drives/fsl_pit.c.obj
 .rodata.__func__.10907
                0x7000dc2c        0x9 CMakeFiles/RT1064.elf.dir/nxp_libraries/drives/fsl_pit.c.obj
 *fill*         0x7000dc35        0x3 
 .rodata.PWM_GetInstance.str1.4
                0x7000dc38       0x90 CMakeFiles/RT1064.elf.dir/nxp_libraries/drives/fsl_pwm.c.obj
 .rodata.PWM_Init.str1.4
                0x7000dcc8       0x82 CMakeFiles/RT1064.elf.dir/nxp_libraries/drives/fsl_pwm.c.obj
 .rodata.PWM_SetupPwm.str1.4
                0x7000dcc8       0x5d CMakeFiles/RT1064.elf.dir/nxp_libraries/drives/fsl_pwm.c.obj
 *fill*         0x7000dd25        0x3 
 .rodata.PWM_UpdatePwmDutycycle.str1.4
                0x7000dd28        0xe CMakeFiles/RT1064.elf.dir/nxp_libraries/drives/fsl_pwm.c.obj
                                 0x32 (size before relaxing)
 *fill*         0x7000dd36        0x2 
 .rodata.__func__.10673
                0x7000dd38       0x12 CMakeFiles/RT1064.elf.dir/nxp_libraries/drives/fsl_pwm.c.obj
 *fill*         0x7000dd4a        0x2 
 .rodata.__func__.11114
                0x7000dd4c       0x10 CMakeFiles/RT1064.elf.dir/nxp_libraries/drives/fsl_pwm.c.obj
 .rodata.__func__.11120
                0x7000dd5c        0x9 CMakeFiles/RT1064.elf.dir/nxp_libraries/drives/fsl_pwm.c.obj
 *fill*         0x7000dd65        0x3 
 .rodata.__func__.11140
                0x7000dd68       0x15 CMakeFiles/RT1064.elf.dir/nxp_libraries/drives/fsl_pwm.c.obj
 *fill*         0x7000dd7d        0x3 
 .rodata.__func__.11150
                0x7000dd80        0xd CMakeFiles/RT1064.elf.dir/nxp_libraries/drives/fsl_pwm.c.obj
 *fill*         0x7000dd8d        0x3 
 .rodata.__func__.11174
                0x7000dd90       0x17 CMakeFiles/RT1064.elf.dir/nxp_libraries/drives/fsl_pwm.c.obj
 *fill*         0x7000dda7        0x1 
 .rodata.s_pwmBases
                0x7000dda8       0x14 CMakeFiles/RT1064.elf.dir/nxp_libraries/drives/fsl_pwm.c.obj
 .rodata.s_pwmClocks
                0x7000ddbc       0x28 CMakeFiles/RT1064.elf.dir/nxp_libraries/drives/fsl_pwm.c.obj
 .rodata.QTMR_GetInstance.str1.4
                0x7000dde4       0x91 CMakeFiles/RT1064.elf.dir/nxp_libraries/drives/fsl_qtmr.c.obj
 .rodata.QTMR_Init.str1.4
                0x7000de75       0x82 CMakeFiles/RT1064.elf.dir/nxp_libraries/drives/fsl_qtmr.c.obj
 *fill*         0x7000de75        0x3 
 .rodata.__func__.10673
                0x7000de78       0x12 CMakeFiles/RT1064.elf.dir/nxp_libraries/drives/fsl_qtmr.c.obj
 *fill*         0x7000de8a        0x2 
 .rodata.__func__.10993
                0x7000de8c       0x11 CMakeFiles/RT1064.elf.dir/nxp_libraries/drives/fsl_qtmr.c.obj
 *fill*         0x7000de9d        0x3 
 .rodata.__func__.10999
                0x7000dea0        0xa CMakeFiles/RT1064.elf.dir/nxp_libraries/drives/fsl_qtmr.c.obj
 *fill*         0x7000deaa        0x2 
 .rodata.__func__.11007
                0x7000deac       0x16 CMakeFiles/RT1064.elf.dir/nxp_libraries/drives/fsl_qtmr.c.obj
 *fill*         0x7000dec2        0x2 
 .rodata.s_qtmrBases
                0x7000dec4       0x14 CMakeFiles/RT1064.elf.dir/nxp_libraries/drives/fsl_qtmr.c.obj
 .rodata.s_qtmrClocks
                0x7000ded8        0xa CMakeFiles/RT1064.elf.dir/nxp_libraries/drives/fsl_qtmr.c.obj
 *fill*         0x7000dee2        0x2 
 .rodata.SAI_GetInstance.str1.4
                0x7000dee4       0x90 CMakeFiles/RT1064.elf.dir/nxp_libraries/drives/fsl_sai.c.obj
 .rodata.SAI3_TX_DriverIRQHandler.str1.4
                0x7000df74       0x12 CMakeFiles/RT1064.elf.dir/nxp_libraries/drives/fsl_sai.c.obj
 *fill*         0x7000df86        0x2 
 .rodata.SAI3_RX_DriverIRQHandler.str1.4
                0x7000df88       0x12 CMakeFiles/RT1064.elf.dir/nxp_libraries/drives/fsl_sai.c.obj
 *fill*         0x7000df9a        0x2 
 .rodata.__func__.11601
                0x7000df9c       0x19 CMakeFiles/RT1064.elf.dir/nxp_libraries/drives/fsl_sai.c.obj
 *fill*         0x7000dfb5        0x3 
 .rodata.__func__.11605
                0x7000dfb8       0x19 CMakeFiles/RT1064.elf.dir/nxp_libraries/drives/fsl_sai.c.obj
 *fill*         0x7000dfd1        0x3 
 .rodata.armPllConfig_BOARD_BootClockRUN
                0x7000dfd4        0x8 CMakeFiles/RT1064.elf.dir/seekfree_libraries/board/clock_config.c.obj
                0x7000dfd4                armPllConfig_BOARD_BootClockRUN
 .rodata.adc_iomuxc.str1.4
                0x7000dfdc       0x6d CMakeFiles/RT1064.elf.dir/seekfree_libraries/zf_adc.c.obj
 *fill*         0x7000e049        0x3 
 .rodata.__func__.11903
                0x7000e04c        0xb CMakeFiles/RT1064.elf.dir/seekfree_libraries/zf_adc.c.obj
 *fill*         0x7000e057        0x1 
 .rodata.__func__.11910
                0x7000e058        0x9 CMakeFiles/RT1064.elf.dir/seekfree_libraries/zf_adc.c.obj
 *fill*         0x7000e061        0x3 
 .rodata.iomuxc_pinconf.str1.4
                0x7000e064       0x6c CMakeFiles/RT1064.elf.dir/seekfree_libraries/zf_iomuxc.c.obj
                                 0x70 (size before relaxing)
 .rodata.__func__.11866
                0x7000e0d0        0xf CMakeFiles/RT1064.elf.dir/seekfree_libraries/zf_iomuxc.c.obj
 *fill*         0x7000e0df        0x1 
 .rodata.pwm_iomuxc.str1.4
                0x7000e0e0       0x69 CMakeFiles/RT1064.elf.dir/seekfree_libraries/zf_pwm.c.obj
                                 0x6d (size before relaxing)
 *fill*         0x7000e149        0x3 
 .rodata.PWMPTR
                0x7000e14c       0x14 CMakeFiles/RT1064.elf.dir/seekfree_libraries/zf_pwm.c.obj
 .rodata.__func__.12115
                0x7000e160        0xb CMakeFiles/RT1064.elf.dir/seekfree_libraries/zf_pwm.c.obj
 *fill*         0x7000e16b        0x1 
 .rodata.__func__.12126
                0x7000e16c        0x9 CMakeFiles/RT1064.elf.dir/seekfree_libraries/zf_pwm.c.obj
 *fill*         0x7000e175        0x3 
 .rodata.qtimer_iomuxc.str1.4
                0x7000e178       0x6c CMakeFiles/RT1064.elf.dir/seekfree_libraries/zf_qtimer.c.obj
                                 0x70 (size before relaxing)
 .rodata.__func__.11903
                0x7000e1e4        0xe CMakeFiles/RT1064.elf.dir/seekfree_libraries/zf_qtimer.c.obj
 *fill*         0x7000e1f2        0x2 
 .rodata.uart_iomuxc.str1.4
                0x7000e1f4       0x6a CMakeFiles/RT1064.elf.dir/seekfree_libraries/zf_uart.c.obj
                                 0x6e (size before relaxing)
 *fill*         0x7000e25e        0x2 
 .rodata.__func__.12153
                0x7000e260        0xc CMakeFiles/RT1064.elf.dir/seekfree_libraries/zf_uart.c.obj
 .rodata.oled_6x8
                0x7000e26c      0x228 CMakeFiles/RT1064.elf.dir/seekfree_peripheral/SEEKFREE_FONT.c.obj
                0x7000e26c                oled_6x8
 .rodata.oled_set_pos.str1.4
                0x7000e494       0x92 CMakeFiles/RT1064.elf.dir/seekfree_peripheral/SEEKFREE_OLED.c.obj
 *fill*         0x7000e526        0x2 
 .rodata.oled_int16.str1.4
                0x7000e528        0x6 CMakeFiles/RT1064.elf.dir/seekfree_peripheral/SEEKFREE_OLED.c.obj
 *fill*         0x7000e52e        0x2 
 .rodata.oled_printf_float.str1.4
                0x7000e530        0x3 CMakeFiles/RT1064.elf.dir/seekfree_peripheral/SEEKFREE_OLED.c.obj
 *fill*         0x7000e533        0x1 
 .rodata.__func__.12360
                0x7000e534        0xd CMakeFiles/RT1064.elf.dir/seekfree_peripheral/SEEKFREE_OLED.c.obj
 *fill*         0x7000e541        0x3 
 .rodata._global_impure_ptr
                0x7000e544        0x4 d:/clionapp/gcc-arm-none-eabi/bin/../lib/gcc/arm-none-eabi/9.3.1/../../../../arm-none-eabi/lib/thumb/v7e-m+fp/hard\libg.a(lib_a-impure.o)
                0x7000e544                _global_impure_ptr
 *(.glue_7)
 .glue_7        0x7000e548        0x0 linker stubs
 *(.glue_7t)
 .glue_7t       0x7000e548        0x0 linker stubs
 *(.eh_frame)
 .eh_frame      0x7000e548        0x0 d:/clionapp/gcc-arm-none-eabi/bin/../lib/gcc/arm-none-eabi/9.3.1/thumb/v7e-m+fp/hard/crtbegin.o
 *(.init)
 .init          0x7000e548        0x4 d:/clionapp/gcc-arm-none-eabi/bin/../lib/gcc/arm-none-eabi/9.3.1/thumb/v7e-m+fp/hard/crti.o
                0x7000e548                _init
 .init          0x7000e54c        0x8 d:/clionapp/gcc-arm-none-eabi/bin/../lib/gcc/arm-none-eabi/9.3.1/thumb/v7e-m+fp/hard/crtn.o
 *(.fini)
 .fini          0x7000e554        0x4 d:/clionapp/gcc-arm-none-eabi/bin/../lib/gcc/arm-none-eabi/9.3.1/thumb/v7e-m+fp/hard/crti.o
                0x7000e554                _fini
 .fini          0x7000e558        0x8 d:/clionapp/gcc-arm-none-eabi/bin/../lib/gcc/arm-none-eabi/9.3.1/thumb/v7e-m+fp/hard/crtn.o
                0x7000e560                . = ALIGN (0x4)
                0x7000e560                _exit = .
                0x7000e560                _etext = .

.vfp11_veneer   0x7000e560        0x0
 .vfp11_veneer  0x7000e560        0x0 linker stubs

.v4_bx          0x7000e560        0x0
 .v4_bx         0x7000e560        0x0 linker stubs

.iplt           0x7000e560        0x0
 .iplt          0x7000e560        0x0 d:/clionapp/gcc-arm-none-eabi/bin/../lib/gcc/arm-none-eabi/9.3.1/thumb/v7e-m+fp/hard/crtbegin.o

.ARM.extab
 *(.ARM.extab* .gnu.linkonce.armextab.*)

.ARM            0x7000e560        0x8
                0x7000e560                __exidx_start = .
 *(.ARM.exidx*)
 .ARM.exidx     0x7000e560        0x8 d:/clionapp/gcc-arm-none-eabi/bin/../lib/gcc/arm-none-eabi/9.3.1/../../../../arm-none-eabi/lib/thumb/v7e-m+fp/hard/crt0.o
                                 0x10 (size before relaxing)
 .ARM.exidx     0x7000e568        0x0 d:/clionapp/gcc-arm-none-eabi/bin/../lib/gcc/arm-none-eabi/9.3.1/thumb/v7e-m+fp/hard\libgcc.a(_udivmoddi4.o)
                                  0x8 (size before relaxing)
                0x7000e568                __exidx_end = .

.rel.dyn        0x7000e568        0x0
 .rel.iplt      0x7000e568        0x0 d:/clionapp/gcc-arm-none-eabi/bin/../lib/gcc/arm-none-eabi/9.3.1/thumb/v7e-m+fp/hard/crtbegin.o

.ctors          0x7000e568        0x0
                0x7000e568                __CTOR_LIST__ = .
 *crtbegin.o(.ctors)
 *crtbegin?.o(.ctors)
 *(EXCLUDE_FILE(*crtend.o *crtend?.o) .ctors)
 *(SORT_BY_NAME(.ctors.*))
 *(.ctors)
                0x7000e568                __CTOR_END__ = .

.dtors          0x7000e568        0x0
                0x7000e568                __DTOR_LIST__ = .
 *crtbegin.o(.dtors)
 *crtbegin?.o(.dtors)
 *(EXCLUDE_FILE(*crtend.o *crtend?.o) .dtors)
 *(SORT_BY_NAME(.dtors.*))
 *(.dtors)
                0x7000e568                __DTOR_END__ = .

.preinit_array  0x7000e568        0x0
                0x7000e568                PROVIDE (__preinit_array_start = .)
 *(.preinit_array*)
                0x7000e568                PROVIDE (__preinit_array_end = .)

.init_array     0x7000e568        0x8
                0x7000e568                PROVIDE (__init_array_start = .)
 *(SORT_BY_NAME(.init_array.*))
 .init_array.00000
                0x7000e568        0x4 d:/clionapp/gcc-arm-none-eabi/bin/../lib/gcc/arm-none-eabi/9.3.1/../../../../arm-none-eabi/lib/thumb/v7e-m+fp/hard\libg.a(lib_a-__call_atexit.o)
 *(.init_array*)
 .init_array    0x7000e56c        0x4 d:/clionapp/gcc-arm-none-eabi/bin/../lib/gcc/arm-none-eabi/9.3.1/thumb/v7e-m+fp/hard/crtbegin.o
                0x7000e570                PROVIDE (__init_array_end = .)

.fini_array     0x7000e570        0x4
                0x7000e570                PROVIDE (__fini_array_start = .)
 *(SORT_BY_NAME(.fini_array.*))
 *(.fini_array*)
 .fini_array    0x7000e570        0x4 d:/clionapp/gcc-arm-none-eabi/bin/../lib/gcc/arm-none-eabi/9.3.1/thumb/v7e-m+fp/hard/crtbegin.o
                0x7000e574                PROVIDE (__fini_array_end = .)
                0x7000e574                __etext = .
                0x7000e574                __DATA_ROM = .

.interrupts_ram
                0x20000000        0x0
                0x20000000                . = ALIGN (0x4)
                0x20000000                __VECTOR_RAM__ = .
                0x20000000                __interrupts_ram_start__ = .
 *(.m_interrupts_ram)
                0x20000000                . = (. + VECTOR_RAM_SIZE)
                0x20000000                . = ALIGN (0x4)
                0x20000000                __interrupts_ram_end__ = .
                0x70002000                __VECTOR_RAM = DEFINED (__ram_vector_table__)?__VECTOR_RAM__:ORIGIN (m_interrupts)
                0x00000000                __RAM_VECTOR_TABLE_SIZE_BYTES = DEFINED (__ram_vector_table__)?(__interrupts_ram_end__ - __interrupts_ram_start__):0x0

.data           0x20000000      0x4fc load address 0x7000e574
                0x20000000                . = ALIGN (0x4)
                0x20000000                __DATA_RAM = .
                0x20000000                __data_start__ = .
 *(m_usb_dma_init_data)
 *(.data)
 *(.data*)
 .data.Inductance_InitialValue
                0x20000000       0x18 CMakeFiles/RT1064.elf.dir/CODE/ADC.c.obj
                0x20000000                Inductance_InitialValue
 .data.Inductance_MAXValue
                0x20000018       0x18 CMakeFiles/RT1064.elf.dir/CODE/ADC.c.obj
                0x20000018                Inductance_MAXValue
 .data.Motor_GO_L_PWM
                0x20000030        0x2 CMakeFiles/RT1064.elf.dir/CODE/Motor.c.obj
                0x20000030                Motor_GO_L_PWM
 .data.Motor_GO_R_PWM
                0x20000032        0x2 CMakeFiles/RT1064.elf.dir/CODE/Motor.c.obj
                0x20000032                Motor_GO_R_PWM
 .data.garageout_flag
                0x20000034        0x2 CMakeFiles/RT1064.elf.dir/CODE/Motor.c.obj
                0x20000034                garageout_flag
 *fill*         0x20000036        0x2 
 .data.Island_weight_L
                0x20000038        0x4 CMakeFiles/RT1064.elf.dir/CODE/Steer.c.obj
                0x20000038                Island_weight_L
 .data.Island_weight_R
                0x2000003c        0x4 CMakeFiles/RT1064.elf.dir/CODE/Steer.c.obj
                0x2000003c                Island_weight_R
 .data.Rate     0x20000040        0x4 CMakeFiles/RT1064.elf.dir/CODE/Steer.c.obj
                0x20000040                Rate
 .data.SteerPWMDuty
                0x20000044        0x2 CMakeFiles/RT1064.elf.dir/CODE/Steer.c.obj
                0x20000044                SteerPWMDuty
 *fill*         0x20000046        0x2 
 .data.Motor_GOL_Filter
                0x20000048        0x4 CMakeFiles/RT1064.elf.dir/USER/main.c.obj
                0x20000048                Motor_GOL_Filter
 .data.Motor_GOL_PID
                0x2000004c        0x4 CMakeFiles/RT1064.elf.dir/USER/main.c.obj
                0x2000004c                Motor_GOL_PID
 .data.Motor_GOR_Filter
                0x20000050        0x4 CMakeFiles/RT1064.elf.dir/USER/main.c.obj
                0x20000050                Motor_GOR_Filter
 .data.Motor_GOR_PID
                0x20000054        0x4 CMakeFiles/RT1064.elf.dir/USER/main.c.obj
                0x20000054                Motor_GOR_PID
 .data.Steer_Filter
                0x20000058        0x4 CMakeFiles/RT1064.elf.dir/USER/main.c.obj
                0x20000058                Steer_Filter
 .data.Steer_PID
                0x2000005c        0x4 CMakeFiles/RT1064.elf.dir/USER/main.c.obj
                0x2000005c                Steer_PID
 .data.SystemCoreClock
                0x20000060        0x4 CMakeFiles/RT1064.elf.dir/nxp_libraries/deceive/system_MIMXRT1064.c.obj
                0x20000060                SystemCoreClock
 .data.ADCN     0x20000064        0xc CMakeFiles/RT1064.elf.dir/seekfree_libraries/zf_adc.c.obj
                0x20000064                ADCN
 .data.PORTPTR  0x20000070       0x28 CMakeFiles/RT1064.elf.dir/seekfree_libraries/zf_gpio.c.obj
                0x20000070                PORTPTR
 .data.QTIMERN  0x20000098       0x14 CMakeFiles/RT1064.elf.dir/seekfree_libraries/zf_qtimer.c.obj
                0x20000098                QTIMERN
 .data.UARTN    0x200000ac       0x24 CMakeFiles/RT1064.elf.dir/seekfree_libraries/zf_uart.c.obj
                0x200000ac                UARTN
 .data.impure_data
                0x200000d0      0x428 d:/clionapp/gcc-arm-none-eabi/bin/../lib/gcc/arm-none-eabi/9.3.1/../../../../arm-none-eabi/lib/thumb/v7e-m+fp/hard\libg.a(lib_a-impure.o)
 .data.__atexit_recursive_mutex
                0x200004f8        0x4 d:/clionapp/gcc-arm-none-eabi/bin/../lib/gcc/arm-none-eabi/9.3.1/../../../../arm-none-eabi/lib/thumb/v7e-m+fp/hard\libg.a(lib_a-__call_atexit.o)
                0x200004f8                __atexit_recursive_mutex
 *(.jcr*)
                0x200004fc                . = ALIGN (0x4)
                0x200004fc                __data_end__ = .
                0x7000ea70                __NDATA_ROM = (__DATA_ROM + (__data_end__ - __data_start__))

.igot.plt       0x200004fc        0x0 load address 0x7000ea70
 .igot.plt      0x200004fc        0x0 d:/clionapp/gcc-arm-none-eabi/bin/../lib/gcc/arm-none-eabi/9.3.1/thumb/v7e-m+fp/hard/crtbegin.o

.ncache.init    0x200004fc        0x0 load address 0x7000ea70
                0x200004fc                __noncachedata_start__ = .
 *(NonCacheable.init)
                0x200004fc                . = ALIGN (0x4)
                0x200004fc                __noncachedata_init_end__ = .
                0x200004fc                . = __noncachedata_init_end__

.ncache         0x200004fc        0x0
 *(NonCacheable)
                0x200004fc                . = ALIGN (0x4)
                0x200004fc                __noncachedata_end__ = .
                0x7000ea70                __DATA_END = (__NDATA_ROM + (__noncachedata_init_end__ - __noncachedata_start__))
                0x70400000                text_end = (ORIGIN (m_text) + LENGTH (m_text))
                0x00000001                ASSERT ((__DATA_END <= text_end), region m_text overflowed with text and data)

.bss            0x200004fc      0x398 load address 0x7000ea70
                0x200004fc                . = ALIGN (0x4)
                0x200004fc                __START_BSS = .
                0x200004fc                __bss_start__ = .
 *(m_usb_dma_noninit_data)
 *(.bss)
 .bss           0x200004fc       0x1c d:/clionapp/gcc-arm-none-eabi/bin/../lib/gcc/arm-none-eabi/9.3.1/thumb/v7e-m+fp/hard/crtbegin.o
 *(.bss*)
 .bss.Current_Value
                0x20000518        0x4 CMakeFiles/RT1064.elf.dir/CODE/ADC.c.obj
                0x20000518                Current_Value
 .bss.InductanceValue_Normal
                0x2000051c       0x18 CMakeFiles/RT1064.elf.dir/CODE/ADC.c.obj
                0x2000051c                InductanceValue_Normal
 .bss.Inductance_ADCValue
                0x20000534       0x78 CMakeFiles/RT1064.elf.dir/CODE/ADC.c.obj
                0x20000534                Inductance_ADCValue
 .bss.Inductance_Weight
                0x200005ac       0x18 CMakeFiles/RT1064.elf.dir/CODE/ADC.c.obj