###############################################################################
#
# IAR ELF Linker V8.32.3.193/W32 for ARM                  23/Jul/2021  02:41:22
# Copyright 2007-2019 IAR Systems AB.
#
#    Output file  =  
#        C:\Users\Sugar-lxn\Desktop\SIC_zongzuanfen\Project\IAR\program\nor_sdram_zf_dtcm\Exe\RT106X.out
#    Map file     =  
#        C:\Users\Sugar-lxn\Desktop\SIC_zongzuanfen\Project\IAR\program\nor_sdram_zf_dtcm\List\RT106X.map
#    Command line =  
#        -f C:\Users\SUGAR-~1\AppData\Local\Temp\EW14A1.tmp
#        (C:\Users\Sugar-lxn\Desktop\SIC_zongzuanfen\Project\IAR\program\nor_sdram_zf_dtcm\Obj\ADC.o
#        C:\Users\Sugar-lxn\Desktop\SIC_zongzuanfen\Project\IAR\program\nor_sdram_zf_dtcm\Obj\ANO_DT.o
#        C:\Users\Sugar-lxn\Desktop\SIC_zongzuanfen\Project\IAR\program\nor_sdram_zf_dtcm\Obj\Binarization.o
#        C:\Users\Sugar-lxn\Desktop\SIC_zongzuanfen\Project\IAR\program\nor_sdram_zf_dtcm\Obj\board.o
#        C:\Users\Sugar-lxn\Desktop\SIC_zongzuanfen\Project\IAR\program\nor_sdram_zf_dtcm\Obj\clock_config.o
#        C:\Users\Sugar-lxn\Desktop\SIC_zongzuanfen\Project\IAR\program\nor_sdram_zf_dtcm\Obj\common.o
#        C:\Users\Sugar-lxn\Desktop\SIC_zongzuanfen\Project\IAR\program\nor_sdram_zf_dtcm\Obj\diskio.o
#        C:\Users\Sugar-lxn\Desktop\SIC_zongzuanfen\Project\IAR\program\nor_sdram_zf_dtcm\Obj\evkmimxrt1064_flexspi_nor_config.o
#        C:\Users\Sugar-lxn\Desktop\SIC_zongzuanfen\Project\IAR\program\nor_sdram_zf_dtcm\Obj\evkmimxrt1064_sdram_ini_dcd.o
#        C:\Users\Sugar-lxn\Desktop\SIC_zongzuanfen\Project\IAR\program\nor_sdram_zf_dtcm\Obj\fastmath.o
#        C:\Users\Sugar-lxn\Desktop\SIC_zongzuanfen\Project\IAR\program\nor_sdram_zf_dtcm\Obj\ff.o
#        C:\Users\Sugar-lxn\Desktop\SIC_zongzuanfen\Project\IAR\program\nor_sdram_zf_dtcm\Obj\ffsystem.o
#        C:\Users\Sugar-lxn\Desktop\SIC_zongzuanfen\Project\IAR\program\nor_sdram_zf_dtcm\Obj\ffunicode.o
#        C:\Users\Sugar-lxn\Desktop\SIC_zongzuanfen\Project\IAR\program\nor_sdram_zf_dtcm\Obj\fsl_adc.o
#        C:\Users\Sugar-lxn\Desktop\SIC_zongzuanfen\Project\IAR\program\nor_sdram_zf_dtcm\Obj\fsl_adc_etc.o
#        C:\Users\Sugar-lxn\Desktop\SIC_zongzuanfen\Project\IAR\program\nor_sdram_zf_dtcm\Obj\fsl_aipstz.o
#        C:\Users\Sugar-lxn\Desktop\SIC_zongzuanfen\Project\IAR\program\nor_sdram_zf_dtcm\Obj\fsl_aoi.o
#        C:\Users\Sugar-lxn\Desktop\SIC_zongzuanfen\Project\IAR\program\nor_sdram_zf_dtcm\Obj\fsl_assert.o
#        C:\Users\Sugar-lxn\Desktop\SIC_zongzuanfen\Project\IAR\program\nor_sdram_zf_dtcm\Obj\fsl_bee.o
#        C:\Users\Sugar-lxn\Desktop\SIC_zongzuanfen\Project\IAR\program\nor_sdram_zf_dtcm\Obj\fsl_cache.o
#        C:\Users\Sugar-lxn\Desktop\SIC_zongzuanfen\Project\IAR\program\nor_sdram_zf_dtcm\Obj\fsl_clock.o
#        C:\Users\Sugar-lxn\Desktop\SIC_zongzuanfen\Project\IAR\program\nor_sdram_zf_dtcm\Obj\fsl_cmp.o
#        C:\Users\Sugar-lxn\Desktop\SIC_zongzuanfen\Project\IAR\program\nor_sdram_zf_dtcm\Obj\fsl_common.o
#        C:\Users\Sugar-lxn\Desktop\SIC_zongzuanfen\Project\IAR\program\nor_sdram_zf_dtcm\Obj\fsl_csi.o
#        C:\Users\Sugar-lxn\Desktop\SIC_zongzuanfen\Project\IAR\program\nor_sdram_zf_dtcm\Obj\fsl_dcdc.o
#        C:\Users\Sugar-lxn\Desktop\SIC_zongzuanfen\Project\IAR\program\nor_sdram_zf_dtcm\Obj\fsl_dcp.o
#        C:\Users\Sugar-lxn\Desktop\SIC_zongzuanfen\Project\IAR\program\nor_sdram_zf_dtcm\Obj\fsl_debug_console.o
#        C:\Users\Sugar-lxn\Desktop\SIC_zongzuanfen\Project\IAR\program\nor_sdram_zf_dtcm\Obj\fsl_dmamux.o
#        C:\Users\Sugar-lxn\Desktop\SIC_zongzuanfen\Project\IAR\program\nor_sdram_zf_dtcm\Obj\fsl_edma.o
#        C:\Users\Sugar-lxn\Desktop\SIC_zongzuanfen\Project\IAR\program\nor_sdram_zf_dtcm\Obj\fsl_elcdif.o
#        C:\Users\Sugar-lxn\Desktop\SIC_zongzuanfen\Project\IAR\program\nor_sdram_zf_dtcm\Obj\fsl_enc.o
#        C:\Users\Sugar-lxn\Desktop\SIC_zongzuanfen\Project\IAR\program\nor_sdram_zf_dtcm\Obj\fsl_enet.o
#        C:\Users\Sugar-lxn\Desktop\SIC_zongzuanfen\Project\IAR\program\nor_sdram_zf_dtcm\Obj\fsl_ewm.o
#        C:\Users\Sugar-lxn\Desktop\SIC_zongzuanfen\Project\IAR\program\nor_sdram_zf_dtcm\Obj\fsl_flexcan.o
#        C:\Users\Sugar-lxn\Desktop\SIC_zongzuanfen\Project\IAR\program\nor_sdram_zf_dtcm\Obj\fsl_flexio.o
#        C:\Users\Sugar-lxn\Desktop\SIC_zongzuanfen\Project\IAR\program\nor_sdram_zf_dtcm\Obj\fsl_flexio_camera.o
#        C:\Users\Sugar-lxn\Desktop\SIC_zongzuanfen\Project\IAR\program\nor_sdram_zf_dtcm\Obj\fsl_flexio_i2c_master.o
#        C:\Users\Sugar-lxn\Desktop\SIC_zongzuanfen\Project\IAR\program\nor_sdram_zf_dtcm\Obj\fsl_flexio_i2s.o
#        C:\Users\Sugar-lxn\Desktop\SIC_zongzuanfen\Project\IAR\program\nor_sdram_zf_dtcm\Obj\fsl_flexio_i2s_edma.o
#        C:\Users\Sugar-lxn\Desktop\SIC_zongzuanfen\Project\IAR\program\nor_sdram_zf_dtcm\Obj\fsl_flexio_spi.o
#        C:\Users\Sugar-lxn\Desktop\SIC_zongzuanfen\Project\IAR\program\nor_sdram_zf_dtcm\Obj\fsl_flexio_spi_edma.o
#        C:\Users\Sugar-lxn\Desktop\SIC_zongzuanfen\Project\IAR\program\nor_sdram_zf_dtcm\Obj\fsl_flexio_uart.o
#        C:\Users\Sugar-lxn\Desktop\SIC_zongzuanfen\Project\IAR\program\nor_sdram_zf_dtcm\Obj\fsl_flexio_uart_edma.o
#        C:\Users\Sugar-lxn\Desktop\SIC_zongzuanfen\Project\IAR\program\nor_sdram_zf_dtcm\Obj\fsl_flexram.o
#        C:\Users\Sugar-lxn\Desktop\SIC_zongzuanfen\Project\IAR\program\nor_sdram_zf_dtcm\Obj\fsl_flexspi.o
#        C:\Users\Sugar-lxn\Desktop\SIC_zongzuanfen\Project\IAR\program\nor_sdram_zf_dtcm\Obj\fsl_flexspi_nor_boot.o
#        C:\Users\Sugar-lxn\Desktop\SIC_zongzuanfen\Project\IAR\program\nor_sdram_zf_dtcm\Obj\fsl_gpc.o
#        C:\Users\Sugar-lxn\Desktop\SIC_zongzuanfen\Project\IAR\program\nor_sdram_zf_dtcm\Obj\fsl_gpio.o
#        C:\Users\Sugar-lxn\Desktop\SIC_zongzuanfen\Project\IAR\program\nor_sdram_zf_dtcm\Obj\fsl_gpt.o
#        C:\Users\Sugar-lxn\Desktop\SIC_zongzuanfen\Project\IAR\program\nor_sdram_zf_dtcm\Obj\fsl_kpp.o
#        C:\Users\Sugar-lxn\Desktop\SIC_zongzuanfen\Project\IAR\program\nor_sdram_zf_dtcm\Obj\fsl_lpi2c.o
#        C:\Users\Sugar-lxn\Desktop\SIC_zongzuanfen\Project\IAR\program\nor_sdram_zf_dtcm\Obj\fsl_lpi2c_edma.o
#        C:\Users\Sugar-lxn\Desktop\SIC_zongzuanfen\Project\IAR\program\nor_sdram_zf_dtcm\Obj\fsl_lpspi.o
#        C:\Users\Sugar-lxn\Desktop\SIC_zongzuanfen\Project\IAR\program\nor_sdram_zf_dtcm\Obj\fsl_lpspi_edma.o
#        C:\Users\Sugar-lxn\Desktop\SIC_zongzuanfen\Project\IAR\program\nor_sdram_zf_dtcm\Obj\fsl_lpuart.o
#        C:\Users\Sugar-lxn\Desktop\SIC_zongzuanfen\Project\IAR\program\nor_sdram_zf_dtcm\Obj\fsl_lpuart_edma.o
#        C:\Users\Sugar-lxn\Desktop\SIC_zongzuanfen\Project\IAR\program\nor_sdram_zf_dtcm\Obj\fsl_mmc.o
#        C:\Users\Sugar-lxn\Desktop\SIC_zongzuanfen\Project\IAR\program\nor_sdram_zf_dtcm\Obj\fsl_notifier.o
#        C:\Users\Sugar-lxn\Desktop\SIC_zongzuanfen\Project\IAR\program\nor_sdram_zf_dtcm\Obj\fsl_ocotp.o
#        C:\Users\Sugar-lxn\Desktop\SIC_zongzuanfen\Project\IAR\program\nor_sdram_zf_dtcm\Obj\fsl_pit.o
#        C:\Users\Sugar-lxn\Desktop\SIC_zongzuanfen\Project\IAR\program\nor_sdram_zf_dtcm\Obj\fsl_pmu.o
#        C:\Users\Sugar-lxn\Desktop\SIC_zongzuanfen\Project\IAR\program\nor_sdram_zf_dtcm\Obj\fsl_pwm.o
#        C:\Users\Sugar-lxn\Desktop\SIC_zongzuanfen\Project\IAR\program\nor_sdram_zf_dtcm\Obj\fsl_pxp.o
#        C:\Users\Sugar-lxn\Desktop\SIC_zongzuanfen\Project\IAR\program\nor_sdram_zf_dtcm\Obj\fsl_qtmr.o
#        C:\Users\Sugar-lxn\Desktop\SIC_zongzuanfen\Project\IAR\program\nor_sdram_zf_dtcm\Obj\fsl_rtwdog.o
#        C:\Users\Sugar-lxn\Desktop\SIC_zongzuanfen\Project\IAR\program\nor_sdram_zf_dtcm\Obj\fsl_sai.o
#        C:\Users\Sugar-lxn\Desktop\SIC_zongzuanfen\Project\IAR\program\nor_sdram_zf_dtcm\Obj\fsl_sai_edma.o
#        C:\Users\Sugar-lxn\Desktop\SIC_zongzuanfen\Project\IAR\program\nor_sdram_zf_dtcm\Obj\fsl_sbrk.o
#        C:\Users\Sugar-lxn\Desktop\SIC_zongzuanfen\Project\IAR\program\nor_sdram_zf_dtcm\Obj\fsl_sd.o
#        C:\Users\Sugar-lxn\Desktop\SIC_zongzuanfen\Project\IAR\program\nor_sdram_zf_dtcm\Obj\fsl_sd_disk.o
#        C:\Users\Sugar-lxn\Desktop\SIC_zongzuanfen\Project\IAR\program\nor_sdram_zf_dtcm\Obj\fsl_sdio.o
#        C:\Users\Sugar-lxn\Desktop\SIC_zongzuanfen\Project\IAR\program\nor_sdram_zf_dtcm\Obj\fsl_sdmmc_common.o
#        C:\Users\Sugar-lxn\Desktop\SIC_zongzuanfen\Project\IAR\program\nor_sdram_zf_dtcm\Obj\fsl_sdmmc_event.o
#        C:\Users\Sugar-lxn\Desktop\SIC_zongzuanfen\Project\IAR\program\nor_sdram_zf_dtcm\Obj\fsl_sdmmc_host.o
#        C:\Users\Sugar-lxn\Desktop\SIC_zongzuanfen\Project\IAR\program\nor_sdram_zf_dtcm\Obj\fsl_semc.o
#        C:\Users\Sugar-lxn\Desktop\SIC_zongzuanfen\Project\IAR\program\nor_sdram_zf_dtcm\Obj\fsl_shell.o
#        C:\Users\Sugar-lxn\Desktop\SIC_zongzuanfen\Project\IAR\program\nor_sdram_zf_dtcm\Obj\fsl_snvs_hp.o
#        C:\Users\Sugar-lxn\Desktop\SIC_zongzuanfen\Project\IAR\program\nor_sdram_zf_dtcm\Obj\fsl_snvs_lp.o
#        C:\Users\Sugar-lxn\Desktop\SIC_zongzuanfen\Project\IAR\program\nor_sdram_zf_dtcm\Obj\fsl_spdif.o
#        C:\Users\Sugar-lxn\Desktop\SIC_zongzuanfen\Project\IAR\program\nor_sdram_zf_dtcm\Obj\fsl_spdif_edma.o
#        C:\Users\Sugar-lxn\Desktop\SIC_zongzuanfen\Project\IAR\program\nor_sdram_zf_dtcm\Obj\fsl_src.o
#        C:\Users\Sugar-lxn\Desktop\SIC_zongzuanfen\Project\IAR\program\nor_sdram_zf_dtcm\Obj\fsl_str.o
#        C:\Users\Sugar-lxn\Desktop\SIC_zongzuanfen\Project\IAR\program\nor_sdram_zf_dtcm\Obj\fsl_tempmon.o
#        C:\Users\Sugar-lxn\Desktop\SIC_zongzuanfen\Project\IAR\program\nor_sdram_zf_dtcm\Obj\fsl_trng.o
#        C:\Users\Sugar-lxn\Desktop\SIC_zongzuanfen\Project\IAR\program\nor_sdram_zf_dtcm\Obj\fsl_tsc.o
#        C:\Users\Sugar-lxn\Desktop\SIC_zongzuanfen\Project\IAR\program\nor_sdram_zf_dtcm\Obj\fsl_usdhc.o
#        C:\Users\Sugar-lxn\Desktop\SIC_zongzuanfen\Project\IAR\program\nor_sdram_zf_dtcm\Obj\fsl_wdog.o
#        C:\Users\Sugar-lxn\Desktop\SIC_zongzuanfen\Project\IAR\program\nor_sdram_zf_dtcm\Obj\fsl_xbara.o
#        C:\Users\Sugar-lxn\Desktop\SIC_zongzuanfen\Project\IAR\program\nor_sdram_zf_dtcm\Obj\fsl_xbarb.o
#        C:\Users\Sugar-lxn\Desktop\SIC_zongzuanfen\Project\IAR\program\nor_sdram_zf_dtcm\Obj\generic_list.o
#        C:\Users\Sugar-lxn\Desktop\SIC_zongzuanfen\Project\IAR\program\nor_sdram_zf_dtcm\Obj\image.o
#        C:\Users\Sugar-lxn\Desktop\SIC_zongzuanfen\Project\IAR\program\nor_sdram_zf_dtcm\Obj\Interactive.o
#        C:\Users\Sugar-lxn\Desktop\SIC_zongzuanfen\Project\IAR\program\nor_sdram_zf_dtcm\Obj\isr.o
#        C:\Users\Sugar-lxn\Desktop\SIC_zongzuanfen\Project\IAR\program\nor_sdram_zf_dtcm\Obj\lpuart_adapter.o
#        C:\Users\Sugar-lxn\Desktop\SIC_zongzuanfen\Project\IAR\program\nor_sdram_zf_dtcm\Obj\main.o
#        C:\Users\Sugar-lxn\Desktop\SIC_zongzuanfen\Project\IAR\program\nor_sdram_zf_dtcm\Obj\Motor.o
#        C:\Users\Sugar-lxn\Desktop\SIC_zongzuanfen\Project\IAR\program\nor_sdram_zf_dtcm\Obj\PID.o
#        C:\Users\Sugar-lxn\Desktop\SIC_zongzuanfen\Project\IAR\program\nor_sdram_zf_dtcm\Obj\pin_mux.o
#        C:\Users\Sugar-lxn\Desktop\SIC_zongzuanfen\Project\IAR\program\nor_sdram_zf_dtcm\Obj\SEEKFREE_18TFT.o
#        C:\Users\Sugar-lxn\Desktop\SIC_zongzuanfen\Project\IAR\program\nor_sdram_zf_dtcm\Obj\SEEKFREE_FONT.o
#        C:\Users\Sugar-lxn\Desktop\SIC_zongzuanfen\Project\IAR\program\nor_sdram_zf_dtcm\Obj\SEEKFREE_FUN.o
#        C:\Users\Sugar-lxn\Desktop\SIC_zongzuanfen\Project\IAR\program\nor_sdram_zf_dtcm\Obj\SEEKFREE_ICM20602.o
#        C:\Users\Sugar-lxn\Desktop\SIC_zongzuanfen\Project\IAR\program\nor_sdram_zf_dtcm\Obj\SEEKFREE_IIC.o
#        C:\Users\Sugar-lxn\Desktop\SIC_zongzuanfen\Project\IAR\program\nor_sdram_zf_dtcm\Obj\SEEKFREE_IPS114_SPI.o
#        C:\Users\Sugar-lxn\Desktop\SIC_zongzuanfen\Project\IAR\program\nor_sdram_zf_dtcm\Obj\SEEKFREE_IPS200_PARALLEL8.o
#        C:\Users\Sugar-lxn\Desktop\SIC_zongzuanfen\Project\IAR\program\nor_sdram_zf_dtcm\Obj\SEEKFREE_L3G4200D.o
#        C:\Users\Sugar-lxn\Desktop\SIC_zongzuanfen\Project\IAR\program\nor_sdram_zf_dtcm\Obj\SEEKFREE_MMA8451.o
#        C:\Users\Sugar-lxn\Desktop\SIC_zongzuanfen\Project\IAR\program\nor_sdram_zf_dtcm\Obj\SEEKFREE_MPU6050.o
#        C:\Users\Sugar-lxn\Desktop\SIC_zongzuanfen\Project\IAR\program\nor_sdram_zf_dtcm\Obj\SEEKFREE_MT9V03X.o
#        C:\Users\Sugar-lxn\Desktop\SIC_zongzuanfen\Project\IAR\program\nor_sdram_zf_dtcm\Obj\SEEKFREE_MT9V03X_CSI.o
#        C:\Users\Sugar-lxn\Desktop\SIC_zongzuanfen\Project\IAR\program\nor_sdram_zf_dtcm\Obj\SEEKFREE_NRF24L01.o
#        C:\Users\Sugar-lxn\Desktop\SIC_zongzuanfen\Project\IAR\program\nor_sdram_zf_dtcm\Obj\SEEKFREE_OLED.o
#        C:\Users\Sugar-lxn\Desktop\SIC_zongzuanfen\Project\IAR\program\nor_sdram_zf_dtcm\Obj\SEEKFREE_PRINTF.o
#        C:\Users\Sugar-lxn\Desktop\SIC_zongzuanfen\Project\IAR\program\nor_sdram_zf_dtcm\Obj\SEEKFREE_SCC8660.o
#        C:\Users\Sugar-lxn\Desktop\SIC_zongzuanfen\Project\IAR\program\nor_sdram_zf_dtcm\Obj\SEEKFREE_SCC8660_CSI.o
#        C:\Users\Sugar-lxn\Desktop\SIC_zongzuanfen\Project\IAR\program\nor_sdram_zf_dtcm\Obj\SEEKFREE_VIRSCO.o
#        C:\Users\Sugar-lxn\Desktop\SIC_zongzuanfen\Project\IAR\program\nor_sdram_zf_dtcm\Obj\SEEKFREE_W25QXXJV.o
#        C:\Users\Sugar-lxn\Desktop\SIC_zongzuanfen\Project\IAR\program\nor_sdram_zf_dtcm\Obj\SEEKFREE_WIRELESS.o
#        C:\Users\Sugar-lxn\Desktop\SIC_zongzuanfen\Project\IAR\program\nor_sdram_zf_dtcm\Obj\serial_manager.o
#        C:\Users\Sugar-lxn\Desktop\SIC_zongzuanfen\Project\IAR\program\nor_sdram_zf_dtcm\Obj\serial_port_uart.o
#        C:\Users\Sugar-lxn\Desktop\SIC_zongzuanfen\Project\IAR\program\nor_sdram_zf_dtcm\Obj\startup_MIMXRT1064.o
#        C:\Users\Sugar-lxn\Desktop\SIC_zongzuanfen\Project\IAR\program\nor_sdram_zf_dtcm\Obj\Steer.o
#        C:\Users\Sugar-lxn\Desktop\SIC_zongzuanfen\Project\IAR\program\nor_sdram_zf_dtcm\Obj\system_MIMXRT1064.o
#        C:\Users\Sugar-lxn\Desktop\SIC_zongzuanfen\Project\IAR\program\nor_sdram_zf_dtcm\Obj\tft.o
#        C:\Users\Sugar-lxn\Desktop\SIC_zongzuanfen\Project\IAR\program\nor_sdram_zf_dtcm\Obj\usb_device_cdc_acm.o
#        C:\Users\Sugar-lxn\Desktop\SIC_zongzuanfen\Project\IAR\program\nor_sdram_zf_dtcm\Obj\usb_device_ch9.o
#        C:\Users\Sugar-lxn\Desktop\SIC_zongzuanfen\Project\IAR\program\nor_sdram_zf_dtcm\Obj\usb_device_class.o
#        C:\Users\Sugar-lxn\Desktop\SIC_zongzuanfen\Project\IAR\program\nor_sdram_zf_dtcm\Obj\usb_device_dci.o
#        C:\Users\Sugar-lxn\Desktop\SIC_zongzuanfen\Project\IAR\program\nor_sdram_zf_dtcm\Obj\usb_device_descriptor.o
#        C:\Users\Sugar-lxn\Desktop\SIC_zongzuanfen\Project\IAR\program\nor_sdram_zf_dtcm\Obj\usb_device_ehci.o
#        C:\Users\Sugar-lxn\Desktop\SIC_zongzuanfen\Project\IAR\program\nor_sdram_zf_dtcm\Obj\usb_phy.o
#        C:\Users\Sugar-lxn\Desktop\SIC_zongzuanfen\Project\IAR\program\nor_sdram_zf_dtcm\Obj\zf_adc.o
#        C:\Users\Sugar-lxn\Desktop\SIC_zongzuanfen\Project\IAR\program\nor_sdram_zf_dtcm\Obj\zf_camera.o
#        C:\Users\Sugar-lxn\Desktop\SIC_zongzuanfen\Project\IAR\program\nor_sdram_zf_dtcm\Obj\zf_csi.o
#        C:\Users\Sugar-lxn\Desktop\SIC_zongzuanfen\Project\IAR\program\nor_sdram_zf_dtcm\Obj\zf_flash.o
#        C:\Users\Sugar-lxn\Desktop\SIC_zongzuanfen\Project\IAR\program\nor_sdram_zf_dtcm\Obj\zf_gpio.o
#        C:\Users\Sugar-lxn\Desktop\SIC_zongzuanfen\Project\IAR\program\nor_sdram_zf_dtcm\Obj\zf_iic.o
#        C:\Users\Sugar-lxn\Desktop\SIC_zongzuanfen\Project\IAR\program\nor_sdram_zf_dtcm\Obj\zf_iomuxc.o
#        C:\Users\Sugar-lxn\Desktop\SIC_zongzuanfen\Project\IAR\program\nor_sdram_zf_dtcm\Obj\zf_pit.o
#        C:\Users\Sugar-lxn\Desktop\SIC_zongzuanfen\Project\IAR\program\nor_sdram_zf_dtcm\Obj\zf_pwm.o
#        C:\Users\Sugar-lxn\Desktop\SIC_zongzuanfen\Project\IAR\program\nor_sdram_zf_dtcm\Obj\zf_qtimer.o
#        C:\Users\Sugar-lxn\Desktop\SIC_zongzuanfen\Project\IAR\program\nor_sdram_zf_dtcm\Obj\zf_rom_api.o
#        C:\Users\Sugar-lxn\Desktop\SIC_zongzuanfen\Project\IAR\program\nor_sdram_zf_dtcm\Obj\zf_sdcard.o
#        C:\Users\Sugar-lxn\Desktop\SIC_zongzuanfen\Project\IAR\program\nor_sdram_zf_dtcm\Obj\zf_spi.o
#        C:\Users\Sugar-lxn\Desktop\SIC_zongzuanfen\Project\IAR\program\nor_sdram_zf_dtcm\Obj\zf_systick.o
#        C:\Users\Sugar-lxn\Desktop\SIC_zongzuanfen\Project\IAR\program\nor_sdram_zf_dtcm\Obj\zf_uart.o
#        C:\Users\Sugar-lxn\Desktop\SIC_zongzuanfen\Project\IAR\program\nor_sdram_zf_dtcm\Obj\zf_usb_cdc.o
#        C:\Users\Sugar-lxn\Desktop\SIC_zongzuanfen\Project\IAR\program\nor_sdram_zf_dtcm\Obj\zf_vector.o
#        --no_out_extension -o
#        C:\Users\Sugar-lxn\Desktop\SIC_zongzuanfen\Project\IAR\program\nor_sdram_zf_dtcm\Exe\RT106X.out
#        --map
#        C:\Users\Sugar-lxn\Desktop\SIC_zongzuanfen\Project\IAR\program\nor_sdram_zf_dtcm\List\RT106X.map
#        --config
#        C:\Users\Sugar-lxn\Desktop\SIC_zongzuanfen\Project\IAR\program\..\..\IAR\icf\MIMXRT1064xxxxx_flexspi_nor.icf
#        --semihosting --entry __iar_program_start --vfe --text_out locale)
#
###############################################################################

*******************************************************************************
*** RUNTIME MODEL ATTRIBUTES
***

CppFlavor       = *
__Heap_Handler  = DLMalloc
__SystemLibrary = DLib
__dlib_version  = 6


*******************************************************************************
*** HEAP SELECTION
***

The advanced heap was selected because the application calls memory
allocation functions outside of system library functions, and there
are calls to deallocation functions in the application.


*******************************************************************************
*** PLACEMENT SUMMARY
***

"A0":  place at 0x7000'2000 { ro section .intvec };
"A2":  place at 0x7000'0000 { section .boot_hdr.conf };
"A3":  place at 0x7000'1000 { section .boot_hdr.ivt };
"A4":  place at 0x7000'1020 { ro section .boot_hdr.boot_data };
"A5":  place at 0x7000'1030 { ro section .boot_hdr.dcd_data };
"P1":  place in [from 0x7000'2000 to 0x7000'23ff] |
                [from 0x7000'2400 to 0x703f'ffff] { ro };
define block RW { first rw, section m_usb_dma_init_data };
"P2":  place in [from 0x8000'0000 to 0x8000'03ff] |
                [from 0x8000'0400 to 0x81df'ffff] { block RW };
define block SDRAM_VAR
   with alignment = 8 { section SDRAM_CACHE, section SDRAM_CACHE.init };
"P11": place in [from 0x8000'0000 to 0x8000'03ff] |
                [from 0x8000'0400 to 0x81df'ffff] { block SDRAM_VAR };
define block ZI
   with alignment = 32 { first zi, section m_usb_dma_noninit_data };
"P3":  place in [from 0x2000'0000 to 0x2006'efff] { block ZI };
"P4":  place in [from 0x2000'0000 to 0x2006'efff] { section .data };
"P5":  place in [from 0x2000'0000 to 0x2006'efff] { section .textrw };
define block DTCM_VAR
   with alignment = 8 { section NonCacheable, section NonCacheable.init };
"P9":  place in [from 0x2000'0000 to 0x2006'efff] { block DTCM_VAR };
define block CSTACK with size = 4K, alignment = 8 { };
"P7":  place in [from 0x2006'f000 to 0x2006'ffff] { block CSTACK };
define block OCRAM_VAR
   with alignment = 8 { section OCRAM_CACHE, section OCRAM_CACHE.init };
"P10": place in [from 0x2020'0000 to 0x2027'ffff] { block OCRAM_VAR };
initialize by copy { rw, section .textrw };
initialize by copy { ro }
   except {
      ro section .intvec, ro object system_MIMXRT1064.o,
      ro object startup_MIMXRT1064.o, section .boot_hdr.conf,
      section .boot_hdr.ivt, section .boot_hdr.boot_data,
      section .boot_hdr.dcd_data };
keep {
   section .boot_hdr.conf, section .boot_hdr.ivt, section .boot_hdr.boot_data,
   section .boot_hdr.dcd_data };

No sections matched the following patterns:

  section .intvec_RAM              in "A1"
  section .textrw                  in "P3-P5|P9"
  section ITCM_NonCacheable        in block ITCM_VAR
  section ITCM_NonCacheable.init   in block ITCM_VAR
  section NonCacheable.init        in block DTCM_VAR
  section OCRAM_CACHE.init         in block OCRAM_VAR
  section SDRAM_CACHE              in block SDRAM_VAR
  section SDRAM_CACHE.init         in block SDRAM_VAR
  section SDRAM_NonCacheable       in block SDRAM_NCACHE_VAR
  section SDRAM_NonCacheable.init  in block SDRAM_NCACHE_VAR
  section m_usb_dma_init_data      in block RW
  section m_usb_dma_noninit_data   in block ZI


  Section              Kind         Address     Size  Object
  -------              ----         -------     ----  ------
"P3-P5|P9", part 1 of 2:                       0x146
  P3-P5|P9 s0                   0x2000'0000    0x146  <Init block>
    .data              inited   0x2000'0000     0x50  image.o [1]
    .data              inited   0x2000'0050     0x28  zf_gpio.o [1]
    .data              inited   0x2000'0078     0x24  SEEKFREE_MT9V03X_CSI.o [1]
    .data              inited   0x2000'009c     0x24  zf_uart.o [1]
    .data              inited   0x2000'00c0     0x20  SEEKFREE_MT9V03X_CSI.o [1]
    .data              inited   0x2000'00e0     0x14  zf_pwm.o [1]
    .data              inited   0x2000'00f4     0x14  zf_qtimer.o [1]
    .data              inited   0x2000'0108      0x4  main.o [1]
    .data              inited   0x2000'010c      0x4  main.o [1]
    .data              inited   0x2000'0110      0x4  main.o [1]
    .data              inited   0x2000'0114      0x4  main.o [1]
    .data              inited   0x2000'0118      0x4  main.o [1]
    .data              inited   0x2000'011c      0x4  main.o [1]
    .data              inited   0x2000'0120      0x4  main.o [1]
    .data              inited   0x2000'0124      0x4  main.o [1]
    .data              inited   0x2000'0128      0x4  Motor.o [1]
    .data              inited   0x2000'012c      0x4  Motor.o [1]
    .data              inited   0x2000'0130      0x4  Motor.o [1]
    .data              inited   0x2000'0134      0x4  system_MIMXRT1064.o [1]
    .data              inited   0x2000'0138      0x2  Binarization.o [1]
    .data              inited   0x2000'013a      0x2  Binarization.o [1]
    .data              inited   0x2000'013c      0x2  Motor.o [1]
    .data              inited   0x2000'013e      0x2  Motor.o [1]
    .data              inited   0x2000'0140      0x2  Steer.o [1]
    .data              inited   0x2000'0142      0x1  image.o [1]
    .data              inited   0x2000'0143      0x1  image.o [1]
    .data              inited   0x2000'0144      0x1  main.o [1]
    .data              inited   0x2000'0145      0x1  main.o [1]
                              - 0x2000'0146    0x146

"P3-P5|P9", part 2 of 2:                     0x168f0
  DTCM_VAR                      0x2000'0180  0x108b8  <Block>
    NonCacheable       zero     0x2000'0180   0x5820  SEEKFREE_MT9V03X_CSI.o [1]
    NonCacheable       zero     0x2000'59c0   0x5820  SEEKFREE_MT9V03X_CSI.o [1]
    NonCacheable       zero     0x2000'b1e0   0x5820  SEEKFREE_MT9V03X.o [1]
  ZI                            0x2001'0a00   0x6038  <Block>
    .bss               zero     0x2001'0a00      0x1  Binarization.o [1]
    .bss               zero     0x2001'0a04   0x5820  Binarization.o [1]
    .bss               zero     0x2001'6224      0x1  common.o [1]
    .bss               zero     0x2001'6228      0x4  fsl_clock.o [1]
    .bss               zero     0x2001'622c      0x4  fsl_clock.o [1]
    .bss               zero     0x2001'6230      0x4  fsl_csi.o [1]
    .bss               zero     0x2001'6234      0x4  fsl_csi.o [1]
    .bss               zero     0x2001'6238     0x1c  fsl_debug_console.o [1]
    .bss               zero     0x2001'6254      0x4  fsl_debug_console.o [1]
    .bss               zero     0x2001'6258     0x80  fsl_edma.o [1]
    .bss               zero     0x2001'62d8      0xc  fsl_enet.o [1]
    .bss               zero     0x2001'62e4      0x4  fsl_enet.o [1]
    .bss               zero     0x2001'62e8      0x4  fsl_enet.o [1]
    .bss               zero     0x2001'62ec      0x4  fsl_enet.o [1]
    .bss               zero     0x2001'62f0      0x4  fsl_enet.o [1]
    .bss               zero     0x2001'62f4     0x10  fsl_flexcan.o [1]
    .bss               zero     0x2001'6304      0x4  fsl_flexcan.o [1]
    .bss               zero     0x2001'6308      0x8  fsl_flexio.o [1]
    .bss               zero     0x2001'6310      0x8  fsl_flexio.o [1]
    .bss               zero     0x2001'6318      0x8  fsl_flexio.o [1]
    .bss               zero     0x2001'6320      0x4  fsl_lpi2c.o [1]
    .bss               zero     0x2001'6324     0x14  fsl_lpi2c.o [1]
    .bss               zero     0x2001'6338      0x4  fsl_lpi2c.o [1]
    .bss               zero     0x2001'633c     0x14  fsl_lpi2c.o [1]
    .bss               zero     0x2001'6350     0x14  fsl_lpspi.o [1]
    .bss               zero     0x2001'6364      0x4  fsl_lpspi.o [1]
    .bss               zero     0x2001'6368      0x4  fsl_lpspi.o [1]
    .bss               zero     0x2001'636c     0x24  fsl_lpuart.o [1]
    .bss               zero     0x2001'6390      0x4  fsl_lpuart.o [1]
    .bss               zero     0x2001'6394     0x20  fsl_sai.o [1]
    .bss               zero     0x2001'63b4      0x4  fsl_sai.o [1]
    .bss               zero     0x2001'63b8      0x4  fsl_sai.o [1]
    .bss               zero     0x2001'63bc      0x4  fsl_sdmmc_event.o [1]
    .bss               zero     0x2001'63c0      0x4  fsl_sdmmc_event.o [1]
    .bss               zero     0x2001'63c4      0x4  fsl_sdmmc_event.o [1]
    .bss               zero     0x2001'63c8     0x28  fsl_sdmmc_host.o [1]
    .bss               zero     0x2001'63f0      0x1  fsl_sdmmc_host.o [1]
    .bss               zero     0x2001'63f4      0x8  fsl_spdif.o [1]
    .bss               zero     0x2001'63fc      0x4  fsl_spdif.o [1]
    .bss               zero     0x2001'6400      0x4  fsl_spdif.o [1]
    .bss               zero     0x2001'6404      0xc  fsl_usdhc.o [1]
    .bss               zero     0x2001'6410      0x4  fsl_usdhc.o [1]
    .bss               zero     0x2001'6414      0x1  image.o [1]
    .bss               zero     0x2001'6415      0x1  image.o [1]
    .bss               zero     0x2001'6416      0x1  image.o [1]
    .bss               zero     0x2001'6417      0x1  image.o [1]
    .bss               zero     0x2001'6418      0x1  image.o [1]
    .bss               zero     0x2001'6419      0x1  image.o [1]
    .bss               zero     0x2001'641a      0x1  image.o [1]
    .bss               zero     0x2001'641b      0x1  image.o [1]
    .bss               zero     0x2001'641c      0x1  image.o [1]
    .bss               zero     0x2001'641d      0x1  image.o [1]
    .bss               zero     0x2001'641e      0x1  image.o [1]
    .bss               zero     0x2001'6420     0x78  image.o [1]
    .bss               zero     0x2001'6498     0x78  image.o [1]
    .bss               zero     0x2001'6510     0x78  image.o [1]
    .bss               zero     0x2001'6588     0x78  image.o [1]
    .bss               zero     0x2001'6600     0x78  image.o [1]
    .bss               zero     0x2001'6678     0x78  image.o [1]
    .bss               zero     0x2001'66f0      0x1  image.o [1]
    .bss               zero     0x2001'66f1      0x1  image.o [1]
    .bss               zero     0x2001'66f2      0x1  image.o [1]
    .bss               zero     0x2001'66f3      0x1  image.o [1]
    .bss               zero     0x2001'66f4      0x1  image.o [1]
    .bss               zero     0x2001'66f5      0x1  image.o [1]
    .bss               zero     0x2001'66f8     0x78  image.o [1]
    .bss               zero     0x2001'6770     0x78  image.o [1]
    .bss               zero     0x2001'67e8     0x78  image.o [1]
    .bss               zero     0x2001'6860      0x4  image.o [1]
    .bss               zero     0x2001'6864      0x4  image.o [1]
    .bss               zero     0x2001'6868      0x4  image.o [1]
    .bss               zero     0x2001'686c      0x4  image.o [1]
    .bss               zero     0x2001'6870      0x4  image.o [1]
    .bss               zero     0x2001'6874      0x4  image.o [1]
    .bss               zero     0x2001'6878      0x4  image.o [1]
    .bss               zero     0x2001'687c      0x4  image.o [1]
    .bss               zero     0x2001'6880      0x4  image.o [1]
    .bss               zero     0x2001'6884      0x4  image.o [1]
    .bss               zero     0x2001'6888      0x1  image.o [1]
    .bss               zero     0x2001'6889      0x1  image.o [1]
    .bss               zero     0x2001'688a      0x1  image.o [1]
    .bss               zero     0x2001'688b      0x1  image.o [1]
    .bss               zero     0x2001'688c      0x1  image.o [1]
    .bss               zero     0x2001'688d      0x1  image.o [1]
    .bss               zero     0x2001'6890      0x4  isr.o [1]
    .bss               zero     0x2001'6894     0x34  main.o [1]
    .bss               zero     0x2001'68c8     0x34  main.o [1]
    .bss               zero     0x2001'68fc     0x10  main.o [1]
    .bss               zero     0x2001'690c     0x10  main.o [1]
    .bss               zero     0x2001'691c     0x34  main.o [1]
    .bss               zero     0x2001'6950     0x10  main.o [1]
    .bss               zero     0x2001'6960     0x10  main.o [1]
    .bss               zero     0x2001'6970     0x10  main.o [1]
    .bss               zero     0x2001'6980      0x1  main.o [1]
    .bss               zero     0x2001'6981      0x1  main.o [1]
    .bss               zero     0x2001'6984      0x4  Motor.o [1]
    .bss               zero     0x2001'6988      0x4  Motor.o [1]
    .bss               zero     0x2001'698c      0x4  Motor.o [1]
    .bss               zero     0x2001'6990      0x4  Motor.o [1]
    .bss               zero     0x2001'6994      0x4  SEEKFREE_MT9V03X.o [1]
    .bss               zero     0x2001'6998      0x1  SEEKFREE_MT9V03X.o [1]
    .bss               zero     0x2001'6999      0x1  SEEKFREE_MT9V03X.o [1]
    .bss               zero     0x2001'699c      0x4  SEEKFREE_MT9V03X_CSI.o [1]
    .bss               zero     0x2001'69a0      0x1  SEEKFREE_MT9V03X_CSI.o [1]
    .bss               zero     0x2001'69a4      0x8  SEEKFREE_MT9V03X_CSI.o [1]
    .bss               zero     0x2001'69ac     0x30  SEEKFREE_MT9V03X_CSI.o [1]
    .bss               zero     0x2001'69dc      0x1  SEEKFREE_MT9V03X_CSI.o [1]
    .bss               zero     0x2001'69e0      0x4  SEEKFREE_SCC8660.o [1]
    .bss               zero     0x2001'69e4      0x4  Steer.o [1]
    .bss               zero     0x2001'69e8     0x1c  zf_camera.o [1]
    .bss               zero     0x2001'6a04     0x1c  zf_csi.o [1]
    .bss               zero     0x2001'6a20      0x4  zf_csi.o [1]
    .bss               zero     0x2001'6a24      0x1  zf_systick.o [1]
    .bss               zero     0x2001'6a28     0x10  zf_usb_cdc.o [1]
                              - 0x2001'6a38  0x168f0

"P7":                                         0x1000
  CSTACK                        0x2006'f000   0x1000  <Block>
    CSTACK             uninit   0x2006'f000   0x1000  <Block tail>
                              - 0x2007'0000   0x1000

"P10":                                       0x12c00
  OCRAM_VAR                     0x2020'0000  0x12c00  <Block>
    OCRAM_CACHE        zero     0x2020'0000   0x9600  SEEKFREE_SCC8660.o [1]
    OCRAM_CACHE        zero     0x2020'9600   0x9600  SEEKFREE_SCC8660.o [1]
                              - 0x2021'2c00  0x12c00

"A2":                                          0x200
  .boot_hdr.conf       const    0x7000'0000    0x200  evkmimxrt1064_flexspi_nor_config.o [1]
                              - 0x7000'0200    0x200

"A3":                                           0x20
  .boot_hdr.ivt        const    0x7000'1000     0x20  fsl_flexspi_nor_boot.o [1]
                              - 0x7000'1020     0x20

"A4":                                           0x10
  .boot_hdr.boot_data  const    0x7000'1020     0x10  fsl_flexspi_nor_boot.o [1]
                              - 0x7000'1030     0x10

"A5":                                          0x430
  .boot_hdr.dcd_data   const    0x7000'1030    0x430  evkmimxrt1064_sdram_ini_dcd.o [1]
                              - 0x7000'1460    0x430

"A0":                                          0x440
  .intvec              const    0x7000'2000    0x400  zf_vector.o [1]
  .intvec              ro code  0x7000'2400     0x40  vector_table_M.o [4]
                              - 0x7000'2440    0x440

"P1":                                         0xc609
  .text                ro code  0x7000'2440    0x1f6  lz77_init.o [4]
  .text                ro code  0x7000'2636      0x6  abort.o [2]
  .text                ro code  0x7000'263c     0x14  exit.o [5]
  .text                ro code  0x7000'2650    0x18a  system_MIMXRT1064.o [1]
  .text                ro code  0x7000'27da     0x3a  zero_init3.o [4]
  .text                ro code  0x7000'2814     0x6c  startup_MIMXRT1064.o [1]
  .text                ro code  0x7000'2880     0x28  data_init.o [4]
  .text                ro code  0x7000'28a8     0x22  fpinit_M.o [3]
  .iar.init_table      const    0x7000'28cc     0x58  - Linker created -
  Veneer               ro code  0x7000'2924      0x8  - Linker created -
  Veneer               ro code  0x7000'292c      0x8  - Linker created -
  .text                ro code  0x7000'2934     0x1e  cmain.o [4]
  .text                ro code  0x7000'2952      0x4  low_level_init.o [2]
  .text                ro code  0x7000'2956      0xc  cstartup_M.o [4]
  .rodata              const    0x7000'2962      0x0  zero_init3.o [4]
  .rodata              const    0x7000'2962      0x0  lz77_init.o [4]
  Initializer bytes    const    0x7000'2962   0xbfce  <for RW-1>
  Initializer bytes    const    0x7000'e930    0x119  <for P3-P5|P9 s0>
                              - 0x7000'ea49   0xc609

"P2|P11":                                    0x154bc
  RW                            0x8000'0400  0x154bc  <Block>
    RW-1                        0x8000'0400  0x154bc  <Init block>
      .rodata          inited   0x8000'0400    0x420  pow64.o [3]
      .rodata          inited   0x8000'0820     0x18  clock_config.o [1]
      .rodata          inited   0x8000'0838     0x58  clock_config.o [1]
      .rodata          inited   0x8000'0890     0x10  clock_config.o [1]
      .rodata          inited   0x8000'08a0      0x8  clock_config.o [1]
      .rodata          inited   0x8000'08a8     0x2c  fsl_assert.o [1]
      .rodata          inited   0x8000'08d4     0x10  fsl_clock.o [1]
      .rodata          inited   0x8000'08e4     0x58  fsl_clock.o [1]
      .rodata          inited   0x8000'093c     0x10  fsl_clock.o [1]
      .rodata          inited   0x8000'094c     0x10  fsl_csi.o [1]
      .rodata          inited   0x8000'095c     0x58  fsl_csi.o [1]
      .rodata          inited   0x8000'09b4     0x3c  fsl_csi.o [1]
      .rodata          inited   0x8000'09f0     0x54  fsl_csi.o [1]
      .rodata          inited   0x8000'0a44      0x8  fsl_csi.o [1]
      .rodata          inited   0x8000'0a4c      0x8  fsl_csi.o [1]
      .rodata          inited   0x8000'0a54      0x4  fsl_csi.o [1]
      .rodata          inited   0x8000'0a58      0x8  fsl_debug_console.o [1]
      .rodata          inited   0x8000'0a60     0x70  fsl_debug_console.o [1]
      .rodata          inited   0x8000'0ad0      0xc  fsl_debug_console.o [1]
      .rodata          inited   0x8000'0adc     0x28  fsl_debug_console.o [1]
      .rodata          inited   0x8000'0b04     0x10  fsl_debug_console.o [1]
      .rodata          inited   0x8000'0b14     0x58  fsl_edma.o [1]
      .rodata          inited   0x8000'0b6c     0x1c  fsl_edma.o [1]
      .rodata          inited   0x8000'0b88      0xc  fsl_edma.o [1]
      .rodata          inited   0x8000'0b94     0x3c  fsl_enet.o [1]
      .rodata          inited   0x8000'0bd0     0x58  fsl_enet.o [1]
      .rodata          inited   0x8000'0c28      0xc  fsl_enet.o [1]
      .rodata          inited   0x8000'0c34     0x58  fsl_flexcan.o [1]
      .rodata          inited   0x8000'0c8c     0x18  fsl_flexcan.o [1]
      .rodata          inited   0x8000'0ca4     0x18  fsl_flexcan.o [1]
      .rodata          inited   0x8000'0cbc     0x18  fsl_flexcan.o [1]
      .rodata          inited   0x8000'0cd4     0x10  fsl_gpio.o [1]
      .rodata          inited   0x8000'0ce4     0x58  fsl_gpio.o [1]
      .rodata          inited   0x8000'0d3c     0x3c  fsl_gpio.o [1]
      .rodata          inited   0x8000'0d78     0x58  fsl_gpio.o [1]
      .rodata          inited   0x8000'0dd0      0xc  fsl_gpio.o [1]
      .rodata          inited   0x8000'0ddc     0x28  fsl_gpio.o [1]
      .rodata          inited   0x8000'0e04      0xc  fsl_gpio.o [1]
      .rodata          inited   0x8000'0e10     0x10  fsl_gpt.o [1]
      .rodata          inited   0x8000'0e20     0x58  fsl_gpt.o [1]
      .rodata          inited   0x8000'0e78     0x1c  fsl_gpt.o [1]
      .rodata          inited   0x8000'0e94     0x54  fsl_gpt.o [1]
      .rodata          inited   0x8000'0ee8     0x3c  fsl_gpt.o [1]
      .rodata          inited   0x8000'0f24     0x54  fsl_gpt.o [1]
      .rodata          inited   0x8000'0f78     0x10  fsl_gpt.o [1]
      .rodata          inited   0x8000'0f88      0xc  fsl_gpt.o [1]
      .rodata          inited   0x8000'0f94      0xc  fsl_gpt.o [1]
      .rodata          inited   0x8000'0fa0      0x8  fsl_gpt.o [1]
      .rodata          inited   0x8000'0fa8     0x58  fsl_lpspi.o [1]
      .rodata          inited   0x8000'1000     0x14  fsl_lpspi.o [1]
      .rodata          inited   0x8000'1014     0x14  fsl_lpspi.o [1]
      .rodata          inited   0x8000'1028     0x14  fsl_lpspi.o [1]
      .rodata          inited   0x8000'103c     0x14  fsl_lpspi.o [1]
      .rodata          inited   0x8000'1050     0x10  fsl_lpuart.o [1]
      .rodata          inited   0x8000'1060     0x58  fsl_lpuart.o [1]
      .rodata          inited   0x8000'10b8     0x40  fsl_lpuart.o [1]
      .rodata          inited   0x8000'10f8     0x58  fsl_lpuart.o [1]
      .rodata          inited   0x8000'1150      0xc  fsl_lpuart.o [1]
      .rodata          inited   0x8000'115c      0xc  fsl_lpuart.o [1]
      .rodata          inited   0x8000'1168      0xc  fsl_lpuart.o [1]
      .rodata          inited   0x8000'1174     0x1c  fsl_lpuart.o [1]
      .rodata          inited   0x8000'1190     0x28  fsl_lpuart.o [1]
      .rodata          inited   0x8000'11b8     0x28  fsl_lpuart.o [1]
      .rodata          inited   0x8000'11e0     0x24  fsl_lpuart.o [1]
      .rodata          inited   0x8000'1204     0x14  fsl_lpuart.o [1]
      .rodata          inited   0x8000'1218     0x14  fsl_lpuart.o [1]
      .rodata          inited   0x8000'122c     0x10  fsl_pit.o [1]
      .rodata          inited   0x8000'123c     0x58  fsl_pit.o [1]
      .rodata          inited   0x8000'1294     0x3c  fsl_pit.o [1]
      .rodata          inited   0x8000'12d0     0x54  fsl_pit.o [1]
      .rodata          inited   0x8000'1324      0xc  fsl_pit.o [1]
      .rodata          inited   0x8000'1330      0x4  fsl_pit.o [1]
      .rodata          inited   0x8000'1334     0x10  fsl_pwm.o [1]
      .rodata          inited   0x8000'1344     0x58  fsl_pwm.o [1]
      .rodata          inited   0x8000'139c     0x3c  fsl_pwm.o [1]
      .rodata          inited   0x8000'13d8     0x54  fsl_pwm.o [1]
      .rodata          inited   0x8000'142c      0x8  fsl_pwm.o [1]
      .rodata          inited   0x8000'1434      0xc  fsl_pwm.o [1]
      .rodata          inited   0x8000'1440      0xc  fsl_pwm.o [1]
      .rodata          inited   0x8000'144c      0xc  fsl_pwm.o [1]
      .rodata          inited   0x8000'1458      0xc  fsl_pwm.o [1]
      .rodata          inited   0x8000'1464     0x28  fsl_pwm.o [1]
      .rodata          inited   0x8000'148c     0x1c  fsl_pwm.o [1]
      .rodata          inited   0x8000'14a8     0x1c  fsl_pwm.o [1]
      .rodata          inited   0x8000'14c4     0x14  fsl_pwm.o [1]
      .rodata          inited   0x8000'14d8     0x28  fsl_pwm.o [1]
      .rodata          inited   0x8000'1500     0x10  fsl_qtmr.o [1]
      .rodata          inited   0x8000'1510     0x58  fsl_qtmr.o [1]
      .rodata          inited   0x8000'1568     0x3c  fsl_qtmr.o [1]
      .rodata          inited   0x8000'15a4     0x58  fsl_qtmr.o [1]
      .rodata          inited   0x8000'15fc      0xc  fsl_qtmr.o [1]
      .rodata          inited   0x8000'1608     0x14  fsl_qtmr.o [1]
      .rodata          inited   0x8000'161c      0xc  fsl_qtmr.o [1]
      .rodata          inited   0x8000'1628     0x54  fsl_sai.o [1]
      .rodata          inited   0x8000'167c     0x18  fsl_sai.o [1]
      .rodata          inited   0x8000'1694     0x18  fsl_sai.o [1]
      .rodata          inited   0x8000'16ac      0xc  fsl_sdmmc_host.o [1]
      .rodata          inited   0x8000'16b8     0x74  fsl_sdmmc_host.o [1]
      .rodata          inited   0x8000'172c      0xc  fsl_usdhc.o [1]
      .rodata          inited   0x8000'1738      0xc  Interactive.o [1]
      .rodata          inited   0x8000'1744      0xc  Interactive.o [1]
      .rodata          inited   0x8000'1750      0xc  Interactive.o [1]
      .rodata          inited   0x8000'175c      0xc  Interactive.o [1]
      .rodata          inited   0x8000'1768      0x8  Interactive.o [1]
      .rodata          inited   0x8000'1770      0x8  Interactive.o [1]
      .rodata          inited   0x8000'1778      0x8  Interactive.o [1]
      .rodata          inited   0x8000'1780      0x8  Interactive.o [1]
      .rodata          inited   0x8000'1788      0x8  Interactive.o [1]
      .rodata          inited   0x8000'1790      0x8  Interactive.o [1]
      .rodata          inited   0x8000'1798      0xc  Interactive.o [1]
      .rodata          inited   0x8000'17a4      0xc  Interactive.o [1]
      .rodata          inited   0x8000'17b0      0x8  Interactive.o [1]
      .rodata          inited   0x8000'17b8      0xc  Interactive.o [1]
      .rodata          inited   0x8000'17c4      0xc  Interactive.o [1]
      .rodata          inited   0x8000'17d0      0x8  Interactive.o [1]
      .rodata          inited   0x8000'17d8      0xc  Interactive.o [1]
      .rodata          inited   0x8000'17e4      0x8  Interactive.o [1]
      .rodata          inited   0x8000'17ec      0xc  Interactive.o [1]
      .rodata          inited   0x8000'17f8      0xc  Interactive.o [1]
      .rodata          inited   0x8000'1804      0xc  Interactive.o [1]
      .rodata          inited   0x8000'1810      0x8  lpuart_adapter.o [1]
      .rodata          inited   0x8000'1818     0x64  lpuart_adapter.o [1]
      .rodata          inited   0x8000'187c      0x8  lpuart_adapter.o [1]
      .rodata          inited   0x8000'1884     0x4c  lpuart_adapter.o [1]
      .rodata          inited   0x8000'18d0     0x28  lpuart_adapter.o [1]
      .rodata          inited   0x8000'18f8      0x8  lpuart_adapter.o [1]
      .rodata          inited   0x8000'1900      0x8  lpuart_adapter.o [1]
      .rodata          inited   0x8000'1908     0x24  lpuart_adapter.o [1]
      .rodata          inited   0x8000'192c    0x228  SEEKFREE_FONT.o [1]
      .rodata          inited   0x8000'1b54      0x8  SEEKFREE_OLED.o [1]
      .rodata          inited   0x8000'1b5c     0x5c  SEEKFREE_OLED.o [1]
      .rodata          inited   0x8000'1bb8      0xc  SEEKFREE_OLED.o [1]
      .rodata          inited   0x8000'1bc4      0xc  serial_manager.o [1]
      .rodata          inited   0x8000'1bd0     0x70  serial_manager.o [1]
      .rodata          inited   0x8000'1c40      0x8  serial_manager.o [1]
      .rodata          inited   0x8000'1c48      0x8  serial_manager.o [1]
      .rodata          inited   0x8000'1c50      0x8  serial_manager.o [1]
      .rodata          inited   0x8000'1c58      0xc  serial_manager.o [1]
      .rodata          inited   0x8000'1c64      0x8  serial_manager.o [1]
      .rodata          inited   0x8000'1c6c     0x10  serial_manager.o [1]
      .rodata          inited   0x8000'1c7c     0x10  serial_port_uart.o [1]
      .rodata          inited   0x8000'1c8c     0x70  serial_port_uart.o [1]
      .rodata          inited   0x8000'1cfc     0x10  serial_port_uart.o [1]
      .rodata          inited   0x8000'1d0c      0x8  serial_port_uart.o [1]
      .rodata          inited   0x8000'1d14      0x8  serial_port_uart.o [1]
      .rodata          inited   0x8000'1d1c     0x18  zf_csi.o [1]
      .rodata          inited   0x8000'1d34     0x58  zf_csi.o [1]
      .rodata          inited   0x8000'1d8c     0x54  zf_csi.o [1]
      .rodata          inited   0x8000'1de0      0xc  zf_gpio.o [1]
      .rodata          inited   0x8000'1dec     0x74  zf_gpio.o [1]
      .rodata          inited   0x8000'1e60     0x10  zf_iomuxc.o [1]
      .rodata          inited   0x8000'1e70     0x58  zf_iomuxc.o [1]
      .rodata          inited   0x8000'1ec8     0x54  zf_iomuxc.o [1]
      .rodata          inited   0x8000'1f1c      0xc  zf_pit.o [1]
      .rodata          inited   0x8000'1f28     0x74  zf_pit.o [1]
      .rodata          inited   0x8000'1f9c     0x54  zf_pwm.o [1]
      .rodata          inited   0x8000'1ff0     0x54  zf_qtimer.o [1]
      .rodata          inited   0x8000'2044     0x1c  zf_systick.o [1]
      .rodata          inited   0x8000'2060     0x74  zf_systick.o [1]
      .rodata          inited   0x8000'20d4     0x28  zf_systick.o [1]
      .rodata          inited   0x8000'20fc     0x54  zf_uart.o [1]
      .text            inited   0x8000'2150    0x200  Binarization.o [1]
      .text            inited   0x8000'2350    0x314  board.o [1]
      .text            inited   0x8000'2664    0x6f4  clock_config.o [1]
      .text            inited   0x8000'2d58     0x48  fastmath.o [1]
      .text            inited   0x8000'2da0     0x1c  fsl_assert.o [1]
      .text            inited   0x8000'2dbc    0x7b4  fsl_clock.o [1]
      .text            inited   0x8000'3570    0x628  fsl_csi.o [1]
      .text            inited   0x8000'3b98    0x1f8  fsl_debug_console.o [1]
      .text            inited   0x8000'3d90    0x44c  fsl_edma.o [1]
      .text            inited   0x8000'41dc     0xe8  fsl_enet.o [1]
      .text            inited   0x8000'42c4     0x98  fsl_flexcan.o [1]
      .text            inited   0x8000'435c     0x64  fsl_flexio.o [1]
      .text            inited   0x8000'43c0     0x3c  fsl_flexio_camera.o [1]
      .text            inited   0x8000'43fc    0x212  fsl_gpio.o [1]
      .text            inited   0x8000'4610    0x230  fsl_gpt.o [1]
      .text            inited   0x8000'4840     0x90  fsl_lpi2c.o [1]
      .text            inited   0x8000'48d0     0xf0  fsl_lpspi.o [1]
      .text            inited   0x8000'49c0    0xa34  fsl_lpuart.o [1]
      .text            inited   0x8000'53f4    0x144  fsl_pit.o [1]
      .text            inited   0x8000'5538    0xaa0  fsl_pwm.o [1]
      .text            inited   0x8000'5fd8    0x1c4  fsl_qtmr.o [1]
      .text            inited   0x8000'619c    0x138  fsl_sai.o [1]
      .text            inited   0x8000'62d4     0x50  fsl_sdmmc_event.o [1]
      .text            inited   0x8000'6324     0xcc  fsl_sdmmc_host.o [1]
      .text            inited   0x8000'63f0     0x44  fsl_spdif.o [1]
      .text            inited   0x8000'6434    0x964  fsl_str.o [1]
      .text            inited   0x8000'6d98     0x30  fsl_usdhc.o [1]
      .text            inited   0x8000'6dc8   0x2ac4  image.o [1]
      .text            inited   0x8000'988c    0x5cc  Interactive.o [1]
      .text            inited   0x8000'9e58    0x154  isr.o [1]
      .text            inited   0x8000'9fac    0x174  lpuart_adapter.o [1]
      .text            inited   0x8000'a120    0x458  main.o [1]
      .text            inited   0x8000'a578    0x41c  Motor.o [1]
      .text            inited   0x8000'a994    0x11c  SEEKFREE_MT9V03X.o [1]
      .text            inited   0x8000'aab0    0x184  SEEKFREE_MT9V03X_CSI.o [1]
      .text            inited   0x8000'ac34    0x3dc  SEEKFREE_OLED.o [1]
      .text            inited   0x8000'b010    0x3d0  SEEKFREE_PRINTF.o [1]
      .text            inited   0x8000'b3e0     0x54  SEEKFREE_SCC8660.o [1]
      .text            inited   0x8000'b434    0x238  serial_manager.o [1]
      .text            inited   0x8000'b66c     0xd4  serial_port_uart.o [1]
      .text            inited   0x8000'b740     0xe0  Steer.o [1]
      .text            inited   0x8000'b820    0x17a  usb_device_dci.o [1]
      .text            inited   0x8000'b99c    0x5e0  usb_device_ehci.o [1]
      .text            inited   0x8000'bf7c     0x2c  zf_camera.o [1]
      .text            inited   0x8000'bfa8    0x374  zf_csi.o [1]
      .text            inited   0x8000'c31c    0x160  zf_gpio.o [1]
      .text            inited   0x8000'c47c   0x6ab0  zf_iomuxc.o [1]
      .text            inited   0x8001'2f2c    0x160  zf_pit.o [1]
      .text            inited   0x8001'308c    0x7ec  zf_pwm.o [1]
      .text            inited   0x8001'3878    0x768  zf_qtimer.o [1]
      .text            inited   0x8001'3fe0    0x124  zf_systick.o [1]
      .text            inited   0x8001'4104    0x458  zf_uart.o [1]
      .text            inited   0x8001'455c     0x20  zf_usb_cdc.o [1]
      .text            inited   0x8001'457c      0x6  ABImemclr4.o [4]
      .text            inited   0x8001'4584     0x66  ABImemset.o [4]
      .text            inited   0x8001'45ec     0xa6  ABImemcpy.o [4]
      .text            inited   0x8001'4694    0x274  I64DivMod.o [4]
      .text            inited   0x8001'4908     0x36  strlen.o [4]
      .text            inited   0x8001'4940     0x5c  DblToS64.o [3]
      .text            inited   0x8001'499c     0x52  S64ToDbl.o [3]
      .text            inited   0x8001'49f0     0x9e  modf.o [3]
      .text            inited   0x8001'4a90    0x570  pow64.o [3]
      .text            inited   0x8001'5000     0x32  ABImemset48.o [4]
      .text            inited   0x8001'5034      0x2  I64DivZer.o [4]
      .text            inited   0x8001'5038    0x368  iar_Exp64.o [3]
      .text            inited   0x8001'53a0     0x7c  frexp.o [3]
      .text            inited   0x8001'541c     0xf0  ldexp.o [3]
      Veneer           inited   0x8001'550c      0x8  - Linker created -
      .text            inited   0x8001'5514      0xa  cexit.o [4]
      .rodata          inited   0x8001'551e      0x2  fsl_csi.o [1]
      .rodata          inited   0x8001'5520      0x2  fsl_csi.o [1]
      .rodata          inited   0x8001'5522      0x2  fsl_pit.o [1]
      .text            inited   0x8001'5524     0x10  common.o [1]
      .text            inited   0x8001'5534    0x116  PID.o [1]
      .text            inited   0x8001'564a      0x8  zf_vector.o [1]
      .text            inited   0x8001'5652      0x8  zf_vector.o [1]
      .text            inited   0x8001'565a      0x8  zf_vector.o [1]
      .text            inited   0x8001'5662      0x8  zf_vector.o [1]
      .text            inited   0x8001'566a      0x8  zf_vector.o [1]
      .text            inited   0x8001'5672      0x8  zf_vector.o [1]
      .text            inited   0x8001'567a      0x8  zf_vector.o [1]
      .text            inited   0x8001'5682      0x8  zf_vector.o [1]
      .text            inited   0x8001'568a      0x8  zf_vector.o [1]
      .text            inited   0x8001'5692      0x8  zf_vector.o [1]
      .text            inited   0x8001'569a      0x8  zf_vector.o [1]
      .text            inited   0x8001'56a2      0x8  zf_vector.o [1]
      .text            inited   0x8001'56aa      0x8  zf_vector.o [1]
      .text            inited   0x8001'56b2      0x8  zf_vector.o [1]
      .text            inited   0x8001'56ba      0x8  zf_vector.o [1]
      .text            inited   0x8001'56c2      0x8  zf_vector.o [1]
      .text            inited   0x8001'56ca      0x8  zf_vector.o [1]
      .text            inited   0x8001'56d2      0x2  zf_vector.o [1]
      .text            inited   0x8001'56d4      0x2  zf_vector.o [1]
      .text            inited   0x8001'56d6      0x2  zf_vector.o [1]
      .text            inited   0x8001'56d8      0x8  zf_vector.o [1]
      .text            inited   0x8001'56e0      0x8  zf_vector.o [1]
      .text            inited   0x8001'56e8      0x8  zf_vector.o [1]
      .text            inited   0x8001'56f0      0x8  zf_vector.o [1]
      .text            inited   0x8001'56f8      0x8  zf_vector.o [1]
      .text            inited   0x8001'5700      0x8  zf_vector.o [1]
      .text            inited   0x8001'5708      0x8  zf_vector.o [1]
      .text            inited   0x8001'5710      0x8  zf_vector.o [1]
      .text            inited   0x8001'5718      0x8  zf_vector.o [1]
      .text            inited   0x8001'5720      0x8  zf_vector.o [1]
      .text            inited   0x8001'5728      0x8  zf_vector.o [1]
      .text            inited   0x8001'5730      0x8  zf_vector.o [1]
      .text            inited   0x8001'5738      0x8  zf_vector.o [1]
      .text            inited   0x8001'5740      0x8  zf_vector.o [1]
      .text            inited   0x8001'5748      0x8  zf_vector.o [1]
      .text            inited   0x8001'5750      0x8  zf_vector.o [1]
      .text            inited   0x8001'5758      0x8  zf_vector.o [1]
      .text            inited   0x8001'5760      0x8  zf_vector.o [1]
      .text            inited   0x8001'5768      0x2  zf_vector.o [1]
      .text            inited   0x8001'576a      0x2  zf_vector.o [1]
      .text            inited   0x8001'576c      0x2  zf_vector.o [1]
      .text            inited   0x8001'576e      0x2  zf_vector.o [1]
      .text            inited   0x8001'5770      0x2  zf_vector.o [1]
      .text            inited   0x8001'5772      0x2  zf_vector.o [1]
      .text            inited   0x8001'5774      0x2  zf_vector.o [1]
      .text            inited   0x8001'5776      0x2  zf_vector.o [1]
      .text            inited   0x8001'5778      0x2  zf_vector.o [1]
      .text            inited   0x8001'577a      0x2  zf_vector.o [1]
      .text            inited   0x8001'577c      0x2  zf_vector.o [1]
      .text            inited   0x8001'577e      0x2  zf_vector.o [1]
      .text            inited   0x8001'5780      0x2  zf_vector.o [1]
      .text            inited   0x8001'5782      0x2  zf_vector.o [1]
      .text            inited   0x8001'5784      0x2  zf_vector.o [1]
      .text            inited   0x8001'5786      0x2  zf_vector.o [1]
      .text            inited   0x8001'5788      0x2  zf_vector.o [1]
      .text            inited   0x8001'578a      0x8  zf_vector.o [1]
      .text            inited   0x8001'5792      0x8  zf_vector.o [1]
      .text            inited   0x8001'579a      0x8  zf_vector.o [1]
      .text            inited   0x8001'57a2      0x8  zf_vector.o [1]
      .text            inited   0x8001'57aa      0x8  zf_vector.o [1]
      .text            inited   0x8001'57b2      0x2  zf_vector.o [1]
      .text            inited   0x8001'57b4      0x2  zf_vector.o [1]
      .text            inited   0x8001'57b6      0x2  zf_vector.o [1]
      .text            inited   0x8001'57b8      0x2  zf_vector.o [1]
      .text            inited   0x8001'57ba      0x2  zf_vector.o [1]
      .text            inited   0x8001'57bc      0x2  zf_vector.o [1]
      .text            inited   0x8001'57be      0x2  zf_vector.o [1]
      .text            inited   0x8001'57c0      0x2  zf_vector.o [1]
      .text            inited   0x8001'57c2      0x2  zf_vector.o [1]
      .text            inited   0x8001'57c4      0x2  zf_vector.o [1]
      .text            inited   0x8001'57c6      0x2  zf_vector.o [1]
      .text            inited   0x8001'57c8      0x2  zf_vector.o [1]
      .text            inited   0x8001'57ca      0x2  zf_vector.o [1]
      .text            inited   0x8001'57cc      0x2  zf_vector.o [1]
      .text            inited   0x8001'57ce      0x2  zf_vector.o [1]
      .text            inited   0x8001'57d0      0x2  zf_vector.o [1]
      .text            inited   0x8001'57d2      0x2  zf_vector.o [1]
      .text            inited   0x8001'57d4      0x2  zf_vector.o [1]
      .text            inited   0x8001'57d6      0x2  zf_vector.o [1]
      .text            inited   0x8001'57d8      0x2  zf_vector.o [1]
      .text            inited   0x8001'57da      0x2  zf_vector.o [1]
      .text            inited   0x8001'57dc      0x2  zf_vector.o [1]
      .text            inited   0x8001'57de      0x2  zf_vector.o [1]
      .text            inited   0x8001'57e0      0x2  zf_vector.o [1]
      .text            inited   0x8001'57e2      0x2  zf_vector.o [1]
      .text            inited   0x8001'57e4      0x2  zf_vector.o [1]
      .text            inited   0x8001'57e6      0x8  zf_vector.o [1]
      .text            inited   0x8001'57ee      0x8  zf_vector.o [1]
      .text            inited   0x8001'57f6      0x2  zf_vector.o [1]
      .text            inited   0x8001'57f8      0x2  zf_vector.o [1]
      .text            inited   0x8001'57fa      0x2  zf_vector.o [1]
      .text            inited   0x8001'57fc      0x2  zf_vector.o [1]
      .text            inited   0x8001'57fe      0x2  zf_vector.o [1]
      .text            inited   0x8001'5800      0x2  zf_vector.o [1]
      .text            inited   0x8001'5802      0x2  zf_vector.o [1]
      .text            inited   0x8001'5804      0x2  zf_vector.o [1]
      .text            inited   0x8001'5806      0x2  zf_vector.o [1]
      .text            inited   0x8001'5808      0x2  zf_vector.o [1]
      .text            inited   0x8001'580a      0x2  zf_vector.o [1]
      .text            inited   0x8001'580c      0x2  zf_vector.o [1]
      .text            inited   0x8001'580e      0x2  zf_vector.o [1]
      .text            inited   0x8001'5810      0x2  zf_vector.o [1]
      .text            inited   0x8001'5812      0x2  zf_vector.o [1]
      .text            inited   0x8001'5814      0x8  zf_vector.o [1]
      .text            inited   0x8001'581c      0x8  zf_vector.o [1]
      .text            inited   0x8001'5824      0x2  zf_vector.o [1]
      .text            inited   0x8001'5826      0x8  zf_vector.o [1]
      .text            inited   0x8001'582e      0x8  zf_vector.o [1]
      .text            inited   0x8001'5836      0x8  zf_vector.o [1]
      .text            inited   0x8001'583e      0x2  zf_vector.o [1]
      .text            inited   0x8001'5840      0x2  zf_vector.o [1]
      .text            inited   0x8001'5842      0x2  zf_vector.o [1]
      .text            inited   0x8001'5844      0x2  zf_vector.o [1]
      .text            inited   0x8001'5846      0x2  zf_vector.o [1]
      .text            inited   0x8001'5848      0x2  zf_vector.o [1]
      .text            inited   0x8001'584a      0x2  zf_vector.o [1]
      .text            inited   0x8001'584c      0x2  zf_vector.o [1]
      .text            inited   0x8001'584e      0x2  zf_vector.o [1]
      .text            inited   0x8001'5850      0x2  zf_vector.o [1]
      .text            inited   0x8001'5852      0x2  zf_vector.o [1]
      .text            inited   0x8001'5854      0x2  zf_vector.o [1]
      .text            inited   0x8001'5856      0x2  zf_vector.o [1]
      .text            inited   0x8001'5858      0x2  zf_vector.o [1]
      .text            inited   0x8001'585a      0x2  zf_vector.o [1]
      .text            inited   0x8001'585c      0x2  zf_vector.o [1]
      .text            inited   0x8001'585e      0x2  zf_vector.o [1]
      .text            inited   0x8001'5860      0x2  zf_vector.o [1]
      .text            inited   0x8001'5862      0x2  zf_vector.o [1]
      .text            inited   0x8001'5864      0x2  zf_vector.o [1]
      .text            inited   0x8001'5866      0x2  zf_vector.o [1]
      .text            inited   0x8001'5868      0x2  zf_vector.o [1]
      .text            inited   0x8001'586a      0x2  zf_vector.o [1]
      .text            inited   0x8001'586c      0x2  zf_vector.o [1]
      .text            inited   0x8001'586e      0x2  zf_vector.o [1]
      .text            inited   0x8001'5870      0x2  zf_vector.o [1]
      .text            inited   0x8001'5872      0x2  zf_vector.o [1]
      .text            inited   0x8001'5874      0x2  zf_vector.o [1]
      .text            inited   0x8001'5876      0x2  zf_vector.o [1]
      .text            inited   0x8001'5878      0x2  zf_vector.o [1]
      .text            inited   0x8001'587a      0x2  zf_vector.o [1]
      .text            inited   0x8001'587c      0x2  zf_vector.o [1]
      .text            inited   0x8001'587e      0x2  zf_vector.o [1]
      .text            inited   0x8001'5880      0x2  zf_vector.o [1]
      .text            inited   0x8001'5882      0x2  zf_vector.o [1]
      .text            inited   0x8001'5884      0x8  zf_vector.o [1]
      .text            inited   0x8001'588c      0x8  zf_vector.o [1]
      .text            inited   0x8001'5894      0x8  zf_vector.o [1]
      .text            inited   0x8001'589c      0x2  zf_vector.o [1]
      .text            inited   0x8001'589e      0x8  zf_vector.o [1]
      .text            inited   0x8001'58a6      0x2  zf_vector.o [1]
      .text            inited   0x8001'58a8      0x2  zf_vector.o [1]
      .text            inited   0x8001'58aa      0x2  zf_vector.o [1]
      .text            inited   0x8001'58ac      0x2  zf_vector.o [1]
      .text            inited   0x8001'58ae      0x2  zf_vector.o [1]
      .text            inited   0x8001'58b0      0x8  abs.o [2]
      .text            inited   0x8001'58b8      0x4  exit.o [2]
                              - 0x8001'58bc  0x154bc

Unused ranges:

         From           To        Size
         ----           --        ----
  0x2000'0146  0x2000'0147         0x2
  0x2001'6a38  0x2006'efff    0x5'85c8
  0x2021'2c00  0x2027'ffff    0x6'd400
  0x7000'ea49  0x703f'ffff   0x3f'15b7
  0x8000'0000  0x8000'03ff       0x400
  0x8001'58bc  0x81df'ffff  0x1de'a744


*******************************************************************************
*** INIT TABLE
***

          Address      Size
          -------      ----
Zero (__iar_zero_init3)
    3 destination ranges, total size 0x294b8:
          0x2000'0180  0x10880
          0x2001'0a00   0x6038
          0x2020'0000  0x12c00

Copy/lz77 (__iar_lz77_init3)
    1 source range, total size 0xbfce (56% of destination):
          0x7000'2962   0xbfce
    1 destination range, total size 0x154bc:
          0x8000'0400  0x154bc

Copy/lz77 (__iar_lz77_init3)
    1 source range, total size 0x119 (86% of destination):
          0x7000'e930    0x119
    1 destination range, total size 0x146:
          0x2000'0000    0x146



*******************************************************************************
*** MODULE SUMMARY
***

    Module                              ro code  rw code  ro data  rw data
    ------                              -------  -------  -------  -------
command line/config:
    ----------------------------------------------------------------------
    Total:

C:\Users\Sugar-lxn\Desktop\SIC_zongzuanfen\Project\IAR\program\nor_sdram_zf_dtcm\Obj: [1]
    Binarization.o                                   512      292   22 565
    Interactive.o                                  1 484      957      216
    Motor.o                                        1 052      605       32
    PID.o                                            278      156
    SEEKFREE_FONT.o                                           310      552
    SEEKFREE_MT9V03X.o                               284      160   22 566
    SEEKFREE_MT9V03X_CSI.o                           388      278   45 250
    SEEKFREE_OLED.o                                  988      619      112
    SEEKFREE_PRINTF.o                                976      549
    SEEKFREE_SCC8660.o                                84       47   76 804
    Steer.o                                          224      128        6
    board.o                                          788      443
    clock_config.o                                 1 780    1 078      136
    common.o                                          16        9        1
    evkmimxrt1064_flexspi_nor_config.o                        512
    evkmimxrt1064_sdram_ini_dcd.o                           1 072
    fastmath.o                                        72       41
    fsl_assert.o                                      28       41       44
    fsl_clock.o                                    1 972    1 178      128
    fsl_csi.o                                      1 576    1 040      280
    fsl_debug_console.o                              504      390      220
    fsl_edma.o                                     1 100      691      256
    fsl_enet.o                                       232      220      188
    fsl_flexcan.o                                    152      176      180
    fsl_flexio.o                                     100       56       24
    fsl_flexio_camera.o                               60       34
    fsl_flexspi_nor_boot.o                                     48
    fsl_gpio.o                                       530      476      316
    fsl_gpt.o                                        560      546      408
    fsl_lpi2c.o                                      144       81       48
    fsl_lpspi.o                                      240      230      196
    fsl_lpuart.o                                   2 612    1 738      516
    fsl_pit.o                                        324      333      266
    fsl_pwm.o                                      2 720    1 790      460
    fsl_qtmr.o                                       452      421      296
    fsl_sai.o                                        312      250      172
    fsl_sdmmc_event.o                                 80       45       12
    fsl_sdmmc_host.o                                 204      187      169
    fsl_spdif.o                                       68       38       16
    fsl_str.o                                      2 404    1 353
    fsl_usdhc.o                                       48       34       28
    image.o                                       10 948    6 233    1 225
    isr.o                                            340      192        4
    lpuart_adapter.o                                 372      369      284
    main.o                                         1 112      656      272
    serial_manager.o                                 568      424      184
    serial_port_uart.o                               212      210      160
    startup_MIMXRT1064.o                    108
    system_MIMXRT1064.o                     394                 3        4
    usb_device_dci.o                                 378      212
    usb_device_ehci.o                              1 504      848
    zf_camera.o                                       44       25       28
    zf_csi.o                                         884      608      228
    zf_gpio.o                                        352      305      168
    zf_iomuxc.o                                   27 312   15 480      188
    zf_pit.o                                         352      270      128
    zf_pwm.o                                       2 028    1 206      104
    zf_qtimer.o                                    1 896    1 132      104
    zf_systick.o                                     292      267      185
    zf_uart.o                                      1 112      705      120
    zf_usb_cdc.o                                      32       18       16
    zf_vector.o                                      614    1 370
    ----------------------------------------------------------------------
    Total:                                  502   75 700   49 185  175 865

dl7M_tln.a: [2]
    abort.o                                   6
    abs.o                                              8        4
    exit.o                                             4        3
    low_level_init.o                          4
    ----------------------------------------------------------------------
    Total:                                   10       12        7

m7M_tlv.a: [3]
    DblToS64.o                                        92       53
    S64ToDbl.o                                        82       46
    fpinit_M.o                               34
    frexp.o                                          124       70
    iar_Exp64.o                                      872      492
    ldexp.o                                          240      135
    modf.o                                           158       90
    pow64.o                                        1 392    1 379    1 056
    ----------------------------------------------------------------------
    Total:                                   34    2 960    2 265    1 056

rt7M_tl.a: [4]
    ABImemclr4.o                                       6        4
    ABImemcpy.o                                      166       95
    ABImemset.o                                      102       58
    ABImemset48.o                                     50       28
    I64DivMod.o                                      628      355
    I64DivZer.o                                        2        2
    cexit.o                                           10        5
    cmain.o                                  30
    cstartup_M.o                             12
    data_init.o                              40
    lz77_init.o                             502
    strlen.o                                          54       30
    vector_table_M.o                         64
    zero_init3.o                             58
    ----------------------------------------------------------------------
    Total:                                  706    1 018      577

shb_l.a: [5]
    exit.o                                   20
    ----------------------------------------------------------------------
    Total:                                   20

    Gaps                                              20        2       59
    Linker created                           16        8       93    4 096
--------------------------------------------------------------------------
    Grand Total:                          1 288   79 718   52 129  181 076


*******************************************************************************
*** ENTRY LIST
***

Entry                       Address    Size  Type      Object
-----                       -------    ----  ----      ------
.iar.init_table$$Base   0x7000'28cc           --   Gb  - Linker created -
.iar.init_table$$Limit  0x7000'2924           --   Gb  - Linker created -
?main                   0x7000'2935          Code  Gb  cmain.o [4]
ARM_MPU_Disable         0x8000'2393    0x1a  Code  Lc  board.o [1]
ARM_MPU_Enable          0x8000'2373    0x20  Code  Lc  board.o [1]
Angle                   0x2001'69e4     0x4  Data  Gb  Steer.o [1]
BOARD_BootClockRUN      0x8000'27e5   0x448  Code  Gb  clock_config.o [1]
BOARD_ConfigMPU         0x8000'2465   0x154  Code  Gb  board.o [1]
BOARD_DebugConsoleSrcFreq
                        0x8000'2413    0x3a  Code  Gb  board.o [1]
BOARD_InitDebugConsole  0x8000'244d    0x18  Code  Gb  board.o [1]
BusFault_Handler        0x8001'552b     0x2  Code  Gb  common.o [1]
CAN1_DriverIRQHandler   0x8000'42c5    0x26  Code  Gb  fsl_flexcan.o [1]
CAN2_DriverIRQHandler   0x8000'42eb    0x26  Code  Gb  fsl_flexcan.o [1]
CAN3_DriverIRQHandler   0x8000'4311    0x26  Code  Gb  fsl_flexcan.o [1]
CLOCK_ControlGate       0x8000'2751    0x48  Code  Lc  clock_config.o [1]
CLOCK_ControlGate       0x8000'3591    0x48  Code  Lc  fsl_csi.o [1]
CLOCK_ControlGate       0x8000'43fd    0x42  Code  Lc  fsl_gpio.o [1]
CLOCK_ControlGate       0x8000'4611    0x42  Code  Lc  fsl_gpt.o [1]
CLOCK_ControlGate       0x8000'49e1    0x48  Code  Lc  fsl_lpuart.o [1]
CLOCK_ControlGate       0x8000'53f5    0x42  Code  Lc  fsl_pit.o [1]
CLOCK_ControlGate       0x8000'5539    0x48  Code  Lc  fsl_pwm.o [1]
CLOCK_ControlGate       0x8000'5fd9    0x42  Code  Lc  fsl_qtmr.o [1]
CLOCK_ControlGate       0x8000'c47d    0x42  Code  Lc  zf_iomuxc.o [1]
CLOCK_DeinitAudioPll    0x8000'3129     0xc  Code  Gb  fsl_clock.o [1]
CLOCK_DeinitEnetPll     0x8000'3141     0xc  Code  Gb  fsl_clock.o [1]
CLOCK_DeinitUsb2Pll     0x8000'311f     0xa  Code  Gb  fsl_clock.o [1]
CLOCK_DeinitVideoPll    0x8000'3135     0xc  Code  Gb  fsl_clock.o [1]
CLOCK_DisableClock      0x8000'2799    0x10  Code  Lc  clock_config.o [1]
CLOCK_DisableClock      0x8000'4663    0x10  Code  Lc  fsl_gpt.o [1]
CLOCK_DisableClock      0x8000'4a39    0x10  Code  Lc  fsl_lpuart.o [1]
CLOCK_DisableClock      0x8000'5447    0x10  Code  Lc  fsl_pit.o [1]
CLOCK_DisableClock      0x8000'5591    0x10  Code  Lc  fsl_pwm.o [1]
CLOCK_DisableClock      0x8000'602b    0x10  Code  Lc  fsl_qtmr.o [1]
CLOCK_EnableClock       0x8000'35d9    0x10  Code  Lc  fsl_csi.o [1]
CLOCK_EnableClock       0x8000'443f    0x10  Code  Lc  fsl_gpio.o [1]
CLOCK_EnableClock       0x8000'4653    0x10  Code  Lc  fsl_gpt.o [1]
CLOCK_EnableClock       0x8000'4a29    0x10  Code  Lc  fsl_lpuart.o [1]
CLOCK_EnableClock       0x8000'5437    0x10  Code  Lc  fsl_pit.o [1]
CLOCK_EnableClock       0x8000'5581    0x10  Code  Lc  fsl_pwm.o [1]
CLOCK_EnableClock       0x8000'601b    0x10  Code  Lc  fsl_qtmr.o [1]
CLOCK_EnableClock       0x8000'c4cd    0x10  Code  Lc  zf_iomuxc.o [1]
CLOCK_GetAhbFreq        0x8000'2f41    0x18  Code  Gb  fsl_clock.o [1]
CLOCK_GetDiv            0x8000'23d7    0x2a  Code  Lc  board.o [1]
CLOCK_GetFreq           0x8000'2fc9   0x114  Code  Gb  fsl_clock.o [1]
CLOCK_GetIpgFreq        0x8000'2f8d    0x18  Code  Gb  fsl_clock.o [1]
CLOCK_GetMux            0x8000'23ad    0x2a  Code  Lc  board.o [1]
CLOCK_GetOscFreq        0x8000'2401    0x12  Code  Lc  board.o [1]
CLOCK_GetOscFreq        0x8000'2dbd    0x18  Code  Lc  fsl_clock.o [1]
CLOCK_GetPerClkFreq     0x8000'2fa5    0x24  Code  Gb  fsl_clock.o [1]
CLOCK_GetPeriphClkFreq  0x8000'2e23    0xaa  Code  Lc  fsl_clock.o [1]
CLOCK_GetPllBypassRefClk
                        0x8000'2e01    0x22  Code  Lc  fsl_clock.o [1]
CLOCK_GetPllFreq        0x8000'314d   0x2b2  Code  Gb  fsl_clock.o [1]
CLOCK_GetRtcFreq        0x8000'2dd5     0x6  Code  Lc  fsl_clock.o [1]
CLOCK_GetSemcFreq       0x8000'2f59    0x34  Code  Gb  fsl_clock.o [1]
CLOCK_GetSysPfdFreq     0x8000'3415    0x60  Code  Gb  fsl_clock.o [1]
CLOCK_GetUsb1PfdFreq    0x8000'3475    0x60  Code  Gb  fsl_clock.o [1]
CLOCK_InitArmPll        0x8000'30df    0x40  Code  Gb  fsl_clock.o [1]
CLOCK_InitExternalClk   0x8000'2ecd    0x4a  Code  Gb  fsl_clock.o [1]
CLOCK_InitRcOsc24M      0x8000'2f33     0xe  Code  Gb  fsl_clock.o [1]
CLOCK_IsPllBypassed     0x8000'2ddb    0x10  Code  Lc  fsl_clock.o [1]
CLOCK_IsPllEnabled      0x8000'2deb    0x16  Code  Lc  fsl_clock.o [1]
CLOCK_SetDiv            0x8000'26db    0x76  Code  Lc  clock_config.o [1]
CLOCK_SetDiv            0x8000'c017    0x6e  Code  Lc  zf_csi.o [1]
CLOCK_SetMux            0x8000'2665    0x76  Code  Lc  clock_config.o [1]
CLOCK_SetMux            0x8000'bfa9    0x6e  Code  Lc  zf_csi.o [1]
CLOCK_SetPllBypass      0x8000'27b9    0x2c  Code  Lc  clock_config.o [1]
CLOCK_SetRtcXtalFreq    0x8000'27b1     0x8  Code  Lc  clock_config.o [1]
CLOCK_SetXtalFreq       0x8000'27a9     0x8  Code  Lc  clock_config.o [1]
CLOCK_SwitchOsc         0x8000'2f17    0x1c  Code  Gb  fsl_clock.o [1]
CSI_ClearFifo           0x8000'3877    0x30  Code  Gb  fsl_csi.o [1]
CSI_DriverIRQHandler    0x8000'3b47    0x10  Code  Gb  fsl_csi.o [1]
CSI_EnableFifoDmaRequest
                        0x8000'38c7    0x2e  Code  Gb  fsl_csi.o [1]
CSI_EnableInterrupts    0x8000'38f5    0x24  Code  Gb  fsl_csi.o [1]
CSI_GetDefaultConfig    0x8000'3813    0x54  Code  Gb  fsl_csi.o [1]
CSI_GetInstance         0x8000'3639    0x34  Code  Lc  fsl_csi.o [1]
CSI_IRQHandler          0x8000'9e9b     0xc  Code  Gb  isr.o [1]
CSI_Init                0x8000'36c9    0xfc  Code  Gb  fsl_csi.o [1]
CSI_ReflashFifoDma      0x8000'38a7    0x20  Code  Gb  fsl_csi.o [1]
CSI_Reset               0x8000'37c5    0x4e  Code  Gb  fsl_csi.o [1]
CSI_SetRxBufferAddr     0x8000'3867    0x10  Code  Gb  fsl_csi.o [1]
CSI_Start               0x8000'3609    0x18  Code  Lc  fsl_csi.o [1]
CSI_Stop                0x8000'3621    0x18  Code  Lc  fsl_csi.o [1]
CSI_TransferCreateHandle
                        0x8000'3919    0x5e  Code  Gb  fsl_csi.o [1]
CSI_TransferGetEmptyBufferCount
                        0x8000'3689    0x12  Code  Lc  fsl_csi.o [1]
CSI_TransferGetFullBuffer
                        0x8000'3a63    0x36  Code  Gb  fsl_csi.o [1]
CSI_TransferGetQueueDelta
                        0x8000'366d     0xe  Code  Lc  fsl_csi.o [1]
CSI_TransferHandleIRQ   0x8000'3a9d    0xaa  Code  Gb  fsl_csi.o [1]
CSI_TransferIncreaseQueueIdx
                        0x8000'367b     0xe  Code  Lc  fsl_csi.o [1]
CSI_TransferLoadBufferToDevice
                        0x8000'369b    0x2e  Code  Lc  fsl_csi.o [1]
CSI_TransferStart       0x8000'3977    0x76  Code  Gb  fsl_csi.o [1]
CSI_TransferSubmitEmptyBuffer
                        0x8000'39ed    0x76  Code  Gb  fsl_csi.o [1]
CSTACK$$Base            0x2006'f000           --   Gb  - Linker created -
CSTACK$$Limit           0x2007'0000           --   Gb  - Linker created -
ConvertFloatRadixNumToString
                        0x8000'6585   0x19e  Code  Lc  fsl_str.o [1]
ConvertRadixNumToString
                        0x8000'6435   0x150  Code  Lc  fsl_str.o [1]
DMA0_DMA16_DriverIRQHandler
                        0x8000'3ee9    0x2e  Code  Gb  fsl_edma.o [1]
DMA10_DMA26_DriverIRQHandler
                        0x8000'40b7    0x2e  Code  Gb  fsl_edma.o [1]
DMA11_DMA27_DriverIRQHandler
                        0x8000'40e5    0x2e  Code  Gb  fsl_edma.o [1]
DMA12_DMA28_DriverIRQHandler
                        0x8000'4113    0x2e  Code  Gb  fsl_edma.o [1]
DMA13_DMA29_DriverIRQHandler
                        0x8000'4141    0x2e  Code  Gb  fsl_edma.o [1]
DMA14_DMA30_DriverIRQHandler
                        0x8000'416f    0x2e  Code  Gb  fsl_edma.o [1]
DMA15_DMA31_DriverIRQHandler
                        0x8000'419d    0x2e  Code  Gb  fsl_edma.o [1]
DMA1_DMA17_DriverIRQHandler
                        0x8000'3f17    0x2e  Code  Gb  fsl_edma.o [1]
DMA2_DMA18_DriverIRQHandler
                        0x8000'3f47    0x2e  Code  Gb  fsl_edma.o [1]
DMA3_DMA19_DriverIRQHandler
                        0x8000'3f75    0x2e  Code  Gb  fsl_edma.o [1]
DMA4_DMA20_DriverIRQHandler
                        0x8000'3fa3    0x2e  Code  Gb  fsl_edma.o [1]
DMA5_DMA21_DriverIRQHandler
                        0x8000'3fd1    0x2e  Code  Gb  fsl_edma.o [1]
DMA6_DMA22_DriverIRQHandler
                        0x8000'3fff    0x2e  Code  Gb  fsl_edma.o [1]
DMA7_DMA23_DriverIRQHandler
                        0x8000'402d    0x2e  Code  Gb  fsl_edma.o [1]
[...]
__NVIC_EnableIRQ        0x8000'3571    0x20  Code  Lc  fsl_csi.o [1]
__NVIC_EnableIRQ        0x8000'49c1    0x20  Code  Lc  fsl_lpuart.o [1]
__NVIC_EnableIRQ        0x8001'2f2d    0x1e  Code  Lc  zf_pit.o [1]
__NVIC_SetPriority      0x8000'a121    0x30  Code  Lc  main.o [1]
__NVIC_SetPriorityGrouping
                        0x8000'2351    0x22  Code  Lc  board.o [1]
__RAM_VECTOR_TABLE_SIZE {Abs}
                              0x400          Data  Gb  <internal module>
__VECTOR_RAM {Abs}      0x8000'0000          Data  Gb  <internal module>
__VECTOR_TABLE {Abs}    0x7000'2000          Data  Gb  <internal module>
__aeabi_assert          0x8000'2da1    0x1c  Code  Gb  fsl_assert.o [1]
__aeabi_d2lz            0x8001'4941          Code  Gb  DblToS64.o [3]
__aeabi_l2d             0x8001'499d          Code  Gb  S64ToDbl.o [3]
__aeabi_ldiv0           0x8001'5035          Code  Gb  I64DivZer.o [4]
__aeabi_ldivmod         0x8001'4695          Code  Gb  I64DivMod.o [4]
__aeabi_memclr4         0x8001'457d          Code  Gb  ABImemclr4.o [4]
__aeabi_memcpy          0x8001'45ed          Code  Gb  ABImemcpy.o [4]
__aeabi_memcpy4         0x8001'460d          Code  Gb  ABImemcpy.o [4]
__aeabi_memcpy8         0x8001'460d          Code  Gb  ABImemcpy.o [4]
__aeabi_memset          0x8001'4585          Code  Gb  ABImemset.o [4]
__aeabi_uldivmod        0x8001'46d9          Code  Gb  I64DivMod.o [4]
__cmain                 0x7000'2935          Code  Gb  cmain.o [4]
__exit                  0x7000'263d    0x14  Code  Gb  exit.o [5]
__iar_Exp64             0x8001'5039   0x368  Code  Gb  iar_Exp64.o [3]
__iar_Memset            0x8001'4585          Code  Gb  ABImemset.o [4]
__iar_Memset4_word      0x8001'5001          Code  Gb  ABImemset48.o [4]
__iar_Memset8_word      0x8001'5001          Code  Gb  ABImemset48.o [4]
__iar_Memset_word       0x8001'458d          Code  Gb  ABImemset.o [4]
__iar_Pow64             0x8001'4a91   0x4e4  Code  Lc  pow64.o [3]
__iar_data_init3        0x7000'2881    0x28  Code  Gb  data_init.o [4]
__iar_frexp             0x8001'53b9          Code  Gb  frexp.o [3]
__iar_frexp64           0x8001'53a1          Code  Gb  frexp.o [3]
__iar_frexpl            0x8001'53b9          Code  Gb  frexp.o [3]
__iar_init_vfp          0x7000'28a9          Code  Gb  fpinit_M.o [3]
__iar_ldexp64           0x8001'541d          Code  Gb  ldexp.o [3]
__iar_lz77_init3        0x7000'24bf   0x178  Code  Gb  lz77_init.o [4]
__iar_modf              0x8001'4a01          Code  Gb  modf.o [3]
__iar_modf64            0x8001'49f1          Code  Gb  modf.o [3]
__iar_modfl             0x8001'4a01          Code  Gb  modf.o [3]
__iar_pow64             0x8001'4ffd     0x4  Code  Gb  pow64.o [3]
__iar_pow_medium        0x8001'4ffd     0x4  Code  Gb  pow64.o [3]
__iar_pow_medium64      0x8001'4ffd     0x4  Code  Gb  pow64.o [3]
__iar_pow_mediuml       0x8001'4ffd     0x4  Code  Gb  pow64.o [3]
__iar_program_start     0x7000'2957          Code  Gb  cstartup_M.o [4]
__iar_scalbln64         0x8001'541d          Code  Gb  ldexp.o [3]
__iar_scalbn64          0x8001'541d          Code  Gb  ldexp.o [3]
__iar_zero_init3        0x7000'27db    0x3a  Code  Gb  zero_init3.o [4]
__low_level_init        0x7000'2953     0x4  Code  Gb  low_level_init.o [2]
__vector_table          0x7000'2400          Data  Gb  vector_table_M.o [4]
__zf_vector_table       0x7000'2000   0x400  Data  Gb  zf_vector.o [1]
_call_main              0x7000'2941          Code  Gb  cmain.o [4]
_exit                   0x8001'5515          Code  Gb  cexit.o [4]
_main                   0x7000'294f          Code  Gb  cmain.o [4]
abort                   0x7000'2637     0x6  Code  Gb  abort.o [2]
abs                     0x8001'58b1     0x8  Code  Gb  abs.o [2]
all_array_init          0x8000'6e69    0xd0  Code  Gb  image.o [1]
armPllConfig_BOARD_BootClockRUN
                        0x8000'08a0     0x8  Data  Gb  clock_config.o [1]
array_init              0x8000'6e4b    0x1e  Code  Gb  image.o [1]
bm_scan                 0x8000'98cb    0x5a  Code  Gb  Interactive.o [1]
board_init              0x8000'25b9    0x24  Code  Gb  board.o [1]
boot_data               0x7000'1020    0x10  Data  Gb  fsl_flexspi_nor_boot.o [1]
break_point_L1          0x2001'6870     0x4  Data  Gb  image.o [1]
break_point_L2          0x2001'6874     0x4  Data  Gb  image.o [1]
break_point_R1          0x2001'6878     0x4  Data  Gb  image.o [1]
break_point_R2          0x2001'687c     0x4  Data  Gb  image.o [1]
calculate_differ        0x8000'8085    0x84  Code  Gb  image.o [1]
check_block             0x8000'9405   0x442  Code  Gb  image.o [1]
check_forkroad          0x8000'8ef1    0xe4  Code  Gb  image.o [1]
check_island            0x8000'8ce5   0x200  Code  Gb  image.o [1]
continuity_L            0x2001'6889     0x1  Data  Gb  image.o [1]
continuity_R            0x2001'688a     0x1  Data  Gb  image.o [1]
count_middle_line       0x8000'8109    0x4a  Code  Gb  image.o [1]
count_throw_line        0x8000'7491   0x228  Code  Gb  image.o [1]
csi_add_empty_buffer    0x8000'c2bd    0x12  Code  Gb  zf_csi.o [1]
csi_g_lpuartHandle      0x2001'69ac    0x30  Data  Gb  SEEKFREE_MT9V03X_CSI.o [1]
csi_get_full_buffer     0x8000'c2cf    0x1c  Code  Gb  zf_csi.o [1]
csi_handle              0x2001'6a04    0x1c  Data  Gb  zf_csi.o [1]
csi_init                0x8000'c149   0x174  Code  Gb  zf_csi.o [1]
csi_iomuxc              0x8000'c08d    0xbc  Code  Gb  zf_csi.o [1]
csi_isr                 0x8000'ab09    0x52  Code  Gb  SEEKFREE_MT9V03X_CSI.o [1]
csi_mt9v03x_uart_callback
                        0x8000'aabf    0x4a  Code  Gb  SEEKFREE_MT9V03X_CSI.o [1]
csi_receivexfer         0x2001'69a4     0x8  Data  Gb  SEEKFREE_MT9V03X_CSI.o [1]
csi_rx_buffer           0x2001'69a0     0x1  Data  Gb  SEEKFREE_MT9V03X_CSI.o [1]
csi_start               0x8000'c2eb     0xe  Code  Gb  zf_csi.o [1]
current_value           0x2001'6880     0x4  Data  Gb  image.o [1]
current_value_last      0x2001'6884     0x4  Data  Gb  image.o [1]
dcd_data                0x7000'1030   0x430  Data  Gb  evkmimxrt1064_sdram_ini_dcd.o [1]
dma_restart             0x8000'bf89    0x14  Code  Gb  zf_camera.o [1]
encoder_value           0x2001'698c     0x4  Data  Gb  Motor.o [1]
encoder_value_L         0x2001'6984     0x4  Data  Gb  Motor.o [1]
encoder_value_R         0x2001'6988     0x4  Data  Gb  Motor.o [1]
exit                    0x8001'58b9     0x4  Code  Gb  exit.o [2]
find_break_point        0x8000'7cfd   0x284  Code  Gb  image.o [1]
find_inflection_point   0x8000'7f81   0x102  Code  Gb  image.o [1]
fitting_border_L        0x2001'66f8    0x78  Data  Gb  image.o [1]
fitting_border_R        0x2001'6770    0x78  Data  Gb  image.o [1]
fitting_middleline      0x2001'67e8    0x78  Data  Gb  image.o [1]
flag_element_status     0x2001'6888     0x1  Data  Gb  image.o [1]
flag_garagein_L         0x2001'6981     0x1  Data  Gb  main.o [1]
flag_garagein_R         0x2000'0145     0x1  Data  Gb  main.o [1]
flag_left_border        0x2001'6600    0x78  Data  Gb  image.o [1]
flag_right_border       0x2001'6678    0x78  Data  Gb  image.o [1]
flexio_camera_type      0x2001'6224     0x1  Data  Gb  common.o [1]
flexio_flag_clear       0x8000'bf7d     0xc  Code  Gb  zf_camera.o [1]
forkroad_direction      0x2001'688d     0x1  Data  Gb  image.o [1]
forkroad_time           0x2001'688c     0x1  Data  Gb  image.o [1]
frexp                   0x8001'53a1          Code  Gb  frexp.o [3]
frexpl                  0x8001'53a1          Code  Gb  frexp.o [3]
fullCameraBufferAddr    0x2001'6a20     0x4  Data  Gb  zf_csi.o [1]
g_eventCardDetect       0x2001'63bc     0x4  Data  Lc  fsl_sdmmc_event.o [1]
g_eventTimeMilliseconds
                        0x2001'63c4     0x4  Data  Gb  fsl_sdmmc_event.o [1]
g_eventTransferComplete
                        0x2001'63c0     0x4  Data  Lc  fsl_sdmmc_event.o [1]
g_rtcXtalFreq           0x2001'622c     0x4  Data  Gb  fsl_clock.o [1]
g_serialHandle          0x2001'6254     0x4  Data  Gb  fsl_debug_console.o [1]
g_usdhcHandle           0x2001'63c8    0x28  Data  Gb  fsl_sdmmc_host.o [1]
g_xtalFreq              0x2001'6228     0x4  Data  Gb  fsl_clock.o [1]
garagein_L              0x8000'9295    0xa6  Code  Gb  image.o [1]
garagein_R              0x8000'934d    0xa6  Code  Gb  image.o [1]
garageout               0x2000'0144     0x1  Data  Gb  main.o [1]
garageout_dir           0x2001'6980     0x1  Data  Gb  main.o [1]
get_config              0x8000'aa27    0x66  Code  Gb  SEEKFREE_MT9V03X.o [1]
gpio_get                0x8000'c433    0x1e  Code  Gb  zf_gpio.o [1]
gpio_init               0x8000'c385    0x6c  Code  Gb  zf_gpio.o [1]
gpio_set                0x8000'c3f1    0x42  Code  Gb  zf_gpio.o [1]
gpio_toggle             0x8000'c451    0x1e  Code  Gb  zf_gpio.o [1]
gpt_init                0x8001'4061    0x36  Code  Gb  zf_systick.o [1]
gpt_init_flag           0x2001'6a24     0x1  Data  Lc  zf_systick.o [1]
image                   0x8000'6dc9    0x1c  Code  Gb  image.o [1]
image_ctrl              0x8000'8179   0x788  Code  Gb  image.o [1]
image_vector_table      0x7000'1000    0x20  Data  Gb  fsl_flexspi_nor_boot.o [1]
inflection_lowerL       0x2001'6864     0x4  Data  Gb  image.o [1]
inflection_lowerR       0x2001'686c     0x4  Data  Gb  image.o [1]
inflection_upL          0x2001'6860     0x4  Data  Gb  image.o [1]
inflection_upR          0x2001'6868     0x4  Data  Gb  image.o [1]
iomuxc_pinconf          0x8000'c509  0x694c  Code  Gb  zf_iomuxc.o [1]
island_time             0x2001'688b     0x1  Data  Gb  image.o [1]
judge_continuty         0x8000'7c43    0xb6  Code  Gb  image.o [1]
judge_image             0x8000'8919   0x394  Code  Gb  image.o [1]
key_scan                0x8000'988d    0x3e  Code  Gb  Interactive.o [1]
ldexp                   0x8001'541d          Code  Gb  ldexp.o [3]
ldexpl                  0x8001'541d          Code  Gb  ldexp.o [3]
left_border             0x2001'6420    0x78  Data  Gb  image.o [1]
lnbias                  0x8000'0400   0x420  Data  Lc  pow64.o [3]
m_boot_hdr_conf_start {Abs}
                        0x7000'0000          Data  Gb  <internal module>
main                    0x8000'a15f   0x3de  Code  Gb  main.o [1]
middle_line             0x2001'6510    0x78  Data  Gb  image.o [1]
middle_line_high        0x2000'0143     0x1  Data  Gb  image.o [1]
middle_line_peak        0x2000'0142     0x1  Data  Gb  image.o [1]
modf                    0x8001'49f1          Code  Gb  modf.o [3]
modfl                   0x8001'49f1          Code  Gb  modf.o [3]
mt9v03x_csi1_image      0x2000'0180  0x5820  Data  Gb  SEEKFREE_MT9V03X_CSI.o [1]
mt9v03x_csi2_image      0x2000'59c0  0x5820  Data  Gb  SEEKFREE_MT9V03X_CSI.o [1]
mt9v03x_csi_finish_flag
                        0x2001'69dc     0x1  Data  Gb  SEEKFREE_MT9V03X_CSI.o [1]
mt9v03x_csi_image       0x2001'699c     0x4  Data  Gb  SEEKFREE_MT9V03X_CSI.o [1]
mt9v03x_csi_init        0x8000'ab5b    0x98  Code  Gb  SEEKFREE_MT9V03X_CSI.o [1]
mt9v03x_image           0x2000'b1e0  0x5820  Data  Gb  SEEKFREE_MT9V03X.o [1]
mt9v03x_vsync           0x8000'aa8d    0x14  Code  Gb  SEEKFREE_MT9V03X.o [1]
my_abs_int              0x8000'6e3d     0xe  Code  Gb  image.o [1]
number_conversion_ascii
                        0x8000'b011    0x84  Code  Gb  SEEKFREE_PRINTF.o [1]
oled_6x8                0x8000'192c   0x228  Data  Gb  SEEKFREE_FONT.o [1]
oled_fill               0x8000'ae63    0x42  Code  Gb  SEEKFREE_OLED.o [1]
oled_init               0x8000'aced   0x118  Code  Gb  SEEKFREE_OLED.o [1]
oled_p6x8str            0x8000'aea5    0x78  Code  Gb  SEEKFREE_OLED.o [1]
oled_printf_float       0x8000'af1d    0xd6  Code  Gb  SEEKFREE_OLED.o [1]
oled_set_pos            0x8000'ae05    0x5e  Code  Gb  SEEKFREE_OLED.o [1]
oled_wrcmd              0x8000'ac91    0x5c  Code  Gb  SEEKFREE_OLED.o [1]
oled_wrdat              0x8000'ac35    0x5c  Code  Gb  SEEKFREE_OLED.o [1]
otsu_image              0x2001'0a04  0x5820  Data  Gb  Binarization.o [1]
pit_init                0x8001'301b    0x22  Code  Gb  zf_pit.o [1]
pit_interrupt           0x8001'303d    0x3e  Code  Gb  zf_pit.o [1]
pow                     0x8001'4ffd     0x4  Code  Gb  pow64.o [3]
powl                    0x8001'4ffd     0x4  Code  Gb  pow64.o [3]
printf_reverse_order    0x8000'b095    0x24  Code  Gb  SEEKFREE_PRINTF.o [1]
pwm_duty                0x8001'37d9    0x94  Code  Gb  zf_pwm.o [1]
pwm_init                0x8001'35e1   0x1f8  Code  Gb  zf_pwm.o [1]
pwm_iomuxc              0x8001'30d9   0x508  Code  Gb  zf_pwm.o [1]
qspiflash_config        0x7000'0000   0x200  Data  Gb  evkmimxrt1064_flexspi_nor_config.o [1]
qtimer_iomuxc           0x8001'38a9   0x628  Code  Gb  zf_qtimer.o [1]
qtimer_quad_clear       0x8001'3fa3    0x30  Code  Gb  zf_qtimer.o [1]
qtimer_quad_get         0x8001'3f73    0x30  Code  Gb  zf_qtimer.o [1]
qtimer_quad_init        0x8001'3ed1    0xa2  Code  Gb  zf_qtimer.o [1]
receive                 0x2001'6994     0x4  Data  Gb  SEEKFREE_MT9V03X.o [1]
receive_num             0x2001'6998     0x1  Data  Gb  SEEKFREE_MT9V03X.o [1]
regression_normal       0x8000'7715   0x360  Code  Gb  image.o [1]
right_border            0x2001'6498    0x78  Data  Gb  image.o [1]
s_EDMAHandle            0x2001'6258    0x80  Data  Lc  fsl_edma.o [1]
s_ENETHandle            0x2001'62d8     0xc  Data  Lc  fsl_enet.o [1]
s_FlexioCameraDevice    0x2001'69e8    0x1c  Data  Lc  zf_camera.o [1]
s_LpuartAdapterBase     0x8000'1908    0x24  Data  Lc  lpuart_adapter.o [1]
s_cdcVcom               0x2001'6a28    0x10  Data  Gb  zf_usb_cdc.o [1]
s_csiBases              0x8000'0a54     0x4  Data  Lc  fsl_csi.o [1]
s_csiClocks             0x8001'551e     0x2  Data  Lc  fsl_csi.o [1]
s_csiHandle             0x2001'6230     0x4  Data  Lc  fsl_csi.o [1]
s_csiIRQ                0x8001'5520     0x2  Data  Lc  fsl_csi.o [1]
s_csiIsr                0x2001'6234     0x4  Data  Lc  fsl_csi.o [1]
s_debugConsoleState     0x2001'6238    0x1c  Data  Lc  fsl_debug_console.o [1]
s_enetBases             0x8000'0c28     0xc  Data  Lc  fsl_enet.o [1]
s_enetErrIsr            0x2001'62ec     0x4  Data  Lc  fsl_enet.o [1]
s_enetRxIsr             0x2001'62e8     0x4  Data  Lc  fsl_enet.o [1]
s_enetTsIsr             0x2001'62f0     0x4  Data  Lc  fsl_enet.o [1]
s_enetTxIsr             0x2001'62e4     0x4  Data  Lc  fsl_enet.o [1]
s_flexcanHandle         0x2001'62f4    0x10  Data  Lc  fsl_flexcan.o [1]
s_flexcanIsr            0x2001'6304     0x4  Data  Lc  fsl_flexcan.o [1]
s_flexioHandle          0x2001'6308     0x8  Data  Lc  fsl_flexio.o [1]
s_flexioIsr             0x2001'6318     0x8  Data  Lc  fsl_flexio.o [1]
s_flexioType            0x2001'6310     0x8  Data  Lc  fsl_flexio.o [1]
s_gpioBases             0x8000'0ddc    0x28  Data  Lc  fsl_gpio.o [1]
s_gpioClock             0x8000'0e04     0xc  Data  Lc  fsl_gpio.o [1]
s_gptBases              0x8000'0f94     0xc  Data  Lc  fsl_gpt.o [1]
s_gptClocks             0x8000'0fa0     0x8  Data  Lc  fsl_gpt.o [1]
s_lpi2cMasterHandle     0x2001'6324    0x14  Data  Lc  fsl_lpi2c.o [1]
s_lpi2cMasterIsr        0x2001'6320     0x4  Data  Lc  fsl_lpi2c.o [1]
s_lpi2cSlaveHandle      0x2001'633c    0x14  Data  Lc  fsl_lpi2c.o [1]
s_lpi2cSlaveIsr         0x2001'6338     0x4  Data  Lc  fsl_lpi2c.o [1]
s_lpspiHandle           0x2001'6350    0x14  Data  Lc  fsl_lpspi.o [1]
s_lpspiMasterIsr        0x2001'6364     0x4  Data  Lc  fsl_lpspi.o [1]
s_lpspiSlaveIsr         0x2001'6368     0x4  Data  Lc  fsl_lpspi.o [1]
s_lpuartBases           0x8000'11e0    0x24  Data  Lc  fsl_lpuart.o [1]
s_lpuartClock           0x8000'1218    0x14  Data  Lc  fsl_lpuart.o [1]
s_lpuartHandle          0x2001'636c    0x24  Data  Lc  fsl_lpuart.o [1]
s_lpuartIRQ             0x8000'1204    0x14  Data  Lc  fsl_lpuart.o [1]
s_lpuartIsr             0x2001'6390     0x4  Data  Lc  fsl_lpuart.o [1]
s_pitBases              0x8000'1330     0x4  Data  Lc  fsl_pit.o [1]
s_pitClocks             0x8001'5522     0x2  Data  Lc  fsl_pit.o [1]
s_pwmBases              0x8000'14c4    0x14  Data  Lc  fsl_pwm.o [1]
s_pwmClocks             0x8000'14d8    0x28  Data  Lc  fsl_pwm.o [1]
s_qtmrBases             0x8000'1608    0x14  Data  Lc  fsl_qtmr.o [1]
s_qtmrClocks            0x8000'161c     0xc  Data  Lc  fsl_qtmr.o [1]
s_saiHandle             0x2001'6394    0x20  Data  Lc  fsl_sai.o [1]
s_saiRxIsr              0x2001'63b8     0x4  Data  Lc  fsl_sai.o [1]
s_saiTxIsr              0x2001'63b4     0x4  Data  Lc  fsl_sai.o [1]
s_sdInsertedFlag        0x2001'63f0     0x1  Data  Lc  fsl_sdmmc_host.o [1]
s_spdifHandle           0x2001'63f4     0x8  Data  Lc  fsl_spdif.o [1]
s_spdifRxIsr            0x2001'6400     0x4  Data  Lc  fsl_spdif.o [1]
s_spdifTxIsr            0x2001'63fc     0x4  Data  Lc  fsl_spdif.o [1]
s_usdhcBase             0x8000'172c     0xc  Data  Lc  fsl_usdhc.o [1]
s_usdhcHandle           0x2001'6404     0xc  Data  Lc  fsl_usdhc.o [1]
s_usdhcIsr              0x2001'6410     0x4  Data  Lc  fsl_usdhc.o [1]
scalbln                 0x8001'541d          Code  Gb  ldexp.o [3]
scalblnl                0x8001'541d          Code  Gb  ldexp.o [3]
scalbn                  0x8001'541d          Code  Gb  ldexp.o [3]
scalbnl                 0x8001'541d          Code  Gb  ldexp.o [3]
scan_line_base          0x8000'6f39   0x2f2  Code  Gb  image.o [1]
scan_line_simple        0x8000'722b   0x266  Code  Gb  image.o [1]
scc8660_flexio1_image   0x2020'0000  0x9600  Data  Gb  SEEKFREE_SCC8660.o [1]
scc8660_flexio2_image   0x2020'9600  0x9600  Data  Gb  SEEKFREE_SCC8660.o [1]
scc8660_image           0x2001'69e0     0x4  Data  Gb  SEEKFREE_SCC8660.o [1]
scc8660_vsync           0x8000'b3f5    0x2e  Code  Gb  SEEKFREE_SCC8660.o [1]
set_config              0x8000'a9a9    0x7e  Code  Gb  SEEKFREE_MT9V03X.o [1]
set_pixel               0x8000'6de5    0x58  Code  Gb  image.o [1]
speed                   0x2000'0128     0x4  Data  Gb  Motor.o [1]
speed_error             0x2001'6990     0x4  Data  Gb  Motor.o [1]
stayguy                 0x8000'7a85   0x1be  Code  Gb  image.o [1]
stop_car                0x8000'a8f9    0x48  Code  Gb  Motor.o [1]
strlen                  0x8001'4909          Code  Gb  strlen.o [4]
systick_delay           0x8001'4097    0x36  Code  Gb  zf_systick.o [1]
systick_delay_ms        0x8001'40cd    0x24  Code  Gb  zf_systick.o [1]
throw_line_end_L        0x2001'66f3     0x1  Data  Gb  image.o [1]
throw_line_end_R        0x2001'66f5     0x1  Data  Gb  image.o [1]
throw_line_num_L        0x2001'66f0     0x1  Data  Gb  image.o [1]
throw_line_num_R        0x2001'66f1     0x1  Data  Gb  image.o [1]
throw_line_start_L      0x2001'66f2     0x1  Data  Gb  image.o [1]
throw_line_start_R      0x2001'66f4     0x1  Data  Gb  image.o [1]
time                    0x2001'6890     0x4  Data  Gb  isr.o [1]
track_width             0x2001'6588    0x78  Data  Gb  image.o [1]
track_width_normal      0x2000'0000    0x50  Data  Gb  image.o [1]
uart_init               0x8001'4453    0x6e  Code  Gb  zf_uart.o [1]
uart_iomuxc             0x8001'4105   0x34e  Code  Gb  zf_uart.o [1]
uart_putbuff            0x8001'44c1    0x1c  Code  Gb  zf_uart.o [1]
uart_receive_flag       0x2001'6999     0x1  Data  Gb  SEEKFREE_MT9V03X.o [1]
uart_rx_irq             0x8001'44dd    0x36  Code  Gb  zf_uart.o [1]
uart_set_handle         0x8001'4513    0x3c  Code  Gb  zf_uart.o [1]
zf_sprintf              0x8000'b0b9   0x316  Code  Gb  SEEKFREE_PRINTF.o [1]


[1] = C:\Users\Sugar-lxn\Desktop\SIC_zongzuanfen\Project\IAR\program\nor_sdram_zf_dtcm\Obj
[2] = dl7M_tln.a
[3] = m7M_tlv.a
[4] = rt7M_tl.a
[5] = shb_l.a

    1 288 bytes of readonly  code memory
   79 718 bytes of readwrite code memory
   52 129 bytes of readonly  data memory
  181 076 bytes of readwrite data memory

Errors: none
Warnings: none
